******************************************************************************
              TMS320C55x Linker PC v4.4.1                      
******************************************************************************
>> Linked Thu Mar 29 16:12:52 2018

OUTPUT FILE NAME:   <EQ.out>
ENTRY POINT SYMBOL: "_c_int00"  address: 00028526


MEMORY CONFIGURATION

         name            origin    length      used     unused   attr    fill
                        (bytes)   (bytes)    (bytes)   (bytes)
----------------------  --------  ---------  --------  --------  ----  --------
PAGE 0:
  MMR                   00000000   000000c0  00000000  000000c0  RWIX
  DARAM0                000000c0   0000ff40  00006704  0000983c  RWIX
  SARAM0                00010000   00010000  00000000  00010000  RWIX
  SARAM1                00020000   00020000  00008659  000179a7  RWIX
  SARAM2                00040000   0000fe00  0000039c  0000fa64  RWIX
  VECS                  0004fe00   00000200  00000200  00000000  RWIX
  PDROM                 00ff8000   00008000  00000000  00008000  R IX

PAGE 2:
  IOPORT                00000000   00020000  00000000  00020000  RWI 


SECTION ALLOCATION MAP
(Addresses surrounded by []'s are displayed for convenience only!)

output                                                          attributes/
section   page  orgn(bytes) orgn(words) len(bytes) len(words)   input sections
--------  ----  ----------- ----------- ---------- ----------   --------------
.pinit       0   [ 00040000 ]  00020000          *   00000000   UNINITIALIZED

.stack       0   [ 000000c0 ]  00000060          *   00001000   UNINITIALIZED
                 [ 000000c0 ]  00000060          *   00001000   --HOLE--

.data        0   [ 000000c0 ]  00000060          *   00000000   UNINITIALIZED

.sysstack 
*            0   [ 000020c0 ]  00001060          *   00000800   UNINITIALIZED
                 [ 000020c0 ]  00001060          *   00000800   --HOLE--

.sysmem      0   [ 000030c0 ]  00001860          *   00001000   UNINITIALIZED
                 [ 000030c0 ]  00001860          *   00001000   --HOLE--

.bss.1       0   [ 000050c0 ]  00002860          *   0000081f   UNINITIALIZED
                 [ 000050c0 ]  00002860          *   00000408   ezdsp5535_aic3204_dma.obj (.bss)
                 [ 000058d0 ]  00002c68          *   00000119   rts55x.lib : defs.obj (.bss)
                 [ 00005b02 ]  00002d81          *   00000002   aic3204.obj (.bss)
                 [ 00005b06 ]  00002d83          *   00000001   rts55x.lib : fopen.obj (.bss)
                 [ 00005b08 ]  00002d84          *   0000010c   main.obj (.bss)
                 [ 00005d20 ]  00002e90          *   000000d0   rts55x.lib : trgdrv.obj (.bss)
                 [ 00005ec0 ]  00002f60          *   00000084   cslVC5505.lib : csl_intc.obj (.bss)
                 [ 00005fc8 ]  00002fe4          *   00000071   rts55x.lib : lowlev.obj (.bss)
                 [ 000060aa ]  00003055          *   0000002a   cslVC5505.lib : csl_i2s.obj (.bss)

.bss.2       0   [ 00006100 ]  00003080          *   0000002e   UNINITIALIZED
                 [ 00006100 ]  00003080          *   00000012   cslVC5505.lib : csl_i2c.obj (.bss)
                 [ 00006124 ]  00003092          *   00000008   ezdsp5535bsl.lib : ezdsp5535_sar.obj (.bss)
                 [ 00006134 ]  0000309a          *   00000006   rts55x.lib : memory.obj (.bss)
                 [ 00006140 ]  000030a0          *   00000004   ezdsp5535bsl.lib : ezdsp5535_gpio.obj (.bss)
                 [ 00006148 ]  000030a4          *   00000004   rts55x.lib : _lock.obj (.bss)
                 [ 00006150 ]  000030a8          *   00000004              : exit.obj (.bss)
                 [ 00006158 ]  000030ac          *   00000002   ezdsp5535bsl.lib : ezdsp5535_i2s.obj (.bss)

.const.1     0   [ 0000615c ]  000030ae          *   00000319   
                 [ 0000615c ]  000030ae          *   00000174   aic3204_init.obj (.const:.string)
                 [ 00006444 ]  00003222          *   00000101   rts55x.lib : ctype.obj (.const:__ctypes_)
                 [ 00006646 ]  00003323          *   00000060   print_number.obj (.const:_consolas_8ptBitmaps)
                 [ 00006706 ]  00003383          *   00000001   print_number.obj (.const)
                 [ 00006708 ]  00003384          *   00000024   rts55x.lib : _printfi.obj (.const:.string)
                 [ 00006750 ]  000033a8          *   0000001f   main.obj (.const:.string)

.const.2     0   [ 00006790 ]  000033c8          *   0000001c   
                 [ 00006790 ]  000033c8          *   0000000c   rts55x.lib : _printfi.obj (.const)
                 [ 000067a8 ]  000033d4          *   00000008              : divd.obj (.const:_initial_approx$1)
                 [ 000067b8 ]  000033dc          *   00000004   processing.obj (.const)
                 [ 000067c0 ]  000033e0          *   00000002   rts55x.lib : fputs.obj (.const:.string)
                 [ 000067c4 ]  000033e2          *   00000002              : fltlid.obj (.const)

.text        0     00020000  [ 00010000 ] 00008659          *   
                   00020000  [ 00010000 ] 000015a4          *   rts55x.lib : _printfi.obj (.text)
                   000215a4  [ 00010ad2 ] 00000c3c          *   cslVC5505.lib : csl_i2c.obj (.text)
                   000221e0  [ 000110f0 ] 00000b18          *                 : csl_sar.obj (.text)
                   00022cf8  [ 0001167c ] 000009f3          *                 : csl_i2s.obj (.text)
                   000236eb  [ 00011b75+] 0000068d          *                 : csl_gpio.obj (.text)
                   00023d78  [ 00011ebc ] 000005b5          *   aic3204_init.obj (.text)
                   0002432d  [ 00012196+] 00000554          *   cslVC5505.lib : csl_intc.obj (.text)
                   00024881  [ 00012440+] 00000543          *   rts55x.lib : lowlev.obj (.text)
                   00024dc4  [ 000126e2 ] 00000528          *              : trgdrv.obj (.text)
                   000252ec  [ 00012976 ] 000004b5          *              : memory.obj (.text)
                   000257a1  [ 00012bd0+] 000003cc          *              : divd.obj (.text)
                   00025b6d  [ 00012db6+] 0000031b          *   ezdsp5535_aic3204_dma.obj (.text)
                   00025e88  [ 00012f44 ] 000002d2          *   print_number.obj (.text)
                   0002615a  [ 000130ad ] 0000027f          *   rts55x.lib : fopen.obj (.text)
                   000263d9  [ 000131ec+] 0000025e          *              : llmpy.obj (.text)
                   00026637  [ 0001331b+] 0000025a          *              : addd.obj (.text)
                   00026891  [ 00013448+] 00000222          *   processing.obj (.text)
                   00026ab3  [ 00013559+] 000001ea          *   rts55x.lib : cmpd.obj (.text)
                   00026c9d  [ 0001364e+] 000001db          *   main.obj (.text)
                   00026e78  [ 0001373c ] 00000192          *   ezdsp5535bsl.lib : ezdsp5535_lcd.obj (.text)
                   0002700a  [ 00013805 ] 0000017a          *                    : ezdsp5535_sar.obj (.text)
                   00027184  [ 000138c2 ] 00000163          *   rts55x.lib : fputs.obj (.text)
                   000272e7  [ 00013973+] 0000014c          *              : mpyd.obj (.text)
                   00027433  [ 00013a19+] 00000120          *   iir.obj (.text)
                   00027553  [ 00013aa9+] 00000107          *   ezdsp5535bsl.lib : ezdsp5535_i2s.obj (.text)
                   0002765a  [ 00013b2d ] 000000e6          *   rts55x.lib : setvbuf.obj (.text)
                   00027740  [ 00013ba0 ] 000000dd          *              : _io_perm.obj (.text)
                   0002781d  [ 00013c0e+] 000000cc          *   ezdsp5535_aic3204_dma.obj (.text:retain)
                   000278e9  [ 00013c74+] 000000c3          *   aic3204.obj (.text)
                   000279ac  [ 00013cd6 ] 000000c2          *   rts55x.lib : fflush.obj (.text)
                   00027a6e  [ 00013d37 ] 000000ba          *              : trgmsg.obj (.text:CIO_breakpoint)
                   00027b28  [ 00013d94 ] 000000a6          *              : fputc.obj (.text)
                   00027bce  [ 00013de7 ] 000000a1          *              : divul.obj (.text)
                   00027c6f  [ 00013e37+] 0000008e          *   ezdsp5535bsl.lib : ezdsp5535_i2c.obj (.text)
                   00027cfd  [ 00013e7e+] 0000008c          *   cslVC5505.lib : csl_irqplug.obj (.text)
                   00027d89  [ 00013ec4+] 00000087          *   ezdsp5535bsl.lib : ezdsp5535_gpio.obj (.text)
                   00027e10  [ 00013f08 ] 0000007d          *   rts55x.lib : ltoa.obj (.text)
                   00027e8d  [ 00013f46+] 0000007b          *              : fclose.obj (.text)
                   00027f08  [ 00013f84 ] 00000076          *              : frcmpyd.obj (.text)
                   00027f7e  [ 00013fbf ] 00000073          *              : frcmpyd_div.obj (.text)
                   00027ff1  [ 00013ff8+] 00000072          *              : remul.obj (.text)
                   00028063  [ 00014031+] 0000006f          *              : fixdli.obj (.text)
                   000280d2  [ 00014069 ] 0000006d          *   cslVC5505.lib : vectors.obj (.text)
                   0002813f  [ 0001409f+] 0000006d          *   rts55x.lib : trgmsg.obj (.text)
                   000281ac  [ 000140d6 ] 0000006b          *              : fseek.obj (.text)
                   00028217  [ 0001410b+] 00000067          *              : fltlid.obj (.text)
                   0002827e  [ 0001413f ] 0000005c          *              : atoi.obj (.text)
                   000282da  [ 0001416d ] 00000054          *   ezdsp5535bsl.lib : ezdsp5535.obj (.text)
                   0002832e  [ 00014197 ] 00000050          *   rts55x.lib : printf.obj (.text)
                   0002837e  [ 000141bf ] 0000004d          *              : autoinit.obj (.text)
                   000283cb  [ 000141e5+] 0000004b          *              : args_main.obj (.text)
                   00028416  [ 0001420b ] 0000004b          *              : remli.obj (.text)
                   00028461  [ 00014230+] 00000048          *              : divli.obj (.text)
                   000284a9  [ 00014254+] 0000003f          *              : memcpy.obj (.text)
                   000284e8  [ 00014274 ] 0000003e          *              : exit.obj (.text)
                   00028526  [ 00014293 ] 00000034          *              : boot.obj (.text)
                   0002855a  [ 000142ad ] 0000002a          *              : fixdi.obj (.text)
                   00028584  [ 000142c2 ] 0000002a          *              : udiv.obj (.text)
                   000285ae  [ 000142d7 ] 00000023          *              : memccpy.obj (.text)
                   000285d1  [ 000142e8+] 0000001a          *              : isinf.obj (.text)
                   000285eb  [ 000142f5+] 00000014          *              : subd.obj (.text)
                   000285ff  [ 000142ff+] 00000013          *              : lmpy.obj (.text)
                   00028612  [ 00014309 ] 00000012          *              : _lock.obj (.text)
                   00028624  [ 00014312 ] 00000011          *              : memset.obj (.text)
                   00028635  [ 0001431a+] 00000010          *              : negd.obj (.text)
                   00028645  [ 00014322+] 0000000a          *              : remove.obj (.text)
                   0002864f  [ 00014327+] 00000007          *              : exit.obj (.text:CIO_breakpoint)
                   00028656  [ 0001432b ] 00000002          *              : vectors.obj (.text)
                   00028658  [ 0001432c ] 00000001          *   --HOLE-- [fill = 20]

.cio         0   [ 00040000 ]  00020000          *   00000120   UNINITIALIZED
                 [ 00040000 ]  00020000          *   00000120   rts55x.lib : trgmsg.obj (.cio)

.cinit       0   [ 00040240 ]  00020120          *   0000009a   
                 [ 00040240 ]  00020120          *   0000002d   rts55x.lib : lowlev.obj (.cinit)
                 [ 0004029a ]  0002014d          *   0000002a              : defs.obj (.cinit)
                 [ 000402ee ]  00020177          *   00000012   main.obj (.cinit)
                 [ 00040312 ]  00020189          *   0000000c   ezdsp5535bsl.lib : ezdsp5535_sar.obj (.cinit)
                 [ 0004032a ]  00020195          *   0000000a   rts55x.lib : _lock.obj (.cinit)
                 [ 0004033e ]  0002019f          *   0000000a              : exit.obj (.cinit)
                 [ 00040352 ]  000201a9          *   00000008   cslVC5505.lib : csl_i2s.obj (.cinit)
                 [ 00040362 ]  000201b1          *   00000004   rts55x.lib : fopen.obj (.cinit)
                 [ 0004036a ]  000201b5          *   00000004              : memory.obj (.cinit)
                 [ 00040372 ]  000201b9          *   00000001   --HOLE-- [fill = 0]

.switch      0   [ 00040374 ]  000201ba          *   00000014   
                 [ 00040374 ]  000201ba          *   00000014   print_number.obj (.switch:_printChar)

vectors      0     0004fe00  [ 00027f00 ] 00000200          *   
                   0004fe00  [ 00027f00 ] 00000100          *   cslVC5505.lib : vectors.obj (vectors)
                   0004ff00  [ 00027f80 ] 00000100          *   rts55x.lib : vectors.obj (vectors)


GLOBAL SYMBOLS: SORTED ALPHABETICALLY BY Name 

abs. value/
byte addr   word addr   name
---------   ---------   ----
00000002                $TI_capability$C5500$CallingConvention
00000002                $TI_capability$C5500$MemoryModel
00000001                $TI_capability_requires_rev3
ffffffff                .bss
ffffffff                .data
ffffffff                .text
00028650                C$$EXIT
00027b23                C$$IO$$
000285ff                I$$LMPY
00028584                I$$UDIV
00028599                I$$UMOD
0004fe00                RST
000278e9                _AIC3204_rget
00027934                _AIC3204_rset
            00002868    _DMA_InputL
            00002968    _DMA_InputR
            00002a68    _DMA_OutputL
            00002b68    _DMA_OutputR
00027df2                _EZDSP5535_GPIO_getInput
00027d89                _EZDSP5535_GPIO_init
00027db4                _EZDSP5535_GPIO_setDirection
00027dd8                _EZDSP5535_GPIO_setOutput
00027c6f                _EZDSP5535_I2C_init
00027cd5                _EZDSP5535_I2C_read
00027ca4                _EZDSP5535_I2C_reset
00027caf                _EZDSP5535_I2C_write
00027648                _EZDSP5535_I2S_close
00027553                _EZDSP5535_I2S_init
000275ac                _EZDSP5535_I2S_readLeft
0002760b                _EZDSP5535_I2S_readRight
000275de                _EZDSP5535_I2S_writeLeft
0002762c                _EZDSP5535_I2S_writeRight
00026eeb                _EZDSP5535_OSD9616_init
00026ea0                _EZDSP5535_OSD9616_multiSend
00026fcd                _EZDSP5535_OSD9616_printLetter
00026e78                _EZDSP5535_OSD9616_send
000270d0                _EZDSP5535_SAR_getKey
0002700a                _EZDSP5535_SAR_init
00028320                _EZDSP5535_init
000282da                _EZDSP5535_wait
0002830e                _EZDSP5535_waitusec
00023bd6                _GPIO_clearInt
0002372f                _GPIO_close
00023753                _GPIO_config
00023986                _GPIO_configBit
00023ace                _GPIO_disableInt
00023b4c                _GPIO_enableInt
000237d8                _GPIO_getConfig
000236eb                _GPIO_open
00023860                _GPIO_read
00023ce9                _GPIO_reset
00023c62                _GPIO_statusBit
000238e3                _GPIO_write
            000030a0    _GpioObj
0002528e                _HOSTclock
00025223                _HOSTclose
0002516e                _HOSTlseek
000250cf                _HOSTopen
00025042                _HOSTread
00024f94                _HOSTrename
00024f36                _HOSTtime
00024ecc                _HOSTunlink
00024e3f                _HOSTwrite
0002164d                _I2C_config
00022018                _I2C_eventDisable
00021ee4                _I2C_eventEnable
000217b2                _I2C_getConfig
000221c4                _I2C_getEventId
000215a4                _I2C_init
00021cc6                _I2C_read
00022137                _I2C_setCallback
00021888                _I2C_setup
00021a82                _I2C_write
0002312d                _I2S_close
00022cf8                _I2S_open
000231df                _I2S_read
000235ef                _I2S_reset
00022e3f                _I2S_setup
000236a0                _I2S_transEnable
00023499                _I2S_write
000243c7                _IRQ_clear
00024431                _IRQ_clearAll
00024441                _IRQ_config
00024567                _IRQ_disable
000245e5                _IRQ_disableAll
000245f3                _IRQ_enable
000246ed                _IRQ_getArg
000244d4                _IRQ_getConfig
0002483b                _IRQ_globalDisable
00024854                _IRQ_globalEnable
0002486d                _IRQ_globalRestore
0002432d                _IRQ_init
00024766                _IRQ_map
00027cfd                _IRQ_plug
0002467d                _IRQ_restore
00024733                _IRQ_setArg
00024798                _IRQ_setVecs
000247c9                _IRQ_test
0004ff00                _Reset
00022763                _SAR_A2DMeasParamSet
00022bdd                _SAR_GPODirSet
000222da                _SAR_chanClose
0002235e                _SAR_chanConfig
0002265a                _SAR_chanCycSet
0002225d                _SAR_chanInit
00022278                _SAR_chanOpen
00022446                _SAR_chanSetup
0002223d                _SAR_deInit
000223d4                _SAR_getConfig
00022cb9                _SAR_getStatus
000221e0                _SAR_init
00022722                _SAR_readData
000226a9                _SAR_startConversion
000226db                _SAR_stopConversion
            00003096    _SarHandle
            00003092    _SarObj
0004fe00                _VECSTART
            00020000    __CIOBUF_
000242d4                __I2S_init
            00001060    __STACK_END
00002000                __STACK_SIZE
00002000                __SYSMEM_SIZE
00001000                __SYSSTACK_SIZE
00000001                __TI_args_main
ffffffff                ___binit__
ffffffff                ___bss__
ffffffff                ___c_args__
            00020120    ___cinit__
ffffffff                ___data__
ffffffff                ___edata__
ffffffff                ___end__
ffffffff                ___etext__
000285d1                ___isinf
ffffffff                ___pinit__
ffffffff                ___text__
00026637                __addd
000283cb                __args_main
0002627b                __cleanup
            000030a8    __cleanup_ptr
00026c45                __cmpd
            00003222    __ctypes_
000257a1                __divd
00028461                __divli
00026602                __divlli
00028584                __divu
00027bce                __divul
0002650e                __divull
000279ac                __doflush
            000030aa    __dtors_ptr
00026c11                __eqld
0002855a                __fixdi
00028063                __fixdli
00028217                __fltlid
00027f08                __frcmpyd
00027f7e                __frcmpyd_div
            00002d80    __ft_end
            00002c68    __ftable
00026bc7                __geqd
00026b7c                __gtrd
00026b2f                __leqd
            000030a4    __lock
00026ae7                __lssd
000272e7                __mpyd
000285ff                __mpyli
00026456                __mpylli
00028635                __negd
00026ab3                __neqd
00028622                __nop
00021362                __printfi
000277c0                __rd_ok
0002861a                __register_lock
00028612                __register_unlock
00028416                __remli
00026427                __remlli
00028599                __remu
00027ff1                __remul
000263d9                __remull
            00000060    __stack
000285eb                __subd
            00001860    __sys_memory
            00001060    __sysstack
            00002ce0    __tmpnams
            000030a6    __unlock
00027740                __wrt_ok
0002864f                _abort
00024cd4                _add_device
00027981                _aic3204_codec_read
00027998                _aic3204_codec_write
00027970                _aic3204_disable
00025b6d                _aic3204_dma_init
0002795e                _aic3204_hardware_init
00023d78                _aic3204_init
00025cf8                _aic3204_read_block
00025dad                _aic3204_write_block
            00002e84    _alpha
0002827e                _atoi
0002837e                _auto_init
            00002e8c    _beta
00028526                _c_int00
000268d8                _calculatePeekCoeff
00026891                _calculateShelvingCoeff
0002577b                _calloc
00025773                _chkheap
00025f26                _clearLCD
00024c61                _close
            00003323    _consolas_8ptBitmaps
            00002d81    _counter1
            00002d82    _counter2
000284e8                _exit
00027e8d                _fclose
00027a15                _fflush
00024c58                _find_registered_device
00027433                _first_order_IIR
0002639e                _fopen
00027b28                _fputc
00027184                _fputs
000252ec                _free
0002571d                _free_memory
000262d5                _freopen
            0000307d    _fsError
000281ac                _fseek
            00003080    _gI2cObj
00024dc4                _getenv
            000030a2    _hGpio
            000030ac    _hI2s
            00003090    _i2cHandle
00025e88                _initPrintNumber
            00003098    _keyCnt1
            00003099    _keyCnt2
00024bf2                _lseek
00027e10                _ltoa
00026c9d                _main
0002541d                _malloc
000256c3                _max_free
000285ae                _memccpy
000284a9                _memcpy
00028624                _memset
000253b8                _minit
00024b33                _open
            0000307e    _ouError
            00003095    _preKey
00025ff4                _printChar
0002832e                _printf
00027b28                _putc
00027bbf                _putchar
000272b9                _puts
00024a85                _read
0002813f                _readmsg
00025512                _realloc
00028645                _remove
00024a4f                _remove_device
000249f6                _rename
            00002d84    _sampleBufferL
            00002e04    _sampleBufferR
0002749a                _second_order_IIR
00025fd2                _setWritePointerToFirstChar
00023f69                _set_sampling_frequency_and_gain
0002765a                _setvbuf
0002698c                _shelvingHP
000269d3                _shelvingLP
00026a6c                _shelvingPeek
            00003383    _sign_width
000249c3                _unlink
00024881                _write
00027a6e                _writemsg
ffffffff                binit
            00020120    cinit
ffffffff                edata
ffffffff                end
ffffffff                etext
ffffffff                pinit


GLOBAL SYMBOLS: SORTED BY Symbol Address 

abs. value/
byte addr   word addr   name
---------   ---------   ----
00000001                $TI_capability_requires_rev3
00000001                __TI_args_main
00000002                $TI_capability$C5500$CallingConvention
00000002                $TI_capability$C5500$MemoryModel
            00000060    __stack
00001000                __SYSSTACK_SIZE
00002000                __STACK_SIZE
00002000                __SYSMEM_SIZE
            00001060    __STACK_END
            00001060    __sysstack
            00001860    __sys_memory
            00002868    _DMA_InputL
            00002968    _DMA_InputR
            00002a68    _DMA_OutputL
            00002b68    _DMA_OutputR
            00002c68    __ftable
            00002ce0    __tmpnams
            00002d80    __ft_end
            00002d81    _counter1
            00002d82    _counter2
            00002d84    _sampleBufferL
            00002e04    _sampleBufferR
            00002e84    _alpha
            00002e8c    _beta
            0000307d    _fsError
            0000307e    _ouError
            00003080    _gI2cObj
            00003090    _i2cHandle
            00003092    _SarObj
            00003095    _preKey
            00003096    _SarHandle
            00003098    _keyCnt1
            00003099    _keyCnt2
            000030a0    _GpioObj
            000030a2    _hGpio
            000030a4    __lock
            000030a6    __unlock
            000030a8    __cleanup_ptr
            000030aa    __dtors_ptr
            000030ac    _hI2s
            00003222    __ctypes_
            00003323    _consolas_8ptBitmaps
            00003383    _sign_width
00021362                __printfi
000215a4                _I2C_init
0002164d                _I2C_config
000217b2                _I2C_getConfig
00021888                _I2C_setup
00021a82                _I2C_write
00021cc6                _I2C_read
00021ee4                _I2C_eventEnable
00022018                _I2C_eventDisable
00022137                _I2C_setCallback
000221c4                _I2C_getEventId
000221e0                _SAR_init
0002223d                _SAR_deInit
0002225d                _SAR_chanInit
00022278                _SAR_chanOpen
000222da                _SAR_chanClose
0002235e                _SAR_chanConfig
000223d4                _SAR_getConfig
00022446                _SAR_chanSetup
0002265a                _SAR_chanCycSet
000226a9                _SAR_startConversion
000226db                _SAR_stopConversion
00022722                _SAR_readData
00022763                _SAR_A2DMeasParamSet
00022bdd                _SAR_GPODirSet
00022cb9                _SAR_getStatus
00022cf8                _I2S_open
00022e3f                _I2S_setup
0002312d                _I2S_close
000231df                _I2S_read
00023499                _I2S_write
000235ef                _I2S_reset
000236a0                _I2S_transEnable
000236eb                _GPIO_open
0002372f                _GPIO_close
00023753                _GPIO_config
000237d8                _GPIO_getConfig
00023860                _GPIO_read
000238e3                _GPIO_write
00023986                _GPIO_configBit
00023ace                _GPIO_disableInt
00023b4c                _GPIO_enableInt
00023bd6                _GPIO_clearInt
00023c62                _GPIO_statusBit
00023ce9                _GPIO_reset
00023d78                _aic3204_init
00023f69                _set_sampling_frequency_and_gain
000242d4                __I2S_init
0002432d                _IRQ_init
000243c7                _IRQ_clear
00024431                _IRQ_clearAll
00024441                _IRQ_config
000244d4                _IRQ_getConfig
00024567                _IRQ_disable
000245e5                _IRQ_disableAll
000245f3                _IRQ_enable
0002467d                _IRQ_restore
000246ed                _IRQ_getArg
00024733                _IRQ_setArg
00024766                _IRQ_map
00024798                _IRQ_setVecs
000247c9                _IRQ_test
0002483b                _IRQ_globalDisable
00024854                _IRQ_globalEnable
0002486d                _IRQ_globalRestore
00024881                _write
000249c3                _unlink
000249f6                _rename
00024a4f                _remove_device
00024a85                _read
00024b33                _open
00024bf2                _lseek
00024c58                _find_registered_device
00024c61                _close
00024cd4                _add_device
00024dc4                _getenv
00024e3f                _HOSTwrite
00024ecc                _HOSTunlink
00024f36                _HOSTtime
00024f94                _HOSTrename
00025042                _HOSTread
000250cf                _HOSTopen
0002516e                _HOSTlseek
00025223                _HOSTclose
0002528e                _HOSTclock
000252ec                _free
000253b8                _minit
0002541d                _malloc
00025512                _realloc
000256c3                _max_free
0002571d                _free_memory
00025773                _chkheap
0002577b                _calloc
000257a1                __divd
00025b6d                _aic3204_dma_init
00025cf8                _aic3204_read_block
00025dad                _aic3204_write_block
00025e88                _initPrintNumber
00025f26                _clearLCD
00025fd2                _setWritePointerToFirstChar
00025ff4                _printChar
0002627b                __cleanup
000262d5                _freopen
0002639e                _fopen
000263d9                __remull
00026427                __remlli
00026456                __mpylli
0002650e                __divull
00026602                __divlli
00026637                __addd
00026891                _calculateShelvingCoeff
000268d8                _calculatePeekCoeff
0002698c                _shelvingHP
000269d3                _shelvingLP
00026a6c                _shelvingPeek
00026ab3                __neqd
00026ae7                __lssd
00026b2f                __leqd
00026b7c                __gtrd
00026bc7                __geqd
00026c11                __eqld
00026c45                __cmpd
00026c9d                _main
00026e78                _EZDSP5535_OSD9616_send
00026ea0                _EZDSP5535_OSD9616_multiSend
00026eeb                _EZDSP5535_OSD9616_init
00026fcd                _EZDSP5535_OSD9616_printLetter
0002700a                _EZDSP5535_SAR_init
000270d0                _EZDSP5535_SAR_getKey
00027184                _fputs
000272b9                _puts
000272e7                __mpyd
00027433                _first_order_IIR
0002749a                _second_order_IIR
00027553                _EZDSP5535_I2S_init
000275ac                _EZDSP5535_I2S_readLeft
000275de                _EZDSP5535_I2S_writeLeft
0002760b                _EZDSP5535_I2S_readRight
0002762c                _EZDSP5535_I2S_writeRight
00027648                _EZDSP5535_I2S_close
0002765a                _setvbuf
00027740                __wrt_ok
000277c0                __rd_ok
000278e9                _AIC3204_rget
00027934                _AIC3204_rset
0002795e                _aic3204_hardware_init
00027970                _aic3204_disable
00027981                _aic3204_codec_read
00027998                _aic3204_codec_write
000279ac                __doflush
00027a15                _fflush
00027a6e                _writemsg
00027b23                C$$IO$$
00027b28                _fputc
00027b28                _putc
00027bbf                _putchar
00027bce                __divul
00027c6f                _EZDSP5535_I2C_init
00027ca4                _EZDSP5535_I2C_reset
00027caf                _EZDSP5535_I2C_write
00027cd5                _EZDSP5535_I2C_read
00027cfd                _IRQ_plug
00027d89                _EZDSP5535_GPIO_init
00027db4                _EZDSP5535_GPIO_setDirection
00027dd8                _EZDSP5535_GPIO_setOutput
00027df2                _EZDSP5535_GPIO_getInput
00027e10                _ltoa
00027e8d                _fclose
00027f08                __frcmpyd
00027f7e                __frcmpyd_div
00027ff1                __remul
00028063                __fixdli
0002813f                _readmsg
000281ac                _fseek
00028217                __fltlid
0002827e                _atoi
000282da                _EZDSP5535_wait
0002830e                _EZDSP5535_waitusec
00028320                _EZDSP5535_init
0002832e                _printf
0002837e                _auto_init
000283cb                __args_main
00028416                __remli
00028461                __divli
000284a9                _memcpy
000284e8                _exit
00028526                _c_int00
0002855a                __fixdi
00028584                I$$UDIV
00028584                __divu
00028599                I$$UMOD
00028599                __remu
000285ae                _memccpy
000285d1                ___isinf
000285eb                __subd
000285ff                I$$LMPY
000285ff                __mpyli
00028612                __register_unlock
0002861a                __register_lock
00028622                __nop
00028624                _memset
00028635                __negd
00028645                _remove
0002864f                _abort
00028650                C$$EXIT
            00020000    __CIOBUF_
            00020120    ___cinit__
            00020120    cinit
0004fe00                RST
0004fe00                _VECSTART
0004ff00                _Reset
ffffffff                .bss
ffffffff                .data
ffffffff                .text
ffffffff                ___binit__
ffffffff                ___bss__
ffffffff                ___c_args__
ffffffff                ___data__
ffffffff                ___edata__
ffffffff                ___end__
ffffffff                ___etext__
ffffffff                ___pinit__
ffffffff                ___text__
ffffffff                binit
ffffffff                edata
ffffffff                end
ffffffff                etext
ffffffff                pinit

[271 symbols]
