<?xml version="1.0"?>
<link_info>
   <banner>TMS320C55x Linker PC v4.4.1</banner>
   <copyright>Copyright (c) 1996-2012 Texas Instruments Incorporated</copyright>
   <link_time>0x5ac3977e</link_time>
   <output_file>EQ.out</output_file>
   <entry_point>
      <name>_c_int00</name>
      <address>0x2865a</address>
   </entry_point>
   <input_file_list>
      <input_file id="fl-2">
         <path>.\</path>
         <kind>object</kind>
         <file>aic3204.obj</file>
         <name>aic3204.obj</name>
      </input_file>
      <input_file id="fl-3">
         <path>.\</path>
         <kind>object</kind>
         <file>aic3204_init.obj</file>
         <name>aic3204_init.obj</name>
      </input_file>
      <input_file id="fl-4">
         <path>.\</path>
         <kind>object</kind>
         <file>ezdsp5535_aic3204_dma.obj</file>
         <name>ezdsp5535_aic3204_dma.obj</name>
      </input_file>
      <input_file id="fl-5">
         <path>.\</path>
         <kind>object</kind>
         <file>iir.obj</file>
         <name>iir.obj</name>
      </input_file>
      <input_file id="fl-6">
         <path>.\</path>
         <kind>object</kind>
         <file>main.obj</file>
         <name>main.obj</name>
      </input_file>
      <input_file id="fl-7">
         <path>.\</path>
         <kind>object</kind>
         <file>print_number.obj</file>
         <name>print_number.obj</name>
      </input_file>
      <input_file id="fl-8">
         <path>.\</path>
         <kind>object</kind>
         <file>processing.obj</file>
         <name>processing.obj</name>
      </input_file>
      <input_file id="fl-11">
         <path>..\lib\</path>
         <kind>archive</kind>
         <file>ezdsp5535bsl.lib</file>
         <name>ezdsp5535_sar.obj</name>
      </input_file>
      <input_file id="fl-12">
         <path>..\lib\</path>
         <kind>archive</kind>
         <file>ezdsp5535bsl.lib</file>
         <name>ezdsp5535_lcd.obj</name>
      </input_file>
      <input_file id="fl-13">
         <path>..\lib\</path>
         <kind>archive</kind>
         <file>ezdsp5535bsl.lib</file>
         <name>ezdsp5535_i2s.obj</name>
      </input_file>
      <input_file id="fl-14">
         <path>..\lib\</path>
         <kind>archive</kind>
         <file>ezdsp5535bsl.lib</file>
         <name>ezdsp5535_i2c.obj</name>
      </input_file>
      <input_file id="fl-15">
         <path>..\lib\</path>
         <kind>archive</kind>
         <file>ezdsp5535bsl.lib</file>
         <name>ezdsp5535_gpio.obj</name>
      </input_file>
      <input_file id="fl-16">
         <path>..\lib\</path>
         <kind>archive</kind>
         <file>ezdsp5535bsl.lib</file>
         <name>ezdsp5535.obj</name>
      </input_file>
      <input_file id="fl-17">
         <path>..\c55xx_csl\lib\</path>
         <kind>archive</kind>
         <file>cslVC5505.lib</file>
         <name>vectors.obj</name>
      </input_file>
      <input_file id="fl-18">
         <path>..\c55xx_csl\lib\</path>
         <kind>archive</kind>
         <file>cslVC5505.lib</file>
         <name>csl_sar.obj</name>
      </input_file>
      <input_file id="fl-19">
         <path>..\c55xx_csl\lib\</path>
         <kind>archive</kind>
         <file>cslVC5505.lib</file>
         <name>csl_irqplug.obj</name>
      </input_file>
      <input_file id="fl-1a">
         <path>..\c55xx_csl\lib\</path>
         <kind>archive</kind>
         <file>cslVC5505.lib</file>
         <name>csl_intc.obj</name>
      </input_file>
      <input_file id="fl-1b">
         <path>..\c55xx_csl\lib\</path>
         <kind>archive</kind>
         <file>cslVC5505.lib</file>
         <name>csl_i2s.obj</name>
      </input_file>
      <input_file id="fl-1c">
         <path>..\c55xx_csl\lib\</path>
         <kind>archive</kind>
         <file>cslVC5505.lib</file>
         <name>csl_i2c.obj</name>
      </input_file>
      <input_file id="fl-1d">
         <path>..\c55xx_csl\lib\</path>
         <kind>archive</kind>
         <file>cslVC5505.lib</file>
         <name>csl_gpio.obj</name>
      </input_file>
      <input_file id="fl-1e">
         <path>C:\ti\ccsv6\tools\compiler\c5500_4.4.1\lib\</path>
         <kind>archive</kind>
         <file>rts55x.lib</file>
         <name>addd.obj</name>
      </input_file>
      <input_file id="fl-1f">
         <path>C:\ti\ccsv6\tools\compiler\c5500_4.4.1\lib\</path>
         <kind>archive</kind>
         <file>rts55x.lib</file>
         <name>boot.obj</name>
      </input_file>
      <input_file id="fl-20">
         <path>C:\ti\ccsv6\tools\compiler\c5500_4.4.1\lib\</path>
         <kind>archive</kind>
         <file>rts55x.lib</file>
         <name>divul.obj</name>
      </input_file>
      <input_file id="fl-21">
         <path>C:\ti\ccsv6\tools\compiler\c5500_4.4.1\lib\</path>
         <kind>archive</kind>
         <file>rts55x.lib</file>
         <name>exit.obj</name>
      </input_file>
      <input_file id="fl-22">
         <path>C:\ti\ccsv6\tools\compiler\c5500_4.4.1\lib\</path>
         <kind>archive</kind>
         <file>rts55x.lib</file>
         <name>fixdi.obj</name>
      </input_file>
      <input_file id="fl-23">
         <path>C:\ti\ccsv6\tools\compiler\c5500_4.4.1\lib\</path>
         <kind>archive</kind>
         <file>rts55x.lib</file>
         <name>fixdli.obj</name>
      </input_file>
      <input_file id="fl-24">
         <path>C:\ti\ccsv6\tools\compiler\c5500_4.4.1\lib\</path>
         <kind>archive</kind>
         <file>rts55x.lib</file>
         <name>idiv.obj</name>
      </input_file>
      <input_file id="fl-25">
         <path>C:\ti\ccsv6\tools\compiler\c5500_4.4.1\lib\</path>
         <kind>archive</kind>
         <file>rts55x.lib</file>
         <name>lmpy.obj</name>
      </input_file>
      <input_file id="fl-26">
         <path>C:\ti\ccsv6\tools\compiler\c5500_4.4.1\lib\</path>
         <kind>archive</kind>
         <file>rts55x.lib</file>
         <name>memset.obj</name>
      </input_file>
      <input_file id="fl-27">
         <path>C:\ti\ccsv6\tools\compiler\c5500_4.4.1\lib\</path>
         <kind>archive</kind>
         <file>rts55x.lib</file>
         <name>mpyd.obj</name>
      </input_file>
      <input_file id="fl-28">
         <path>C:\ti\ccsv6\tools\compiler\c5500_4.4.1\lib\</path>
         <kind>archive</kind>
         <file>rts55x.lib</file>
         <name>negd.obj</name>
      </input_file>
      <input_file id="fl-29">
         <path>C:\ti\ccsv6\tools\compiler\c5500_4.4.1\lib\</path>
         <kind>archive</kind>
         <file>rts55x.lib</file>
         <name>printf.obj</name>
      </input_file>
      <input_file id="fl-2a">
         <path>C:\ti\ccsv6\tools\compiler\c5500_4.4.1\lib\</path>
         <kind>archive</kind>
         <file>rts55x.lib</file>
         <name>remul.obj</name>
      </input_file>
      <input_file id="fl-2b">
         <path>C:\ti\ccsv6\tools\compiler\c5500_4.4.1\lib\</path>
         <kind>archive</kind>
         <file>rts55x.lib</file>
         <name>vectors.obj</name>
      </input_file>
      <input_file id="fl-2c">
         <path>C:\ti\ccsv6\tools\compiler\c5500_4.4.1\lib\</path>
         <kind>archive</kind>
         <file>rts55x.lib</file>
         <name>_lock.obj</name>
      </input_file>
      <input_file id="fl-2d">
         <path>C:\ti\ccsv6\tools\compiler\c5500_4.4.1\lib\</path>
         <kind>archive</kind>
         <file>rts55x.lib</file>
         <name>_printfi.obj</name>
      </input_file>
      <input_file id="fl-2e">
         <path>C:\ti\ccsv6\tools\compiler\c5500_4.4.1\lib\</path>
         <kind>archive</kind>
         <file>rts55x.lib</file>
         <name>args_main.obj</name>
      </input_file>
      <input_file id="fl-2f">
         <path>C:\ti\ccsv6\tools\compiler\c5500_4.4.1\lib\</path>
         <kind>archive</kind>
         <file>rts55x.lib</file>
         <name>atoi.obj</name>
      </input_file>
      <input_file id="fl-30">
         <path>C:\ti\ccsv6\tools\compiler\c5500_4.4.1\lib\</path>
         <kind>archive</kind>
         <file>rts55x.lib</file>
         <name>autoinit.obj</name>
      </input_file>
      <input_file id="fl-31">
         <path>C:\ti\ccsv6\tools\compiler\c5500_4.4.1\lib\</path>
         <kind>archive</kind>
         <file>rts55x.lib</file>
         <name>cmpd.obj</name>
      </input_file>
      <input_file id="fl-32">
         <path>C:\ti\ccsv6\tools\compiler\c5500_4.4.1\lib\</path>
         <kind>archive</kind>
         <file>rts55x.lib</file>
         <name>ctype.obj</name>
      </input_file>
      <input_file id="fl-33">
         <path>C:\ti\ccsv6\tools\compiler\c5500_4.4.1\lib\</path>
         <kind>archive</kind>
         <file>rts55x.lib</file>
         <name>defs.obj</name>
      </input_file>
      <input_file id="fl-34">
         <path>C:\ti\ccsv6\tools\compiler\c5500_4.4.1\lib\</path>
         <kind>archive</kind>
         <file>rts55x.lib</file>
         <name>divd.obj</name>
      </input_file>
      <input_file id="fl-35">
         <path>C:\ti\ccsv6\tools\compiler\c5500_4.4.1\lib\</path>
         <kind>archive</kind>
         <file>rts55x.lib</file>
         <name>fltlid.obj</name>
      </input_file>
      <input_file id="fl-36">
         <path>C:\ti\ccsv6\tools\compiler\c5500_4.4.1\lib\</path>
         <kind>archive</kind>
         <file>rts55x.lib</file>
         <name>fputc.obj</name>
      </input_file>
      <input_file id="fl-37">
         <path>C:\ti\ccsv6\tools\compiler\c5500_4.4.1\lib\</path>
         <kind>archive</kind>
         <file>rts55x.lib</file>
         <name>fputs.obj</name>
      </input_file>
      <input_file id="fl-38">
         <path>C:\ti\ccsv6\tools\compiler\c5500_4.4.1\lib\</path>
         <kind>archive</kind>
         <file>rts55x.lib</file>
         <name>frcmpyd.obj</name>
      </input_file>
      <input_file id="fl-39">
         <path>C:\ti\ccsv6\tools\compiler\c5500_4.4.1\lib\</path>
         <kind>archive</kind>
         <file>rts55x.lib</file>
         <name>frcmpyd_div.obj</name>
      </input_file>
      <input_file id="fl-3a">
         <path>C:\ti\ccsv6\tools\compiler\c5500_4.4.1\lib\</path>
         <kind>archive</kind>
         <file>rts55x.lib</file>
         <name>isinf.obj</name>
      </input_file>
      <input_file id="fl-3b">
         <path>C:\ti\ccsv6\tools\compiler\c5500_4.4.1\lib\</path>
         <kind>archive</kind>
         <file>rts55x.lib</file>
         <name>llmpy.obj</name>
      </input_file>
      <input_file id="fl-3c">
         <path>C:\ti\ccsv6\tools\compiler\c5500_4.4.1\lib\</path>
         <kind>archive</kind>
         <file>rts55x.lib</file>
         <name>lowlev.obj</name>
      </input_file>
      <input_file id="fl-3d">
         <path>C:\ti\ccsv6\tools\compiler\c5500_4.4.1\lib\</path>
         <kind>archive</kind>
         <file>rts55x.lib</file>
         <name>ltoa.obj</name>
      </input_file>
      <input_file id="fl-3e">
         <path>C:\ti\ccsv6\tools\compiler\c5500_4.4.1\lib\</path>
         <kind>archive</kind>
         <file>rts55x.lib</file>
         <name>memccpy.obj</name>
      </input_file>
      <input_file id="fl-3f">
         <path>C:\ti\ccsv6\tools\compiler\c5500_4.4.1\lib\</path>
         <kind>archive</kind>
         <file>rts55x.lib</file>
         <name>memcpy.obj</name>
      </input_file>
      <input_file id="fl-40">
         <path>C:\ti\ccsv6\tools\compiler\c5500_4.4.1\lib\</path>
         <kind>archive</kind>
         <file>rts55x.lib</file>
         <name>remli.obj</name>
      </input_file>
      <input_file id="fl-41">
         <path>C:\ti\ccsv6\tools\compiler\c5500_4.4.1\lib\</path>
         <kind>archive</kind>
         <file>rts55x.lib</file>
         <name>subd.obj</name>
      </input_file>
      <input_file id="fl-42">
         <path>C:\ti\ccsv6\tools\compiler\c5500_4.4.1\lib\</path>
         <kind>archive</kind>
         <file>rts55x.lib</file>
         <name>trgdrv.obj</name>
      </input_file>
      <input_file id="fl-43">
         <path>C:\ti\ccsv6\tools\compiler\c5500_4.4.1\lib\</path>
         <kind>archive</kind>
         <file>rts55x.lib</file>
         <name>trgmsg.obj</name>
      </input_file>
      <input_file id="fl-44">
         <path>C:\ti\ccsv6\tools\compiler\c5500_4.4.1\lib\</path>
         <kind>archive</kind>
         <file>rts55x.lib</file>
         <name>udiv.obj</name>
      </input_file>
      <input_file id="fl-45">
         <path>C:\ti\ccsv6\tools\compiler\c5500_4.4.1\lib\</path>
         <kind>archive</kind>
         <file>rts55x.lib</file>
         <name>_io_perm.obj</name>
      </input_file>
      <input_file id="fl-46">
         <path>C:\ti\ccsv6\tools\compiler\c5500_4.4.1\lib\</path>
         <kind>archive</kind>
         <file>rts55x.lib</file>
         <name>divli.obj</name>
      </input_file>
      <input_file id="fl-47">
         <path>C:\ti\ccsv6\tools\compiler\c5500_4.4.1\lib\</path>
         <kind>archive</kind>
         <file>rts55x.lib</file>
         <name>fflush.obj</name>
      </input_file>
      <input_file id="fl-48">
         <path>C:\ti\ccsv6\tools\compiler\c5500_4.4.1\lib\</path>
         <kind>archive</kind>
         <file>rts55x.lib</file>
         <name>fseek.obj</name>
      </input_file>
      <input_file id="fl-49">
         <path>C:\ti\ccsv6\tools\compiler\c5500_4.4.1\lib\</path>
         <kind>archive</kind>
         <file>rts55x.lib</file>
         <name>setvbuf.obj</name>
      </input_file>
      <input_file id="fl-4a">
         <path>C:\ti\ccsv6\tools\compiler\c5500_4.4.1\lib\</path>
         <kind>archive</kind>
         <file>rts55x.lib</file>
         <name>fopen.obj</name>
      </input_file>
      <input_file id="fl-4b">
         <path>C:\ti\ccsv6\tools\compiler\c5500_4.4.1\lib\</path>
         <kind>archive</kind>
         <file>rts55x.lib</file>
         <name>memory.obj</name>
      </input_file>
      <input_file id="fl-4c">
         <path>C:\ti\ccsv6\tools\compiler\c5500_4.4.1\lib\</path>
         <kind>archive</kind>
         <file>rts55x.lib</file>
         <name>fclose.obj</name>
      </input_file>
      <input_file id="fl-4d">
         <path>C:\ti\ccsv6\tools\compiler\c5500_4.4.1\lib\</path>
         <kind>archive</kind>
         <file>rts55x.lib</file>
         <name>remove.obj</name>
      </input_file>
   </input_file_list>
   <object_component_list>
      <object_component id="oc-c7">
         <name>.text</name>
         <load_address>0x20000</load_address>
         <run_address>0x20000</run_address>
         <size>0x15a4</size>
         <input_file_ref idref="fl-2d"/>
      </object_component>
      <object_component id="oc-7b">
         <name>.text</name>
         <load_address>0x215a4</load_address>
         <run_address>0x215a4</run_address>
         <size>0xc3c</size>
         <input_file_ref idref="fl-1c"/>
      </object_component>
      <object_component id="oc-65">
         <name>.text</name>
         <load_address>0x221e0</load_address>
         <run_address>0x221e0</run_address>
         <size>0xb18</size>
         <input_file_ref idref="fl-18"/>
      </object_component>
      <object_component id="oc-74">
         <name>.text</name>
         <load_address>0x22cf8</load_address>
         <run_address>0x22cf8</run_address>
         <size>0x9f3</size>
         <input_file_ref idref="fl-1b"/>
      </object_component>
      <object_component id="oc-81">
         <name>.text</name>
         <load_address>0x236eb</load_address>
         <run_address>0x236eb</run_address>
         <size>0x68d</size>
         <input_file_ref idref="fl-1d"/>
      </object_component>
      <object_component id="oc-18">
         <name>.text</name>
         <load_address>0x23d78</load_address>
         <run_address>0x23d78</run_address>
         <size>0x5b5</size>
         <input_file_ref idref="fl-3"/>
      </object_component>
      <object_component id="oc-6e">
         <name>.text</name>
         <load_address>0x2432d</load_address>
         <run_address>0x2432d</run_address>
         <size>0x554</size>
         <input_file_ref idref="fl-1a"/>
      </object_component>
      <object_component id="oc-105">
         <name>.text</name>
         <load_address>0x24881</load_address>
         <run_address>0x24881</run_address>
         <size>0x543</size>
         <input_file_ref idref="fl-3c"/>
      </object_component>
      <object_component id="oc-11f">
         <name>.text</name>
         <load_address>0x24dc4</load_address>
         <run_address>0x24dc4</run_address>
         <size>0x528</size>
         <input_file_ref idref="fl-42"/>
      </object_component>
      <object_component id="oc-148">
         <name>.text</name>
         <load_address>0x252ec</load_address>
         <run_address>0x252ec</run_address>
         <size>0x4b5</size>
         <input_file_ref idref="fl-4b"/>
      </object_component>
      <object_component id="oc-e3">
         <name>.text</name>
         <load_address>0x257a1</load_address>
         <run_address>0x257a1</run_address>
         <size>0x3cc</size>
         <input_file_ref idref="fl-34"/>
      </object_component>
      <object_component id="oc-1e">
         <name>.text</name>
         <load_address>0x25b6d</load_address>
         <run_address>0x25b6d</run_address>
         <size>0x31b</size>
         <input_file_ref idref="fl-4"/>
      </object_component>
      <object_component id="oc-2a">
         <name>.text</name>
         <load_address>0x25e88</load_address>
         <run_address>0x25e88</run_address>
         <size>0x2d3</size>
         <input_file_ref idref="fl-6"/>
      </object_component>
      <object_component id="oc-32">
         <name>.text</name>
         <load_address>0x2615b</load_address>
         <run_address>0x2615b</run_address>
         <size>0x2d2</size>
         <input_file_ref idref="fl-7"/>
      </object_component>
      <object_component id="oc-142">
         <name>.text</name>
         <load_address>0x2642d</load_address>
         <run_address>0x2642d</run_address>
         <size>0x27f</size>
         <input_file_ref idref="fl-4a"/>
      </object_component>
      <object_component id="oc-101">
         <name>.text</name>
         <load_address>0x266ac</load_address>
         <run_address>0x266ac</run_address>
         <size>0x25e</size>
         <input_file_ref idref="fl-3b"/>
      </object_component>
      <object_component id="oc-86">
         <name>.text</name>
         <load_address>0x2690a</load_address>
         <run_address>0x2690a</run_address>
         <size>0x25a</size>
         <input_file_ref idref="fl-1e"/>
      </object_component>
      <object_component id="oc-38">
         <name>.text</name>
         <load_address>0x26b64</load_address>
         <run_address>0x26b64</run_address>
         <size>0x222</size>
         <input_file_ref idref="fl-8"/>
      </object_component>
      <object_component id="oc-d9">
         <name>.text</name>
         <load_address>0x26d86</load_address>
         <run_address>0x26d86</run_address>
         <size>0x1ea</size>
         <input_file_ref idref="fl-31"/>
      </object_component>
      <object_component id="oc-45">
         <name>.text</name>
         <load_address>0x26f70</load_address>
         <run_address>0x26f70</run_address>
         <size>0x192</size>
         <input_file_ref idref="fl-12"/>
      </object_component>
      <object_component id="oc-3e">
         <name>.text</name>
         <load_address>0x27102</load_address>
         <run_address>0x27102</run_address>
         <size>0x17a</size>
         <input_file_ref idref="fl-11"/>
      </object_component>
      <object_component id="oc-f0">
         <name>.text</name>
         <load_address>0x2727c</load_address>
         <run_address>0x2727c</run_address>
         <size>0x163</size>
         <input_file_ref idref="fl-37"/>
      </object_component>
      <object_component id="oc-ad">
         <name>.text</name>
         <load_address>0x273df</load_address>
         <run_address>0x273df</run_address>
         <size>0x14c</size>
         <input_file_ref idref="fl-27"/>
      </object_component>
      <object_component id="oc-25">
         <name>.text</name>
         <load_address>0x2752b</load_address>
         <run_address>0x2752b</run_address>
         <size>0x120</size>
         <input_file_ref idref="fl-5"/>
      </object_component>
      <object_component id="oc-4a">
         <name>.text</name>
         <load_address>0x2764b</load_address>
         <run_address>0x2764b</run_address>
         <size>0x107</size>
         <input_file_ref idref="fl-13"/>
      </object_component>
      <object_component id="oc-13e">
         <name>.text</name>
         <load_address>0x27752</load_address>
         <run_address>0x27752</run_address>
         <size>0xe6</size>
         <input_file_ref idref="fl-49"/>
      </object_component>
      <object_component id="oc-12e">
         <name>.text</name>
         <load_address>0x27838</load_address>
         <run_address>0x27838</run_address>
         <size>0xdd</size>
         <input_file_ref idref="fl-45"/>
      </object_component>
      <object_component id="oc-21">
         <name>.text:retain</name>
         <load_address>0x27915</load_address>
         <run_address>0x27915</run_address>
         <size>0xcc</size>
         <input_file_ref idref="fl-4"/>
      </object_component>
      <object_component id="oc-12">
         <name>.text</name>
         <load_address>0x279e1</load_address>
         <run_address>0x279e1</run_address>
         <size>0xc3</size>
         <input_file_ref idref="fl-2"/>
      </object_component>
      <object_component id="oc-136">
         <name>.text</name>
         <load_address>0x27aa4</load_address>
         <run_address>0x27aa4</run_address>
         <size>0xc2</size>
         <input_file_ref idref="fl-47"/>
      </object_component>
      <object_component id="oc-127">
         <name>.text:CIO_breakpoint</name>
         <load_address>0x27b66</load_address>
         <run_address>0x27b66</run_address>
         <size>0xba</size>
         <input_file_ref idref="fl-43"/>
      </object_component>
      <object_component id="oc-ec">
         <name>.text</name>
         <load_address>0x27c20</load_address>
         <run_address>0x27c20</run_address>
         <size>0xa6</size>
         <input_file_ref idref="fl-36"/>
      </object_component>
      <object_component id="oc-8e">
         <name>.text</name>
         <load_address>0x27cc6</load_address>
         <run_address>0x27cc6</run_address>
         <size>0xa1</size>
         <input_file_ref idref="fl-20"/>
      </object_component>
      <object_component id="oc-50">
         <name>.text</name>
         <load_address>0x27d67</load_address>
         <run_address>0x27d67</run_address>
         <size>0x8e</size>
         <input_file_ref idref="fl-14"/>
      </object_component>
      <object_component id="oc-6a">
         <name>.text</name>
         <load_address>0x27df5</load_address>
         <run_address>0x27df5</run_address>
         <size>0x8c</size>
         <input_file_ref idref="fl-19"/>
      </object_component>
      <object_component id="oc-55">
         <name>.text</name>
         <load_address>0x27e81</load_address>
         <run_address>0x27e81</run_address>
         <size>0x87</size>
         <input_file_ref idref="fl-15"/>
      </object_component>
      <object_component id="oc-10b">
         <name>.text</name>
         <load_address>0x27f08</load_address>
         <run_address>0x27f08</run_address>
         <size>0x7d</size>
         <input_file_ref idref="fl-3d"/>
      </object_component>
      <object_component id="oc-14f">
         <name>.text</name>
         <load_address>0x27f85</load_address>
         <run_address>0x27f85</run_address>
         <size>0x7b</size>
         <input_file_ref idref="fl-4c"/>
      </object_component>
      <object_component id="oc-f5">
         <name>.text</name>
         <load_address>0x28000</load_address>
         <run_address>0x28000</run_address>
         <size>0x76</size>
         <input_file_ref idref="fl-38"/>
      </object_component>
      <object_component id="oc-f9">
         <name>.text</name>
         <load_address>0x28076</load_address>
         <run_address>0x28076</run_address>
         <size>0x73</size>
         <input_file_ref idref="fl-39"/>
      </object_component>
      <object_component id="oc-b9">
         <name>.text</name>
         <load_address>0x280e9</load_address>
         <run_address>0x280e9</run_address>
         <size>0x72</size>
         <input_file_ref idref="fl-2a"/>
      </object_component>
      <object_component id="oc-9d">
         <name>.text</name>
         <load_address>0x2815b</load_address>
         <run_address>0x2815b</run_address>
         <size>0x6f</size>
         <input_file_ref idref="fl-23"/>
      </object_component>
      <object_component id="oc-60">
         <name>.text</name>
         <load_address>0x281ca</load_address>
         <run_address>0x281ca</run_address>
         <size>0x6d</size>
         <input_file_ref idref="fl-17"/>
      </object_component>
      <object_component id="oc-124">
         <name>.text</name>
         <load_address>0x28237</load_address>
         <run_address>0x28237</run_address>
         <size>0x6d</size>
         <input_file_ref idref="fl-43"/>
      </object_component>
      <object_component id="oc-13a">
         <name>.text</name>
         <load_address>0x282a4</load_address>
         <run_address>0x282a4</run_address>
         <size>0x6b</size>
         <input_file_ref idref="fl-48"/>
      </object_component>
      <object_component id="oc-e7">
         <name>.text</name>
         <load_address>0x2830f</load_address>
         <run_address>0x2830f</run_address>
         <size>0x67</size>
         <input_file_ref idref="fl-35"/>
      </object_component>
      <object_component id="oc-d1">
         <name>.text</name>
         <load_address>0x28376</load_address>
         <run_address>0x28376</run_address>
         <size>0x5c</size>
         <input_file_ref idref="fl-2f"/>
      </object_component>
      <object_component id="oc-5b">
         <name>.text</name>
         <load_address>0x283d2</load_address>
         <run_address>0x283d2</run_address>
         <size>0x54</size>
         <input_file_ref idref="fl-16"/>
      </object_component>
      <object_component id="oc-b5">
         <name>.text</name>
         <load_address>0x28426</load_address>
         <run_address>0x28426</run_address>
         <size>0x50</size>
         <input_file_ref idref="fl-29"/>
      </object_component>
      <object_component id="oc-d5">
         <name>.text</name>
         <load_address>0x28476</load_address>
         <run_address>0x28476</run_address>
         <size>0x4d</size>
         <input_file_ref idref="fl-30"/>
      </object_component>
      <object_component id="oc-cd">
         <name>.text</name>
         <load_address>0x284c3</load_address>
         <run_address>0x284c3</run_address>
         <size>0x4b</size>
         <input_file_ref idref="fl-2e"/>
      </object_component>
      <object_component id="oc-117">
         <name>.text</name>
         <load_address>0x2850e</load_address>
         <run_address>0x2850e</run_address>
         <size>0x4b</size>
         <input_file_ref idref="fl-40"/>
      </object_component>
      <object_component id="oc-132">
         <name>.text</name>
         <load_address>0x28559</load_address>
         <run_address>0x28559</run_address>
         <size>0x48</size>
         <input_file_ref idref="fl-46"/>
      </object_component>
      <object_component id="oc-113">
         <name>.text</name>
         <load_address>0x285a1</load_address>
         <run_address>0x285a1</run_address>
         <size>0x3f</size>
         <input_file_ref idref="fl-3f"/>
      </object_component>
      <object_component id="oc-92">
         <name>.text</name>
         <load_address>0x285e0</load_address>
         <run_address>0x285e0</run_address>
         <size>0x3e</size>
         <input_file_ref idref="fl-21"/>
      </object_component>
      <object_component id="oc-a1">
         <name>.text</name>
         <load_address>0x2861e</load_address>
         <run_address>0x2861e</run_address>
         <size>0x3c</size>
         <input_file_ref idref="fl-24"/>
      </object_component>
      <object_component id="oc-10">
         <name>.text</name>
         <load_address>0x2865a</load_address>
         <run_address>0x2865a</run_address>
         <size>0x34</size>
         <input_file_ref idref="fl-1f"/>
      </object_component>
      <object_component id="oc-99">
         <name>.text</name>
         <load_address>0x2868e</load_address>
         <run_address>0x2868e</run_address>
         <size>0x2a</size>
         <input_file_ref idref="fl-22"/>
      </object_component>
      <object_component id="oc-12a">
         <name>.text</name>
         <load_address>0x286b8</load_address>
         <run_address>0x286b8</run_address>
         <size>0x2a</size>
         <input_file_ref idref="fl-44"/>
      </object_component>
      <object_component id="oc-10f">
         <name>.text</name>
         <load_address>0x286e2</load_address>
         <run_address>0x286e2</run_address>
         <size>0x23</size>
         <input_file_ref idref="fl-3e"/>
      </object_component>
      <object_component id="oc-fd">
         <name>.text</name>
         <load_address>0x28705</load_address>
         <run_address>0x28705</run_address>
         <size>0x1a</size>
         <input_file_ref idref="fl-3a"/>
      </object_component>
      <object_component id="oc-11b">
         <name>.text</name>
         <load_address>0x2871f</load_address>
         <run_address>0x2871f</run_address>
         <size>0x14</size>
         <input_file_ref idref="fl-41"/>
      </object_component>
      <object_component id="oc-a5">
         <name>.text</name>
         <load_address>0x28733</load_address>
         <run_address>0x28733</run_address>
         <size>0x13</size>
         <input_file_ref idref="fl-25"/>
      </object_component>
      <object_component id="oc-c1">
         <name>.text</name>
         <load_address>0x28746</load_address>
         <run_address>0x28746</run_address>
         <size>0x12</size>
         <input_file_ref idref="fl-2c"/>
      </object_component>
      <object_component id="oc-a9">
         <name>.text</name>
         <load_address>0x28758</load_address>
         <run_address>0x28758</run_address>
         <size>0x11</size>
         <input_file_ref idref="fl-26"/>
      </object_component>
      <object_component id="oc-b1">
         <name>.text</name>
         <load_address>0x28769</load_address>
         <run_address>0x28769</run_address>
         <size>0x10</size>
         <input_file_ref idref="fl-28"/>
      </object_component>
      <object_component id="oc-153">
         <name>.text</name>
         <load_address>0x28779</load_address>
         <run_address>0x28779</run_address>
         <size>0xa</size>
         <input_file_ref idref="fl-4d"/>
      </object_component>
      <object_component id="oc-96">
         <name>.text:CIO_breakpoint</name>
         <load_address>0x28783</load_address>
         <run_address>0x28783</run_address>
         <size>0x7</size>
         <input_file_ref idref="fl-21"/>
      </object_component>
      <object_component id="oc-bd">
         <name>.text</name>
         <load_address>0x2878a</load_address>
         <run_address>0x2878a</run_address>
         <size>0x2</size>
         <input_file_ref idref="fl-2b"/>
      </object_component>
      <object_component id="oc-8a">
         <name>.stack</name>
         <uninitialized>true</uninitialized>
         <run_address>0xc0</run_address>
         <size>0x0</size>
         <input_file_ref idref="fl-1f"/>
      </object_component>
      <object_component id="oc-173">
         <name>.stack</name>
         <uninitialized>true</uninitialized>
         <run_address>0xc0</run_address>
         <size>0x0</size>
      </object_component>
      <object_component id="oc-157">
         <name>.sysstack</name>
         <uninitialized>true</uninitialized>
         <run_address>0x20c0</run_address>
         <size>0x0</size>
         <input_file_ref idref="fl-1f"/>
      </object_component>
      <object_component id="oc-175">
         <name>.sysstack</name>
         <uninitialized>true</uninitialized>
         <run_address>0x20c0</run_address>
         <size>0x0</size>
      </object_component>
      <object_component id="oc-1f">
         <name>.bss</name>
         <uninitialized>true</uninitialized>
         <run_address>0x50c0</run_address>
         <size>0x810</size>
         <input_file_ref idref="fl-4"/>
      </object_component>
      <object_component id="oc-2b">
         <name>.bss</name>
         <uninitialized>true</uninitialized>
         <run_address>0x58d0</run_address>
         <size>0x620</size>
         <input_file_ref idref="fl-6"/>
      </object_component>
      <object_component id="oc-df">
         <name>.bss</name>
         <uninitialized>true</uninitialized>
         <run_address>0x5ef0</run_address>
         <size>0x232</size>
         <input_file_ref idref="fl-33"/>
      </object_component>
      <object_component id="oc-120">
         <name>.bss</name>
         <uninitialized>true</uninitialized>
         <run_address>0x6122</run_address>
         <size>0x1a0</size>
         <input_file_ref idref="fl-42"/>
      </object_component>
      <object_component id="oc-143">
         <name>.bss</name>
         <uninitialized>true</uninitialized>
         <run_address>0x62c2</run_address>
         <size>0x2</size>
         <input_file_ref idref="fl-4a"/>
      </object_component>
      <object_component id="oc-6f">
         <name>.bss</name>
         <uninitialized>true</uninitialized>
         <run_address>0x62c4</run_address>
         <size>0x108</size>
         <input_file_ref idref="fl-1a"/>
      </object_component>
      <object_component id="oc-106">
         <name>.bss</name>
         <uninitialized>true</uninitialized>
         <run_address>0x63cc</run_address>
         <size>0xe2</size>
         <input_file_ref idref="fl-3c"/>
      </object_component>
      <object_component id="oc-75">
         <name>.bss</name>
         <uninitialized>true</uninitialized>
         <run_address>0x64ae</run_address>
         <size>0x54</size>
         <input_file_ref idref="fl-1b"/>
      </object_component>
      <object_component id="oc-7c">
         <name>.bss</name>
         <uninitialized>true</uninitialized>
         <run_address>0x6504</run_address>
         <size>0x24</size>
         <input_file_ref idref="fl-1c"/>
      </object_component>
      <object_component id="oc-3f">
         <name>.bss</name>
         <uninitialized>true</uninitialized>
         <run_address>0x6528</run_address>
         <size>0x10</size>
         <input_file_ref idref="fl-11"/>
      </object_component>
      <object_component id="oc-149">
         <name>.bss</name>
         <uninitialized>true</uninitialized>
         <run_address>0x6538</run_address>
         <size>0xc</size>
         <input_file_ref idref="fl-4b"/>
      </object_component>
      <object_component id="oc-56">
         <name>.bss</name>
         <uninitialized>true</uninitialized>
         <run_address>0x6544</run_address>
         <size>0x8</size>
         <input_file_ref idref="fl-15"/>
      </object_component>
      <object_component id="oc-c2">
         <name>.bss</name>
         <uninitialized>true</uninitialized>
         <run_address>0x654c</run_address>
         <size>0x8</size>
         <input_file_ref idref="fl-2c"/>
      </object_component>
      <object_component id="oc-93">
         <name>.bss</name>
         <uninitialized>true</uninitialized>
         <run_address>0x6554</run_address>
         <size>0x8</size>
         <input_file_ref idref="fl-21"/>
      </object_component>
      <object_component id="oc-13">
         <name>.bss</name>
         <uninitialized>true</uninitialized>
         <run_address>0x655c</run_address>
         <size>0x4</size>
         <input_file_ref idref="fl-2"/>
      </object_component>
      <object_component id="oc-4b">
         <name>.bss</name>
         <uninitialized>true</uninitialized>
         <run_address>0x6560</run_address>
         <size>0x4</size>
         <input_file_ref idref="fl-13"/>
      </object_component>
      <object_component id="oc-1a">
         <name>.const:.string</name>
         <load_address>0x6564</load_address>
         <run_address>0x6564</run_address>
         <size>0x2e8</size>
         <input_file_ref idref="fl-3"/>
      </object_component>
      <object_component id="oc-15a">
         <name>.const:__ctypes_</name>
         <load_address>0x684c</load_address>
         <run_address>0x684c</run_address>
         <size>0x202</size>
         <input_file_ref idref="fl-32"/>
      </object_component>
      <object_component id="oc-159">
         <name>.const:_consolas_8ptBitmaps</name>
         <load_address>0x6a4e</load_address>
         <run_address>0x6a4e</run_address>
         <size>0xc0</size>
         <input_file_ref idref="fl-7"/>
      </object_component>
      <object_component id="oc-34">
         <name>.const</name>
         <load_address>0x6b0e</load_address>
         <run_address>0x6b0e</run_address>
         <size>0x2</size>
         <input_file_ref idref="fl-7"/>
      </object_component>
      <object_component id="oc-ca">
         <name>.const:.string</name>
         <load_address>0x6b10</load_address>
         <run_address>0x6b10</run_address>
         <size>0x48</size>
         <input_file_ref idref="fl-2d"/>
      </object_component>
      <object_component id="oc-2e">
         <name>.const:.string</name>
         <load_address>0x6b58</load_address>
         <run_address>0x6b58</run_address>
         <size>0x3e</size>
         <input_file_ref idref="fl-6"/>
      </object_component>
      <object_component id="oc-c9">
         <name>.const</name>
         <load_address>0x6b98</load_address>
         <run_address>0x6b98</run_address>
         <size>0x18</size>
         <input_file_ref idref="fl-2d"/>
      </object_component>
      <object_component id="oc-15b">
         <name>.const:_initial_approx$1</name>
         <load_address>0x6bb0</load_address>
         <run_address>0x6bb0</run_address>
         <size>0x10</size>
         <input_file_ref idref="fl-34"/>
      </object_component>
      <object_component id="oc-3a">
         <name>.const</name>
         <load_address>0x6bc0</load_address>
         <run_address>0x6bc0</run_address>
         <size>0x8</size>
         <input_file_ref idref="fl-8"/>
      </object_component>
      <object_component id="oc-f2">
         <name>.const:.string</name>
         <load_address>0x6bc8</load_address>
         <run_address>0x6bc8</run_address>
         <size>0x4</size>
         <input_file_ref idref="fl-37"/>
      </object_component>
      <object_component id="oc-e9">
         <name>.const</name>
         <load_address>0x6bcc</load_address>
         <run_address>0x6bcc</run_address>
         <size>0x4</size>
         <input_file_ref idref="fl-35"/>
      </object_component>
      <object_component id="oc-14c">
         <name>.sysmem</name>
         <uninitialized>true</uninitialized>
         <run_address>0x30c0</run_address>
         <size>0x0</size>
         <input_file_ref idref="fl-4b"/>
      </object_component>
      <object_component id="oc-174">
         <name>.sysmem</name>
         <uninitialized>true</uninitialized>
         <run_address>0x30c0</run_address>
         <size>0x0</size>
      </object_component>
      <object_component id="oc-158">
         <name>.switch:_printChar</name>
         <load_address>0x40384</load_address>
         <run_address>0x40384</run_address>
         <size>0x28</size>
         <input_file_ref idref="fl-7"/>
      </object_component>
      <object_component id="oc-108">
         <name>.cinit</name>
         <load_address>0x40240</load_address>
         <run_address>0x40240</run_address>
         <size>0x5a</size>
         <input_file_ref idref="fl-3c"/>
      </object_component>
      <object_component id="oc-e1">
         <name>.cinit</name>
         <load_address>0x4029a</load_address>
         <run_address>0x4029a</run_address>
         <size>0x54</size>
         <input_file_ref idref="fl-33"/>
      </object_component>
      <object_component id="oc-2d">
         <name>.cinit</name>
         <load_address>0x402ee</load_address>
         <run_address>0x402ee</run_address>
         <size>0x32</size>
         <input_file_ref idref="fl-6"/>
      </object_component>
      <object_component id="oc-41">
         <name>.cinit</name>
         <load_address>0x40320</load_address>
         <run_address>0x40320</run_address>
         <size>0x18</size>
         <input_file_ref idref="fl-11"/>
      </object_component>
      <object_component id="oc-c4">
         <name>.cinit</name>
         <load_address>0x40338</load_address>
         <run_address>0x40338</run_address>
         <size>0x14</size>
         <input_file_ref idref="fl-2c"/>
      </object_component>
      <object_component id="oc-95">
         <name>.cinit</name>
         <load_address>0x4034c</load_address>
         <run_address>0x4034c</run_address>
         <size>0x14</size>
         <input_file_ref idref="fl-21"/>
      </object_component>
      <object_component id="oc-77">
         <name>.cinit</name>
         <load_address>0x40360</load_address>
         <run_address>0x40360</run_address>
         <size>0x10</size>
         <input_file_ref idref="fl-1b"/>
      </object_component>
      <object_component id="oc-145">
         <name>.cinit</name>
         <load_address>0x40370</load_address>
         <run_address>0x40370</run_address>
         <size>0x8</size>
         <input_file_ref idref="fl-4a"/>
      </object_component>
      <object_component id="oc-14b">
         <name>.cinit</name>
         <load_address>0x40378</load_address>
         <run_address>0x40378</run_address>
         <size>0x8</size>
         <input_file_ref idref="fl-4b"/>
      </object_component>
      <object_component id="oc-126">
         <name>.cio</name>
         <uninitialized>true</uninitialized>
         <run_address>0x40000</run_address>
         <size>0x240</size>
         <input_file_ref idref="fl-43"/>
      </object_component>
      <object_component id="oc-61">
         <name>vectors</name>
         <load_address>0x4fe00</load_address>
         <run_address>0x4fe00</run_address>
         <size>0x100</size>
         <input_file_ref idref="fl-17"/>
      </object_component>
      <object_component id="oc-11">
         <name>vectors</name>
         <load_address>0x4ff00</load_address>
         <run_address>0x4ff00</run_address>
         <size>0x100</size>
         <input_file_ref idref="fl-2b"/>
      </object_component>
      <object_component id="oc-14">
         <name>.debug_info</name>
         <load_address>0x0</load_address>
         <run_address>0x0</run_address>
         <size>0xc68</size>
         <input_file_ref idref="fl-2"/>
      </object_component>
      <object_component id="oc-19">
         <name>.debug_info</name>
         <load_address>0xc68</load_address>
         <run_address>0xc68</run_address>
         <size>0x1bbf</size>
         <input_file_ref idref="fl-3"/>
      </object_component>
      <object_component id="oc-20">
         <name>.debug_info</name>
         <load_address>0x2827</load_address>
         <run_address>0x2827</run_address>
         <size>0x1052</size>
         <input_file_ref idref="fl-4"/>
      </object_component>
      <object_component id="oc-26">
         <name>.debug_info</name>
         <load_address>0x3879</load_address>
         <run_address>0x3879</run_address>
         <size>0x76f</size>
         <input_file_ref idref="fl-5"/>
      </object_component>
      <object_component id="oc-2c">
         <name>.debug_info</name>
         <load_address>0x3fe8</load_address>
         <run_address>0x3fe8</run_address>
         <size>0x114c</size>
         <input_file_ref idref="fl-6"/>
      </object_component>
      <object_component id="oc-33">
         <name>.debug_info</name>
         <load_address>0x5134</load_address>
         <run_address>0x5134</run_address>
         <size>0xcf1</size>
         <input_file_ref idref="fl-7"/>
      </object_component>
      <object_component id="oc-39">
         <name>.debug_info</name>
         <load_address>0x5e25</load_address>
         <run_address>0x5e25</run_address>
         <size>0xc47</size>
         <input_file_ref idref="fl-8"/>
      </object_component>
      <object_component id="oc-40">
         <name>.debug_info</name>
         <load_address>0x6a6c</load_address>
         <run_address>0x6a6c</run_address>
         <size>0x6384</size>
         <input_file_ref idref="fl-11"/>
      </object_component>
      <object_component id="oc-46">
         <name>.debug_info</name>
         <load_address>0xcdf0</load_address>
         <run_address>0xcdf0</run_address>
         <size>0x5f6b</size>
         <input_file_ref idref="fl-12"/>
      </object_component>
      <object_component id="oc-4c">
         <name>.debug_info</name>
         <load_address>0x12d5b</load_address>
         <run_address>0x12d5b</run_address>
         <size>0x6979</size>
         <input_file_ref idref="fl-13"/>
      </object_component>
      <object_component id="oc-51">
         <name>.debug_info</name>
         <load_address>0x196d4</load_address>
         <run_address>0x196d4</run_address>
         <size>0x65d7</size>
         <input_file_ref idref="fl-14"/>
      </object_component>
      <object_component id="oc-57">
         <name>.debug_info</name>
         <load_address>0x1fcab</load_address>
         <run_address>0x1fcab</run_address>
         <size>0x63d2</size>
         <input_file_ref idref="fl-15"/>
      </object_component>
      <object_component id="oc-5c">
         <name>.debug_info</name>
         <load_address>0x2607d</load_address>
         <run_address>0x2607d</run_address>
         <size>0x5896</size>
         <input_file_ref idref="fl-16"/>
      </object_component>
      <object_component id="oc-62">
         <name>.debug_info</name>
         <load_address>0x2b913</load_address>
         <run_address>0x2b913</run_address>
         <size>0x1a4</size>
         <input_file_ref idref="fl-17"/>
      </object_component>
      <object_component id="oc-66">
         <name>.debug_info</name>
         <load_address>0x2bab7</load_address>
         <run_address>0x2bab7</run_address>
         <size>0x6ebb</size>
         <input_file_ref idref="fl-18"/>
      </object_component>
      <object_component id="oc-6b">
         <name>.debug_info</name>
         <load_address>0x32972</load_address>
         <run_address>0x32972</run_address>
         <size>0x18e</size>
         <input_file_ref idref="fl-19"/>
      </object_component>
      <object_component id="oc-70">
         <name>.debug_info</name>
         <load_address>0x32b00</load_address>
         <run_address>0x32b00</run_address>
         <size>0x6f61</size>
         <input_file_ref idref="fl-1a"/>
      </object_component>
      <object_component id="oc-76">
         <name>.debug_info</name>
         <load_address>0x39a61</load_address>
         <run_address>0x39a61</run_address>
         <size>0x710f</size>
         <input_file_ref idref="fl-1b"/>
      </object_component>
      <object_component id="oc-7d">
         <name>.debug_info</name>
         <load_address>0x40b70</load_address>
         <run_address>0x40b70</run_address>
         <size>0x7424</size>
         <input_file_ref idref="fl-1c"/>
      </object_component>
      <object_component id="oc-82">
         <name>.debug_info</name>
         <load_address>0x47f94</load_address>
         <run_address>0x47f94</run_address>
         <size>0x6ced</size>
         <input_file_ref idref="fl-1d"/>
      </object_component>
      <object_component id="oc-87">
         <name>.debug_info</name>
         <load_address>0x4ec81</load_address>
         <run_address>0x4ec81</run_address>
         <size>0x5ab</size>
         <input_file_ref idref="fl-1e"/>
      </object_component>
      <object_component id="oc-8b">
         <name>.debug_info</name>
         <load_address>0x4f22c</load_address>
         <run_address>0x4f22c</run_address>
         <size>0xe8</size>
         <input_file_ref idref="fl-1f"/>
      </object_component>
      <object_component id="oc-8f">
         <name>.debug_info</name>
         <load_address>0x4f314</load_address>
         <run_address>0x4f314</run_address>
         <size>0x534</size>
         <input_file_ref idref="fl-20"/>
      </object_component>
      <object_component id="oc-94">
         <name>.debug_info</name>
         <load_address>0x4f848</load_address>
         <run_address>0x4f848</run_address>
         <size>0x5fb</size>
         <input_file_ref idref="fl-21"/>
      </object_component>
      <object_component id="oc-9a">
         <name>.debug_info</name>
         <load_address>0x4fe43</load_address>
         <run_address>0x4fe43</run_address>
         <size>0x4cf</size>
         <input_file_ref idref="fl-22"/>
      </object_component>
      <object_component id="oc-9e">
         <name>.debug_info</name>
         <load_address>0x50312</load_address>
         <run_address>0x50312</run_address>
         <size>0x534</size>
         <input_file_ref idref="fl-23"/>
      </object_component>
      <object_component id="oc-a2">
         <name>.debug_info</name>
         <load_address>0x50846</load_address>
         <run_address>0x50846</run_address>
         <size>0xeb</size>
         <input_file_ref idref="fl-24"/>
      </object_component>
      <object_component id="oc-a6">
         <name>.debug_info</name>
         <load_address>0x50931</load_address>
         <run_address>0x50931</run_address>
         <size>0xbd</size>
         <input_file_ref idref="fl-25"/>
      </object_component>
      <object_component id="oc-aa">
         <name>.debug_info</name>
         <load_address>0x509ee</load_address>
         <run_address>0x509ee</run_address>
         <size>0x59d</size>
         <input_file_ref idref="fl-26"/>
      </object_component>
      <object_component id="oc-ae">
         <name>.debug_info</name>
         <load_address>0x50f8b</load_address>
         <run_address>0x50f8b</run_address>
         <size>0x55b</size>
         <input_file_ref idref="fl-27"/>
      </object_component>
      <object_component id="oc-b2">
         <name>.debug_info</name>
         <load_address>0x514e6</load_address>
         <run_address>0x514e6</run_address>
         <size>0x4b7</size>
         <input_file_ref idref="fl-28"/>
      </object_component>
      <object_component id="oc-b6">
         <name>.debug_info</name>
         <load_address>0x5199d</load_address>
         <run_address>0x5199d</run_address>
         <size>0x76c</size>
         <input_file_ref idref="fl-29"/>
      </object_component>
      <object_component id="oc-ba">
         <name>.debug_info</name>
         <load_address>0x52109</load_address>
         <run_address>0x52109</run_address>
         <size>0x534</size>
         <input_file_ref idref="fl-2a"/>
      </object_component>
      <object_component id="oc-be">
         <name>.debug_info</name>
         <load_address>0x5263d</load_address>
         <run_address>0x5263d</run_address>
         <size>0xbc</size>
         <input_file_ref idref="fl-2b"/>
      </object_component>
      <object_component id="oc-c3">
         <name>.debug_info</name>
         <load_address>0x526f9</load_address>
         <run_address>0x526f9</run_address>
         <size>0x5bc</size>
         <input_file_ref idref="fl-2c"/>
      </object_component>
      <object_component id="oc-c8">
         <name>.debug_info</name>
         <load_address>0x52cb5</load_address>
         <run_address>0x52cb5</run_address>
         <size>0x27bd</size>
         <input_file_ref idref="fl-2d"/>
      </object_component>
      <object_component id="oc-ce">
         <name>.debug_info</name>
         <load_address>0x55472</load_address>
         <run_address>0x55472</run_address>
         <size>0x586</size>
         <input_file_ref idref="fl-2e"/>
      </object_component>
      <object_component id="oc-d2">
         <name>.debug_info</name>
         <load_address>0x559f8</load_address>
         <run_address>0x559f8</run_address>
         <size>0x5a4</size>
         <input_file_ref idref="fl-2f"/>
      </object_component>
      <object_component id="oc-d6">
         <name>.debug_info</name>
         <load_address>0x55f9c</load_address>
         <run_address>0x55f9c</run_address>
         <size>0xcd</size>
         <input_file_ref idref="fl-30"/>
      </object_component>
      <object_component id="oc-da">
         <name>.debug_info</name>
         <load_address>0x56069</load_address>
         <run_address>0x56069</run_address>
         <size>0x81f</size>
         <input_file_ref idref="fl-31"/>
      </object_component>
      <object_component id="oc-dd">
         <name>.debug_info</name>
         <load_address>0x56888</load_address>
         <run_address>0x56888</run_address>
         <size>0x498</size>
         <input_file_ref idref="fl-32"/>
      </object_component>
      <object_component id="oc-e0">
         <name>.debug_info</name>
         <load_address>0x56d20</load_address>
         <run_address>0x56d20</run_address>
         <size>0x57e</size>
         <input_file_ref idref="fl-33"/>
      </object_component>
      <object_component id="oc-e4">
         <name>.debug_info</name>
         <load_address>0x5729e</load_address>
         <run_address>0x5729e</run_address>
         <size>0x7e8</size>
         <input_file_ref idref="fl-34"/>
      </object_component>
      <object_component id="oc-e8">
         <name>.debug_info</name>
         <load_address>0x57a86</load_address>
         <run_address>0x57a86</run_address>
         <size>0x549</size>
         <input_file_ref idref="fl-35"/>
      </object_component>
      <object_component id="oc-ed">
         <name>.debug_info</name>
         <load_address>0x57fcf</load_address>
         <run_address>0x57fcf</run_address>
         <size>0x6aa</size>
         <input_file_ref idref="fl-36"/>
      </object_component>
      <object_component id="oc-f1">
         <name>.debug_info</name>
         <load_address>0x58679</load_address>
         <run_address>0x58679</run_address>
         <size>0x942</size>
         <input_file_ref idref="fl-37"/>
      </object_component>
      <object_component id="oc-f6">
         <name>.debug_info</name>
         <load_address>0x58fbb</load_address>
         <run_address>0x58fbb</run_address>
         <size>0x4d2</size>
         <input_file_ref idref="fl-38"/>
      </object_component>
      <object_component id="oc-fa">
         <name>.debug_info</name>
         <load_address>0x5948d</load_address>
         <run_address>0x5948d</run_address>
         <size>0x53e</size>
         <input_file_ref idref="fl-39"/>
      </object_component>
      <object_component id="oc-fe">
         <name>.debug_info</name>
         <load_address>0x599cb</load_address>
         <run_address>0x599cb</run_address>
         <size>0x680</size>
         <input_file_ref idref="fl-3a"/>
      </object_component>
      <object_component id="oc-102">
         <name>.debug_info</name>
         <load_address>0x5a04b</load_address>
         <run_address>0x5a04b</run_address>
         <size>0x7d4</size>
         <input_file_ref idref="fl-3b"/>
      </object_component>
      <object_component id="oc-107">
         <name>.debug_info</name>
         <load_address>0x5a81f</load_address>
         <run_address>0x5a81f</run_address>
         <size>0x144b</size>
         <input_file_ref idref="fl-3c"/>
      </object_component>
      <object_component id="oc-10c">
         <name>.debug_info</name>
         <load_address>0x5bc6a</load_address>
         <run_address>0x5bc6a</run_address>
         <size>0x5ad</size>
         <input_file_ref idref="fl-3d"/>
      </object_component>
      <object_component id="oc-110">
         <name>.debug_info</name>
         <load_address>0x5c217</load_address>
         <run_address>0x5c217</run_address>
         <size>0x574</size>
         <input_file_ref idref="fl-3e"/>
      </object_component>
      <object_component id="oc-114">
         <name>.debug_info</name>
         <load_address>0x5c78b</load_address>
         <run_address>0x5c78b</run_address>
         <size>0xd1</size>
         <input_file_ref idref="fl-3f"/>
      </object_component>
      <object_component id="oc-118">
         <name>.debug_info</name>
         <load_address>0x5c85c</load_address>
         <run_address>0x5c85c</run_address>
         <size>0x4f2</size>
         <input_file_ref idref="fl-40"/>
      </object_component>
      <object_component id="oc-11c">
         <name>.debug_info</name>
         <load_address>0x5cd4e</load_address>
         <run_address>0x5cd4e</run_address>
         <size>0x4de</size>
         <input_file_ref idref="fl-41"/>
      </object_component>
      <object_component id="oc-121">
         <name>.debug_info</name>
         <load_address>0x5d22c</load_address>
         <run_address>0x5d22c</run_address>
         <size>0xed4</size>
         <input_file_ref idref="fl-42"/>
      </object_component>
      <object_component id="oc-125">
         <name>.debug_info</name>
         <load_address>0x5e100</load_address>
         <run_address>0x5e100</run_address>
         <size>0x744</size>
         <input_file_ref idref="fl-43"/>
      </object_component>
      <object_component id="oc-12b">
         <name>.debug_info</name>
         <load_address>0x5e844</load_address>
         <run_address>0x5e844</run_address>
         <size>0xef</size>
         <input_file_ref idref="fl-44"/>
      </object_component>
      <object_component id="oc-12f">
         <name>.debug_info</name>
         <load_address>0x5e933</load_address>
         <run_address>0x5e933</run_address>
         <size>0x662</size>
         <input_file_ref idref="fl-45"/>
      </object_component>
      <object_component id="oc-133">
         <name>.debug_info</name>
         <load_address>0x5ef95</load_address>
         <run_address>0x5ef95</run_address>
         <size>0x4f2</size>
         <input_file_ref idref="fl-46"/>
      </object_component>
      <object_component id="oc-137">
         <name>.debug_info</name>
         <load_address>0x5f487</load_address>
         <run_address>0x5f487</run_address>
         <size>0x706</size>
         <input_file_ref idref="fl-47"/>
      </object_component>
      <object_component id="oc-13b">
         <name>.debug_info</name>
         <load_address>0x5fb8d</load_address>
         <run_address>0x5fb8d</run_address>
         <size>0x5f7</size>
         <input_file_ref idref="fl-48"/>
      </object_component>
      <object_component id="oc-13f">
         <name>.debug_info</name>
         <load_address>0x60184</load_address>
         <run_address>0x60184</run_address>
         <size>0x64a</size>
         <input_file_ref idref="fl-49"/>
      </object_component>
      <object_component id="oc-144">
         <name>.debug_info</name>
         <load_address>0x607ce</load_address>
         <run_address>0x607ce</run_address>
         <size>0xa1c</size>
         <input_file_ref idref="fl-4a"/>
      </object_component>
      <object_component id="oc-14a">
         <name>.debug_info</name>
         <load_address>0x611ea</load_address>
         <run_address>0x611ea</run_address>
         <size>0xb97</size>
         <input_file_ref idref="fl-4b"/>
      </object_component>
      <object_component id="oc-150">
         <name>.debug_info</name>
         <load_address>0x61d81</load_address>
         <run_address>0x61d81</run_address>
         <size>0x64f</size>
         <input_file_ref idref="fl-4c"/>
      </object_component>
      <object_component id="oc-154">
         <name>.debug_info</name>
         <load_address>0x623d0</load_address>
         <run_address>0x623d0</run_address>
         <size>0x510</size>
         <input_file_ref idref="fl-4d"/>
      </object_component>
      <object_component id="oc-17c">
         <name>.debug_info</name>
         <load_address>0x628e0</load_address>
         <run_address>0x628e0</run_address>
         <size>0x6e</size>
      </object_component>
      <object_component id="oc-15">
         <name>.debug_frame</name>
         <load_address>0x0</load_address>
         <run_address>0x0</run_address>
         <size>0x171</size>
         <input_file_ref idref="fl-2"/>
      </object_component>
      <object_component id="oc-1b">
         <name>.debug_frame</name>
         <load_address>0x171</load_address>
         <run_address>0x171</run_address>
         <size>0x121</size>
         <input_file_ref idref="fl-3"/>
      </object_component>
      <object_component id="oc-22">
         <name>.debug_frame</name>
         <load_address>0x292</load_address>
         <run_address>0x292</run_address>
         <size>0x16a</size>
         <input_file_ref idref="fl-4"/>
      </object_component>
      <object_component id="oc-27">
         <name>.debug_frame</name>
         <load_address>0x3fc</load_address>
         <run_address>0x3fc</run_address>
         <size>0x102</size>
         <input_file_ref idref="fl-5"/>
      </object_component>
      <object_component id="oc-2f">
         <name>.debug_frame</name>
         <load_address>0x4fe</load_address>
         <run_address>0x4fe</run_address>
         <size>0xfc</size>
         <input_file_ref idref="fl-6"/>
      </object_component>
      <object_component id="oc-35">
         <name>.debug_frame</name>
         <load_address>0x5fa</load_address>
         <run_address>0x5fa</run_address>
         <size>0x13b</size>
         <input_file_ref idref="fl-7"/>
      </object_component>
      <object_component id="oc-3b">
         <name>.debug_frame</name>
         <load_address>0x735</load_address>
         <run_address>0x735</run_address>
         <size>0x157</size>
         <input_file_ref idref="fl-8"/>
      </object_component>
      <object_component id="oc-42">
         <name>.debug_frame</name>
         <load_address>0x88c</load_address>
         <run_address>0x88c</run_address>
         <size>0x102</size>
         <input_file_ref idref="fl-11"/>
      </object_component>
      <object_component id="oc-47">
         <name>.debug_frame</name>
         <load_address>0x98e</load_address>
         <run_address>0x98e</run_address>
         <size>0x13a</size>
         <input_file_ref idref="fl-12"/>
      </object_component>
      <object_component id="oc-4d">
         <name>.debug_frame</name>
         <load_address>0xac8</load_address>
         <run_address>0xac8</run_address>
         <size>0x171</size>
         <input_file_ref idref="fl-13"/>
      </object_component>
      <object_component id="oc-52">
         <name>.debug_frame</name>
         <load_address>0xc39</load_address>
         <run_address>0xc39</run_address>
         <size>0x138</size>
         <input_file_ref idref="fl-14"/>
      </object_component>
      <object_component id="oc-58">
         <name>.debug_frame</name>
         <load_address>0xd71</load_address>
         <run_address>0xd71</run_address>
         <size>0x138</size>
         <input_file_ref idref="fl-15"/>
      </object_component>
      <object_component id="oc-5d">
         <name>.debug_frame</name>
         <load_address>0xea9</load_address>
         <run_address>0xea9</run_address>
         <size>0x116</size>
         <input_file_ref idref="fl-16"/>
      </object_component>
      <object_component id="oc-67">
         <name>.debug_frame</name>
         <load_address>0xfbf</load_address>
         <run_address>0xfbf</run_address>
         <size>0x272</size>
         <input_file_ref idref="fl-18"/>
      </object_component>
      <object_component id="oc-71">
         <name>.debug_frame</name>
         <load_address>0x1231</load_address>
         <run_address>0x1231</run_address>
         <size>0x2a1</size>
         <input_file_ref idref="fl-1a"/>
      </object_component>
      <object_component id="oc-78">
         <name>.debug_frame</name>
         <load_address>0x14d2</load_address>
         <run_address>0x14d2</run_address>
         <size>0x197</size>
         <input_file_ref idref="fl-1b"/>
      </object_component>
      <object_component id="oc-7e">
         <name>.debug_frame</name>
         <load_address>0x1669</load_address>
         <run_address>0x1669</run_address>
         <size>0x1ef</size>
         <input_file_ref idref="fl-1c"/>
      </object_component>
      <object_component id="oc-83">
         <name>.debug_frame</name>
         <load_address>0x1858</load_address>
         <run_address>0x1858</run_address>
         <size>0x224</size>
         <input_file_ref idref="fl-1d"/>
      </object_component>
      <object_component id="oc-16">
         <name>.debug_line</name>
         <load_address>0x0</load_address>
         <run_address>0x0</run_address>
         <size>0xd0</size>
         <input_file_ref idref="fl-2"/>
      </object_component>
      <object_component id="oc-1c">
         <name>.debug_line</name>
         <load_address>0xd0</load_address>
         <run_address>0xd0</run_address>
         <size>0x253</size>
         <input_file_ref idref="fl-3"/>
      </object_component>
      <object_component id="oc-23">
         <name>.debug_line</name>
         <load_address>0x323</load_address>
         <run_address>0x323</run_address>
         <size>0x198</size>
         <input_file_ref idref="fl-4"/>
      </object_component>
      <object_component id="oc-28">
         <name>.debug_line</name>
         <load_address>0x4bb</load_address>
         <run_address>0x4bb</run_address>
         <size>0x6e</size>
         <input_file_ref idref="fl-5"/>
      </object_component>
      <object_component id="oc-30">
         <name>.debug_line</name>
         <load_address>0x529</load_address>
         <run_address>0x529</run_address>
         <size>0x131</size>
         <input_file_ref idref="fl-6"/>
      </object_component>
      <object_component id="oc-36">
         <name>.debug_line</name>
         <load_address>0x65a</load_address>
         <run_address>0x65a</run_address>
         <size>0x1d6</size>
         <input_file_ref idref="fl-7"/>
      </object_component>
      <object_component id="oc-3c">
         <name>.debug_line</name>
         <load_address>0x830</load_address>
         <run_address>0x830</run_address>
         <size>0xd6</size>
         <input_file_ref idref="fl-8"/>
      </object_component>
      <object_component id="oc-43">
         <name>.debug_line</name>
         <load_address>0x906</load_address>
         <run_address>0x906</run_address>
         <size>0x66e</size>
         <input_file_ref idref="fl-11"/>
      </object_component>
      <object_component id="oc-48">
         <name>.debug_line</name>
         <load_address>0xf74</load_address>
         <run_address>0xf74</run_address>
         <size>0x6ca</size>
         <input_file_ref idref="fl-12"/>
      </object_component>
      <object_component id="oc-4e">
         <name>.debug_line</name>
         <load_address>0x163e</load_address>
         <run_address>0x163e</run_address>
         <size>0x69c</size>
         <input_file_ref idref="fl-13"/>
      </object_component>
      <object_component id="oc-53">
         <name>.debug_line</name>
         <load_address>0x1cda</load_address>
         <run_address>0x1cda</run_address>
         <size>0x659</size>
         <input_file_ref idref="fl-14"/>
      </object_component>
      <object_component id="oc-59">
         <name>.debug_line</name>
         <load_address>0x2333</load_address>
         <run_address>0x2333</run_address>
         <size>0x653</size>
         <input_file_ref idref="fl-15"/>
      </object_component>
      <object_component id="oc-5e">
         <name>.debug_line</name>
         <load_address>0x2986</load_address>
         <run_address>0x2986</run_address>
         <size>0x59c</size>
         <input_file_ref idref="fl-16"/>
      </object_component>
      <object_component id="oc-63">
         <name>.debug_line</name>
         <load_address>0x2f22</load_address>
         <run_address>0x2f22</run_address>
         <size>0xa8</size>
         <input_file_ref idref="fl-17"/>
      </object_component>
      <object_component id="oc-68">
         <name>.debug_line</name>
         <load_address>0x2fca</load_address>
         <run_address>0x2fca</run_address>
         <size>0x94b</size>
         <input_file_ref idref="fl-18"/>
      </object_component>
      <object_component id="oc-6c">
         <name>.debug_line</name>
         <load_address>0x3915</load_address>
         <run_address>0x3915</run_address>
         <size>0xab</size>
         <input_file_ref idref="fl-19"/>
      </object_component>
      <object_component id="oc-72">
         <name>.debug_line</name>
         <load_address>0x39c0</load_address>
         <run_address>0x39c0</run_address>
         <size>0x83c</size>
         <input_file_ref idref="fl-1a"/>
      </object_component>
      <object_component id="oc-79">
         <name>.debug_line</name>
         <load_address>0x41fc</load_address>
         <run_address>0x41fc</run_address>
         <size>0x94c</size>
         <input_file_ref idref="fl-1b"/>
      </object_component>
      <object_component id="oc-7f">
         <name>.debug_line</name>
         <load_address>0x4b48</load_address>
         <run_address>0x4b48</run_address>
         <size>0x96d</size>
         <input_file_ref idref="fl-1c"/>
      </object_component>
      <object_component id="oc-84">
         <name>.debug_line</name>
         <load_address>0x54b5</load_address>
         <run_address>0x54b5</run_address>
         <size>0x7c8</size>
         <input_file_ref idref="fl-1d"/>
      </object_component>
      <object_component id="oc-88">
         <name>.debug_line</name>
         <load_address>0x5c7d</load_address>
         <run_address>0x5c7d</run_address>
         <size>0x5c</size>
         <input_file_ref idref="fl-1e"/>
      </object_component>
      <object_component id="oc-8c">
         <name>.debug_line</name>
         <load_address>0x5cd9</load_address>
         <run_address>0x5cd9</run_address>
         <size>0x54</size>
         <input_file_ref idref="fl-1f"/>
      </object_component>
      <object_component id="oc-90">
         <name>.debug_line</name>
         <load_address>0x5d2d</load_address>
         <run_address>0x5d2d</run_address>
         <size>0x44</size>
         <input_file_ref idref="fl-20"/>
      </object_component>
      <object_component id="oc-97">
         <name>.debug_line</name>
         <load_address>0x5d71</load_address>
         <run_address>0x5d71</run_address>
         <size>0x51</size>
         <input_file_ref idref="fl-21"/>
      </object_component>
      <object_component id="oc-9b">
         <name>.debug_line</name>
         <load_address>0x5dc2</load_address>
         <run_address>0x5dc2</run_address>
         <size>0x3d</size>
         <input_file_ref idref="fl-22"/>
      </object_component>
      <object_component id="oc-9f">
         <name>.debug_line</name>
         <load_address>0x5dff</load_address>
         <run_address>0x5dff</run_address>
         <size>0x3d</size>
         <input_file_ref idref="fl-23"/>
      </object_component>
      <object_component id="oc-a3">
         <name>.debug_line</name>
         <load_address>0x5e3c</load_address>
         <run_address>0x5e3c</run_address>
         <size>0x5c</size>
         <input_file_ref idref="fl-24"/>
      </object_component>
      <object_component id="oc-a7">
         <name>.debug_line</name>
         <load_address>0x5e98</load_address>
         <run_address>0x5e98</run_address>
         <size>0x3c</size>
         <input_file_ref idref="fl-25"/>
      </object_component>
      <object_component id="oc-ab">
         <name>.debug_line</name>
         <load_address>0x5ed4</load_address>
         <run_address>0x5ed4</run_address>
         <size>0x52</size>
         <input_file_ref idref="fl-26"/>
      </object_component>
      <object_component id="oc-af">
         <name>.debug_line</name>
         <load_address>0x5f26</load_address>
         <run_address>0x5f26</run_address>
         <size>0x3c</size>
         <input_file_ref idref="fl-27"/>
      </object_component>
      <object_component id="oc-b3">
         <name>.debug_line</name>
         <load_address>0x5f62</load_address>
         <run_address>0x5f62</run_address>
         <size>0x37</size>
         <input_file_ref idref="fl-28"/>
      </object_component>
      <object_component id="oc-b7">
         <name>.debug_line</name>
         <load_address>0x5f99</load_address>
         <run_address>0x5f99</run_address>
         <size>0x69</size>
         <input_file_ref idref="fl-29"/>
      </object_component>
      <object_component id="oc-bb">
         <name>.debug_line</name>
         <load_address>0x6002</load_address>
         <run_address>0x6002</run_address>
         <size>0x44</size>
         <input_file_ref idref="fl-2a"/>
      </object_component>
      <object_component id="oc-bf">
         <name>.debug_line</name>
         <load_address>0x6046</load_address>
         <run_address>0x6046</run_address>
         <size>0x37</size>
         <input_file_ref idref="fl-2b"/>
      </object_component>
      <object_component id="oc-c5">
         <name>.debug_line</name>
         <load_address>0x607d</load_address>
         <run_address>0x607d</run_address>
         <size>0x57</size>
         <input_file_ref idref="fl-2c"/>
      </object_component>
      <object_component id="oc-cb">
         <name>.debug_line</name>
         <load_address>0x60d4</load_address>
         <run_address>0x60d4</run_address>
         <size>0x328</size>
         <input_file_ref idref="fl-2d"/>
      </object_component>
      <object_component id="oc-cf">
         <name>.debug_line</name>
         <load_address>0x63fc</load_address>
         <run_address>0x63fc</run_address>
         <size>0x41</size>
         <input_file_ref idref="fl-2e"/>
      </object_component>
      <object_component id="oc-d3">
         <name>.debug_line</name>
         <load_address>0x643d</load_address>
         <run_address>0x643d</run_address>
         <size>0x46</size>
         <input_file_ref idref="fl-2f"/>
      </object_component>
      <object_component id="oc-d7">
         <name>.debug_line</name>
         <load_address>0x6483</load_address>
         <run_address>0x6483</run_address>
         <size>0x55</size>
         <input_file_ref idref="fl-30"/>
      </object_component>
      <object_component id="oc-db">
         <name>.debug_line</name>
         <load_address>0x64d8</load_address>
         <run_address>0x64d8</run_address>
         <size>0xad</size>
         <input_file_ref idref="fl-31"/>
      </object_component>
      <object_component id="oc-e5">
         <name>.debug_line</name>
         <load_address>0x6585</load_address>
         <run_address>0x6585</run_address>
         <size>0x5b</size>
         <input_file_ref idref="fl-34"/>
      </object_component>
      <object_component id="oc-ea">
         <name>.debug_line</name>
         <load_address>0x65e0</load_address>
         <run_address>0x65e0</run_address>
         <size>0x44</size>
         <input_file_ref idref="fl-35"/>
      </object_component>
      <object_component id="oc-ee">
         <name>.debug_line</name>
         <load_address>0x6624</load_address>
         <run_address>0x6624</run_address>
         <size>0x56</size>
         <input_file_ref idref="fl-36"/>
      </object_component>
      <object_component id="oc-f3">
         <name>.debug_line</name>
         <load_address>0x667a</load_address>
         <run_address>0x667a</run_address>
         <size>0xa8</size>
         <input_file_ref idref="fl-37"/>
      </object_component>
      <object_component id="oc-f7">
         <name>.debug_line</name>
         <load_address>0x6722</load_address>
         <run_address>0x6722</run_address>
         <size>0x3a</size>
         <input_file_ref idref="fl-38"/>
      </object_component>
      <object_component id="oc-fb">
         <name>.debug_line</name>
         <load_address>0x675c</load_address>
         <run_address>0x675c</run_address>
         <size>0x40</size>
         <input_file_ref idref="fl-39"/>
      </object_component>
      <object_component id="oc-ff">
         <name>.debug_line</name>
         <load_address>0x679c</load_address>
         <run_address>0x679c</run_address>
         <size>0x38</size>
         <input_file_ref idref="fl-3a"/>
      </object_component>
      <object_component id="oc-103">
         <name>.debug_line</name>
         <load_address>0x67d4</load_address>
         <run_address>0x67d4</run_address>
         <size>0xa8</size>
         <input_file_ref idref="fl-3b"/>
      </object_component>
      <object_component id="oc-109">
         <name>.debug_line</name>
         <load_address>0x687c</load_address>
         <run_address>0x687c</run_address>
         <size>0x1b0</size>
         <input_file_ref idref="fl-3c"/>
      </object_component>
      <object_component id="oc-10d">
         <name>.debug_line</name>
         <load_address>0x6a2c</load_address>
         <run_address>0x6a2c</run_address>
         <size>0x40</size>
         <input_file_ref idref="fl-3d"/>
      </object_component>
      <object_component id="oc-111">
         <name>.debug_line</name>
         <load_address>0x6a6c</load_address>
         <run_address>0x6a6c</run_address>
         <size>0x3c</size>
         <input_file_ref idref="fl-3e"/>
      </object_component>
      <object_component id="oc-115">
         <name>.debug_line</name>
         <load_address>0x6aa8</load_address>
         <run_address>0x6aa8</run_address>
         <size>0x4d</size>
         <input_file_ref idref="fl-3f"/>
      </object_component>
      <object_component id="oc-119">
         <name>.debug_line</name>
         <load_address>0x6af5</load_address>
         <run_address>0x6af5</run_address>
         <size>0x3c</size>
         <input_file_ref idref="fl-40"/>
      </object_component>
      <object_component id="oc-11d">
         <name>.debug_line</name>
         <load_address>0x6b31</load_address>
         <run_address>0x6b31</run_address>
         <size>0x37</size>
         <input_file_ref idref="fl-41"/>
      </object_component>
      <object_component id="oc-122">
         <name>.debug_line</name>
         <load_address>0x6b68</load_address>
         <run_address>0x6b68</run_address>
         <size>0x15d</size>
         <input_file_ref idref="fl-42"/>
      </object_component>
      <object_component id="oc-128">
         <name>.debug_line</name>
         <load_address>0x6cc5</load_address>
         <run_address>0x6cc5</run_address>
         <size>0x6a</size>
         <input_file_ref idref="fl-43"/>
      </object_component>
      <object_component id="oc-12c">
         <name>.debug_line</name>
         <load_address>0x6d2f</load_address>
         <run_address>0x6d2f</run_address>
         <size>0x58</size>
         <input_file_ref idref="fl-44"/>
      </object_component>
      <object_component id="oc-130">
         <name>.debug_line</name>
         <load_address>0x6d87</load_address>
         <run_address>0x6d87</run_address>
         <size>0x57</size>
         <input_file_ref idref="fl-45"/>
      </object_component>
      <object_component id="oc-134">
         <name>.debug_line</name>
         <load_address>0x6dde</load_address>
         <run_address>0x6dde</run_address>
         <size>0x3c</size>
         <input_file_ref idref="fl-46"/>
      </object_component>
      <object_component id="oc-138">
         <name>.debug_line</name>
         <load_address>0x6e1a</load_address>
         <run_address>0x6e1a</run_address>
         <size>0x5b</size>
         <input_file_ref idref="fl-47"/>
      </object_component>
[...]
      <symbol id="sm-416">
         <name>_I2C_read</name>
         <value>0x21cc6</value>
         <object_component_ref idref="oc-7b"/>
      </symbol>
      <symbol id="sm-417">
         <name>_I2C_eventDisable</name>
         <value>0x22018</value>
         <object_component_ref idref="oc-7b"/>
      </symbol>
      <symbol id="sm-418">
         <name>_I2C_getEventId</name>
         <value>0x221c4</value>
         <object_component_ref idref="oc-7b"/>
      </symbol>
      <symbol id="sm-419">
         <name>_i2cHandle</name>
         <value>0x6524</value>
         <object_component_ref idref="oc-7c"/>
      </symbol>
      <symbol id="sm-45e">
         <name>_GPIO_write</name>
         <value>0x238e3</value>
         <object_component_ref idref="oc-81"/>
      </symbol>
      <symbol id="sm-45f">
         <name>_GPIO_read</name>
         <value>0x23860</value>
         <object_component_ref idref="oc-81"/>
      </symbol>
      <symbol id="sm-460">
         <name>_GPIO_close</name>
         <value>0x2372f</value>
         <object_component_ref idref="oc-81"/>
      </symbol>
      <symbol id="sm-461">
         <name>_GPIO_enableInt</name>
         <value>0x23b4c</value>
         <object_component_ref idref="oc-81"/>
      </symbol>
      <symbol id="sm-462">
         <name>_GPIO_clearInt</name>
         <value>0x23bd6</value>
         <object_component_ref idref="oc-81"/>
      </symbol>
      <symbol id="sm-463">
         <name>_GPIO_statusBit</name>
         <value>0x23c62</value>
         <object_component_ref idref="oc-81"/>
      </symbol>
      <symbol id="sm-464">
         <name>_GPIO_configBit</name>
         <value>0x23986</value>
         <object_component_ref idref="oc-81"/>
      </symbol>
      <symbol id="sm-465">
         <name>_GPIO_reset</name>
         <value>0x23ce9</value>
         <object_component_ref idref="oc-81"/>
      </symbol>
      <symbol id="sm-466">
         <name>_GPIO_getConfig</name>
         <value>0x237d8</value>
         <object_component_ref idref="oc-81"/>
      </symbol>
      <symbol id="sm-467">
         <name>_GPIO_disableInt</name>
         <value>0x23ace</value>
         <object_component_ref idref="oc-81"/>
      </symbol>
      <symbol id="sm-468">
         <name>_GPIO_config</name>
         <value>0x23753</value>
         <object_component_ref idref="oc-81"/>
      </symbol>
      <symbol id="sm-469">
         <name>_GPIO_open</name>
         <value>0x236eb</value>
         <object_component_ref idref="oc-81"/>
      </symbol>
      <symbol id="sm-473">
         <name>__addd</name>
         <value>0x2690a</value>
         <object_component_ref idref="oc-86"/>
      </symbol>
      <symbol id="sm-47f">
         <name>__sysstack</name>
         <value>0x20c0</value>
         <object_component_ref idref="oc-157"/>
      </symbol>
      <symbol id="sm-480">
         <name>_c_int00</name>
         <value>0x2865a</value>
         <object_component_ref idref="oc-10"/>
      </symbol>
      <symbol id="sm-481">
         <name>__stack</name>
         <value>0xc0</value>
         <object_component_ref idref="oc-8a"/>
      </symbol>
      <symbol id="sm-48c">
         <name>__divul</name>
         <value>0x27cc6</value>
         <object_component_ref idref="oc-8e"/>
      </symbol>
      <symbol id="sm-49c">
         <name>C$$EXIT</name>
         <value>0x28784</value>
         <object_component_ref idref="oc-96"/>
      </symbol>
      <symbol id="sm-49d">
         <name>_exit</name>
         <value>0x285e0</value>
         <object_component_ref idref="oc-92"/>
      </symbol>
      <symbol id="sm-49e">
         <name>_abort</name>
         <value>0x28783</value>
         <object_component_ref idref="oc-96"/>
      </symbol>
      <symbol id="sm-49f">
         <name>__cleanup_ptr</name>
         <value>0x6554</value>
         <object_component_ref idref="oc-93"/>
      </symbol>
      <symbol id="sm-4a0">
         <name>__dtors_ptr</name>
         <value>0x6558</value>
         <object_component_ref idref="oc-93"/>
      </symbol>
      <symbol id="sm-4aa">
         <name>__fixdi</name>
         <value>0x2868e</value>
         <object_component_ref idref="oc-99"/>
      </symbol>
      <symbol id="sm-4b4">
         <name>__fixdli</name>
         <value>0x2815b</value>
         <object_component_ref idref="oc-9d"/>
      </symbol>
      <symbol id="sm-4bc">
         <name>__remi</name>
         <value>0x2863d</value>
         <object_component_ref idref="oc-a1"/>
      </symbol>
      <symbol id="sm-4bd">
         <name>__divi</name>
         <value>0x2861e</value>
         <object_component_ref idref="oc-a1"/>
      </symbol>
      <symbol id="sm-4be">
         <name>I$$MOD</name>
         <value>0x2863d</value>
         <object_component_ref idref="oc-a1"/>
      </symbol>
      <symbol id="sm-4bf">
         <name>I$$DIV</name>
         <value>0x2861e</value>
         <object_component_ref idref="oc-a1"/>
      </symbol>
      <symbol id="sm-4c7">
         <name>__mpyli</name>
         <value>0x28733</value>
         <object_component_ref idref="oc-a5"/>
      </symbol>
      <symbol id="sm-4c8">
         <name>I$$LMPY</name>
         <value>0x28733</value>
         <object_component_ref idref="oc-a5"/>
      </symbol>
      <symbol id="sm-4d2">
         <name>_memset</name>
         <value>0x28758</value>
         <object_component_ref idref="oc-a9"/>
      </symbol>
      <symbol id="sm-4dc">
         <name>__mpyd</name>
         <value>0x273df</value>
         <object_component_ref idref="oc-ad"/>
      </symbol>
      <symbol id="sm-4e6">
         <name>__negd</name>
         <value>0x28769</value>
         <object_component_ref idref="oc-b1"/>
      </symbol>
      <symbol id="sm-4f0">
         <name>_printf</name>
         <value>0x28426</value>
         <object_component_ref idref="oc-b5"/>
      </symbol>
      <symbol id="sm-4fb">
         <name>__remul</name>
         <value>0x280e9</value>
         <object_component_ref idref="oc-b9"/>
      </symbol>
      <symbol id="sm-505">
         <name>_Reset</name>
         <value>0x4ff00</value>
         <object_component_ref idref="oc-11"/>
      </symbol>
      <symbol id="sm-513">
         <name>__unlock</name>
         <value>0x6550</value>
         <object_component_ref idref="oc-c2"/>
      </symbol>
      <symbol id="sm-514">
         <name>__lock</name>
         <value>0x654c</value>
         <object_component_ref idref="oc-c2"/>
      </symbol>
      <symbol id="sm-515">
         <name>__register_lock</name>
         <value>0x2874e</value>
         <object_component_ref idref="oc-c1"/>
      </symbol>
      <symbol id="sm-516">
         <name>__nop</name>
         <value>0x28756</value>
         <object_component_ref idref="oc-c1"/>
      </symbol>
      <symbol id="sm-517">
         <name>__register_unlock</name>
         <value>0x28746</value>
         <object_component_ref idref="oc-c1"/>
      </symbol>
      <symbol id="sm-529">
         <name>__printfi</name>
         <value>0x21362</value>
         <object_component_ref idref="oc-c7"/>
      </symbol>
      <symbol id="sm-533">
         <name>__args_main</name>
         <value>0x284c3</value>
         <object_component_ref idref="oc-cd"/>
      </symbol>
      <symbol id="sm-534">
         <name>__TI_args_main</name>
         <value>0x1</value>
      </symbol>
      <symbol id="sm-53e">
         <name>_atoi</name>
         <value>0x28376</value>
         <object_component_ref idref="oc-d1"/>
      </symbol>
      <symbol id="sm-546">
         <name>_auto_init</name>
         <value>0x28476</value>
         <object_component_ref idref="oc-d5"/>
      </symbol>
      <symbol id="sm-550">
         <name>__eqld</name>
         <value>0x26ee4</value>
         <object_component_ref idref="oc-d9"/>
      </symbol>
      <symbol id="sm-551">
         <name>__cmpd</name>
         <value>0x26f18</value>
         <object_component_ref idref="oc-d9"/>
      </symbol>
      <symbol id="sm-552">
         <name>__neqd</name>
         <value>0x26d86</value>
         <object_component_ref idref="oc-d9"/>
      </symbol>
      <symbol id="sm-553">
         <name>__gtrd</name>
         <value>0x26e4f</value>
         <object_component_ref idref="oc-d9"/>
      </symbol>
      <symbol id="sm-554">
         <name>__geqd</name>
         <value>0x26e9a</value>
         <object_component_ref idref="oc-d9"/>
      </symbol>
      <symbol id="sm-555">
         <name>__leqd</name>
         <value>0x26e02</value>
         <object_component_ref idref="oc-d9"/>
      </symbol>
      <symbol id="sm-556">
         <name>__lssd</name>
         <value>0x26dba</value>
         <object_component_ref idref="oc-d9"/>
      </symbol>
      <symbol id="sm-55e">
         <name>__ctypes_</name>
         <value>0x684c</value>
         <object_component_ref idref="oc-15a"/>
      </symbol>
      <symbol id="sm-568">
         <name>__tmpnams</name>
         <value>0x5fe0</value>
         <object_component_ref idref="oc-df"/>
      </symbol>
      <symbol id="sm-569">
         <name>__ft_end</name>
         <value>0x6120</value>
         <object_component_ref idref="oc-df"/>
      </symbol>
      <symbol id="sm-56a">
         <name>__ftable</name>
         <value>0x5ef0</value>
         <object_component_ref idref="oc-df"/>
      </symbol>
      <symbol id="sm-576">
         <name>__divd</name>
         <value>0x257a1</value>
         <object_component_ref idref="oc-e3"/>
      </symbol>
      <symbol id="sm-582">
         <name>__fltlid</name>
         <value>0x2830f</value>
         <object_component_ref idref="oc-e7"/>
      </symbol>
      <symbol id="sm-58c">
         <name>_putchar</name>
         <value>0x27cb7</value>
         <object_component_ref idref="oc-ec"/>
      </symbol>
      <symbol id="sm-58d">
         <name>_putc</name>
         <value>0x27c20</value>
         <object_component_ref idref="oc-ec"/>
      </symbol>
      <symbol id="sm-58e">
         <name>_fputc</name>
         <value>0x27c20</value>
         <object_component_ref idref="oc-ec"/>
      </symbol>
      <symbol id="sm-59c">
         <name>_puts</name>
         <value>0x273b1</value>
         <object_component_ref idref="oc-f0"/>
      </symbol>
      <symbol id="sm-59d">
         <name>_fputs</name>
         <value>0x2727c</value>
         <object_component_ref idref="oc-f0"/>
      </symbol>
      <symbol id="sm-5a7">
         <name>__frcmpyd</name>
         <value>0x28000</value>
         <object_component_ref idref="oc-f5"/>
      </symbol>
      <symbol id="sm-5b1">
         <name>__frcmpyd_div</name>
         <value>0x28076</value>
         <object_component_ref idref="oc-f9"/>
      </symbol>
      <symbol id="sm-5bb">
         <name>___isinf</name>
         <value>0x28705</value>
         <object_component_ref idref="oc-fd"/>
      </symbol>
      <symbol id="sm-5c5">
         <name>__divull</name>
         <value>0x267e1</value>
         <object_component_ref idref="oc-101"/>
      </symbol>
      <symbol id="sm-5c6">
         <name>__mpylli</name>
         <value>0x26729</value>
         <object_component_ref idref="oc-101"/>
      </symbol>
      <symbol id="sm-5c7">
         <name>__remlli</name>
         <value>0x266fa</value>
         <object_component_ref idref="oc-101"/>
      </symbol>
      <symbol id="sm-5c8">
         <name>__divlli</name>
         <value>0x268d5</value>
         <object_component_ref idref="oc-101"/>
      </symbol>
      <symbol id="sm-5c9">
         <name>__remull</name>
         <value>0x266ac</value>
         <object_component_ref idref="oc-101"/>
      </symbol>
      <symbol id="sm-5db">
         <name>_add_device</name>
         <value>0x24cd4</value>
         <object_component_ref idref="oc-105"/>
      </symbol>
      <symbol id="sm-5dc">
         <name>_rename</name>
         <value>0x249f6</value>
         <object_component_ref idref="oc-105"/>
      </symbol>
      <symbol id="sm-5dd">
         <name>_read</name>
         <value>0x24a85</value>
         <object_component_ref idref="oc-105"/>
      </symbol>
      <symbol id="sm-5de">
         <name>_unlink</name>
         <value>0x249c3</value>
         <object_component_ref idref="oc-105"/>
      </symbol>
      <symbol id="sm-5df">
         <name>_remove_device</name>
         <value>0x24a4f</value>
         <object_component_ref idref="oc-105"/>
      </symbol>
      <symbol id="sm-5e0">
         <name>_open</name>
         <value>0x24b33</value>
         <object_component_ref idref="oc-105"/>
      </symbol>
      <symbol id="sm-5e1">
         <name>_find_registered_device</name>
         <value>0x24c58</value>
         <object_component_ref idref="oc-105"/>
      </symbol>
      <symbol id="sm-5e2">
         <name>_lseek</name>
         <value>0x24bf2</value>
         <object_component_ref idref="oc-105"/>
      </symbol>
      <symbol id="sm-5e3">
         <name>_close</name>
         <value>0x24c61</value>
         <object_component_ref idref="oc-105"/>
      </symbol>
      <symbol id="sm-5e4">
         <name>_write</name>
         <value>0x24881</value>
         <object_component_ref idref="oc-105"/>
      </symbol>
      <symbol id="sm-5ee">
         <name>_ltoa</name>
         <value>0x27f08</value>
         <object_component_ref idref="oc-10b"/>
      </symbol>
      <symbol id="sm-5f9">
         <name>_memccpy</name>
         <value>0x286e2</value>
         <object_component_ref idref="oc-10f"/>
      </symbol>
      <symbol id="sm-601">
         <name>_memcpy</name>
         <value>0x285a1</value>
         <object_component_ref idref="oc-113"/>
      </symbol>
      <symbol id="sm-60b">
         <name>__remli</name>
         <value>0x2850e</value>
         <object_component_ref idref="oc-117"/>
      </symbol>
      <symbol id="sm-615">
         <name>__subd</name>
         <value>0x2871f</value>
         <object_component_ref idref="oc-11b"/>
      </symbol>
      <symbol id="sm-621">
         <name>_HOSTopen</name>
         <value>0x250cf</value>
         <object_component_ref idref="oc-11f"/>
      </symbol>
      <symbol id="sm-622">
         <name>_HOSTread</name>
         <value>0x25042</value>
         <object_component_ref idref="oc-11f"/>
      </symbol>
      <symbol id="sm-623">
         <name>_HOSTtime</name>
         <value>0x24f36</value>
         <object_component_ref idref="oc-11f"/>
      </symbol>
      <symbol id="sm-624">
         <name>_getenv</name>
         <value>0x24dc4</value>
         <object_component_ref idref="oc-11f"/>
      </symbol>
      <symbol id="sm-625">
         <name>_HOSTrename</name>
         <value>0x24f94</value>
         <object_component_ref idref="oc-11f"/>
      </symbol>
      <symbol id="sm-626">
         <name>_HOSTclock</name>
         <value>0x2528e</value>
         <object_component_ref idref="oc-11f"/>
      </symbol>
      <symbol id="sm-627">
         <name>_HOSTwrite</name>
         <value>0x24e3f</value>
         <object_component_ref idref="oc-11f"/>
      </symbol>
      <symbol id="sm-628">
         <name>_HOSTlseek</name>
         <value>0x2516e</value>
         <object_component_ref idref="oc-11f"/>
      </symbol>
      <symbol id="sm-629">
         <name>_HOSTunlink</name>
         <value>0x24ecc</value>
         <object_component_ref idref="oc-11f"/>
      </symbol>
      <symbol id="sm-62a">
         <name>_HOSTclose</name>
         <value>0x25223</value>
         <object_component_ref idref="oc-11f"/>
      </symbol>
      <symbol id="sm-63c">
         <name>C$$IO$$</name>
         <value>0x27c1b</value>
         <object_component_ref idref="oc-127"/>
      </symbol>
      <symbol id="sm-63d">
         <name>__CIOBUF_</name>
         <value>0x40000</value>
         <object_component_ref idref="oc-126"/>
      </symbol>
      <symbol id="sm-63e">
         <name>_readmsg</name>
         <value>0x28237</value>
         <object_component_ref idref="oc-124"/>
      </symbol>
      <symbol id="sm-63f">
         <name>_writemsg</name>
         <value>0x27b66</value>
         <object_component_ref idref="oc-127"/>
      </symbol>
      <symbol id="sm-647">
         <name>__remu</name>
         <value>0x286cd</value>
         <object_component_ref idref="oc-12a"/>
      </symbol>
      <symbol id="sm-648">
         <name>__divu</name>
         <value>0x286b8</value>
         <object_component_ref idref="oc-12a"/>
      </symbol>
      <symbol id="sm-649">
         <name>I$$UMOD</name>
         <value>0x286cd</value>
         <object_component_ref idref="oc-12a"/>
      </symbol>
      <symbol id="sm-64a">
         <name>I$$UDIV</name>
         <value>0x286b8</value>
         <object_component_ref idref="oc-12a"/>
      </symbol>
      <symbol id="sm-654">
         <name>__rd_ok</name>
         <value>0x278b8</value>
         <object_component_ref idref="oc-12e"/>
      </symbol>
      <symbol id="sm-655">
         <name>__wrt_ok</name>
         <value>0x27838</value>
         <object_component_ref idref="oc-12e"/>
      </symbol>
      <symbol id="sm-65f">
         <name>__divli</name>
         <value>0x28559</value>
         <object_component_ref idref="oc-132"/>
      </symbol>
      <symbol id="sm-669">
         <name>__doflush</name>
         <value>0x27aa4</value>
         <object_component_ref idref="oc-136"/>
      </symbol>
      <symbol id="sm-66a">
         <name>_fflush</name>
         <value>0x27b0d</value>
         <object_component_ref idref="oc-136"/>
      </symbol>
      <symbol id="sm-674">
         <name>_fseek</name>
         <value>0x282a4</value>
         <object_component_ref idref="oc-13a"/>
      </symbol>
      <symbol id="sm-67e">
         <name>_setvbuf</name>
         <value>0x27752</value>
         <object_component_ref idref="oc-13e"/>
      </symbol>
      <symbol id="sm-68d">
         <name>__cleanup</name>
         <value>0x2654e</value>
         <object_component_ref idref="oc-142"/>
      </symbol>
      <symbol id="sm-68e">
         <name>_fopen</name>
         <value>0x26671</value>
         <object_component_ref idref="oc-142"/>
      </symbol>
      <symbol id="sm-68f">
         <name>_freopen</name>
         <value>0x265a8</value>
         <object_component_ref idref="oc-142"/>
      </symbol>
      <symbol id="sm-69f">
         <name>__sys_memory</name>
         <value>0x30c0</value>
         <object_component_ref idref="oc-14c"/>
      </symbol>
      <symbol id="sm-6a0">
         <name>_chkheap</name>
         <value>0x25773</value>
         <object_component_ref idref="oc-148"/>
      </symbol>
      <symbol id="sm-6a1">
         <name>_realloc</name>
         <value>0x25512</value>
         <object_component_ref idref="oc-148"/>
      </symbol>
      <symbol id="sm-6a2">
         <name>_free_memory</name>
         <value>0x2571d</value>
         <object_component_ref idref="oc-148"/>
      </symbol>
      <symbol id="sm-6a3">
         <name>_max_free</name>
         <value>0x256c3</value>
         <object_component_ref idref="oc-148"/>
      </symbol>
      <symbol id="sm-6a4">
         <name>_free</name>
         <value>0x252ec</value>
         <object_component_ref idref="oc-148"/>
      </symbol>
      <symbol id="sm-6a5">
         <name>_calloc</name>
         <value>0x2577b</value>
         <object_component_ref idref="oc-148"/>
      </symbol>
      <symbol id="sm-6a6">
         <name>_malloc</name>
         <value>0x2541d</value>
         <object_component_ref idref="oc-148"/>
      </symbol>
      <symbol id="sm-6a7">
         <name>_minit</name>
         <value>0x253b8</value>
         <object_component_ref idref="oc-148"/>
      </symbol>
      <symbol id="sm-6b1">
         <name>_fclose</name>
         <value>0x27f85</value>
         <object_component_ref idref="oc-14f"/>
      </symbol>
      <symbol id="sm-6bb">
         <name>_remove</name>
         <value>0x28779</value>
         <object_component_ref idref="oc-153"/>
      </symbol>
   </symbol_table>
</link_info>
