<?xml version="1.0"?>
<link_info>
   <banner>TMS320C55x Linker PC v4.4.1</banner>
   <copyright>Copyright (c) 1996-2012 Texas Instruments Incorporated</copyright>
   <link_time>0x5abcf464</link_time>
   <output_file>EQ.out</output_file>
   <entry_point>
      <name>_c_int00</name>
      <address>0x28526</address>
   </entry_point>
   <input_file_list>
      <input_file id="fl-2">
         <path>.\</path>
         <kind>object</kind>
         <file>aic3204.obj</file>
         <name>aic3204.obj</name>
      </input_file>
      <input_file id="fl-3">
         <path>.\</path>
         <kind>object</kind>
         <file>aic3204_init.obj</file>
         <name>aic3204_init.obj</name>
      </input_file>
      <input_file id="fl-4">
         <path>.\</path>
         <kind>object</kind>
         <file>ezdsp5535_aic3204_dma.obj</file>
         <name>ezdsp5535_aic3204_dma.obj</name>
      </input_file>
      <input_file id="fl-5">
         <path>.\</path>
         <kind>object</kind>
         <file>iir.obj</file>
         <name>iir.obj</name>
      </input_file>
      <input_file id="fl-6">
         <path>.\</path>
         <kind>object</kind>
         <file>main.obj</file>
         <name>main.obj</name>
      </input_file>
      <input_file id="fl-7">
         <path>.\</path>
         <kind>object</kind>
         <file>print_number.obj</file>
         <name>print_number.obj</name>
      </input_file>
      <input_file id="fl-8">
         <path>.\</path>
         <kind>object</kind>
         <file>processing.obj</file>
         <name>processing.obj</name>
      </input_file>
      <input_file id="fl-11">
         <path>..\lib\</path>
         <kind>archive</kind>
         <file>ezdsp5535bsl.lib</file>
         <name>ezdsp5535_sar.obj</name>
      </input_file>
      <input_file id="fl-12">
         <path>..\lib\</path>
         <kind>archive</kind>
         <file>ezdsp5535bsl.lib</file>
         <name>ezdsp5535_lcd.obj</name>
      </input_file>
      <input_file id="fl-13">
         <path>..\lib\</path>
         <kind>archive</kind>
         <file>ezdsp5535bsl.lib</file>
         <name>ezdsp5535_i2s.obj</name>
      </input_file>
      <input_file id="fl-14">
         <path>..\lib\</path>
         <kind>archive</kind>
         <file>ezdsp5535bsl.lib</file>
         <name>ezdsp5535_i2c.obj</name>
      </input_file>
      <input_file id="fl-15">
         <path>..\lib\</path>
         <kind>archive</kind>
         <file>ezdsp5535bsl.lib</file>
         <name>ezdsp5535_gpio.obj</name>
      </input_file>
      <input_file id="fl-16">
         <path>..\lib\</path>
         <kind>archive</kind>
         <file>ezdsp5535bsl.lib</file>
         <name>ezdsp5535.obj</name>
      </input_file>
      <input_file id="fl-17">
         <path>..\c55xx_csl\lib\</path>
         <kind>archive</kind>
         <file>cslVC5505.lib</file>
         <name>vectors.obj</name>
      </input_file>
      <input_file id="fl-18">
         <path>..\c55xx_csl\lib\</path>
         <kind>archive</kind>
         <file>cslVC5505.lib</file>
         <name>csl_sar.obj</name>
      </input_file>
      <input_file id="fl-19">
         <path>..\c55xx_csl\lib\</path>
         <kind>archive</kind>
         <file>cslVC5505.lib</file>
         <name>csl_irqplug.obj</name>
      </input_file>
      <input_file id="fl-1a">
         <path>..\c55xx_csl\lib\</path>
         <kind>archive</kind>
         <file>cslVC5505.lib</file>
         <name>csl_intc.obj</name>
      </input_file>
      <input_file id="fl-1b">
         <path>..\c55xx_csl\lib\</path>
         <kind>archive</kind>
         <file>cslVC5505.lib</file>
         <name>csl_i2s.obj</name>
      </input_file>
      <input_file id="fl-1c">
         <path>..\c55xx_csl\lib\</path>
         <kind>archive</kind>
         <file>cslVC5505.lib</file>
         <name>csl_i2c.obj</name>
      </input_file>
      <input_file id="fl-1d">
         <path>..\c55xx_csl\lib\</path>
         <kind>archive</kind>
         <file>cslVC5505.lib</file>
         <name>csl_gpio.obj</name>
      </input_file>
      <input_file id="fl-1e">
         <path>C:\ti\ccsv6\tools\compiler\c5500_4.4.1\lib\</path>
         <kind>archive</kind>
         <file>rts55x.lib</file>
         <name>addd.obj</name>
      </input_file>
      <input_file id="fl-1f">
         <path>C:\ti\ccsv6\tools\compiler\c5500_4.4.1\lib\</path>
         <kind>archive</kind>
         <file>rts55x.lib</file>
         <name>boot.obj</name>
      </input_file>
      <input_file id="fl-20">
         <path>C:\ti\ccsv6\tools\compiler\c5500_4.4.1\lib\</path>
         <kind>archive</kind>
         <file>rts55x.lib</file>
         <name>divul.obj</name>
      </input_file>
      <input_file id="fl-21">
         <path>C:\ti\ccsv6\tools\compiler\c5500_4.4.1\lib\</path>
         <kind>archive</kind>
         <file>rts55x.lib</file>
         <name>exit.obj</name>
      </input_file>
      <input_file id="fl-22">
         <path>C:\ti\ccsv6\tools\compiler\c5500_4.4.1\lib\</path>
         <kind>archive</kind>
         <file>rts55x.lib</file>
         <name>fixdi.obj</name>
      </input_file>
      <input_file id="fl-23">
         <path>C:\ti\ccsv6\tools\compiler\c5500_4.4.1\lib\</path>
         <kind>archive</kind>
         <file>rts55x.lib</file>
         <name>fixdli.obj</name>
      </input_file>
      <input_file id="fl-24">
         <path>C:\ti\ccsv6\tools\compiler\c5500_4.4.1\lib\</path>
         <kind>archive</kind>
         <file>rts55x.lib</file>
         <name>fltlid.obj</name>
      </input_file>
      <input_file id="fl-25">
         <path>C:\ti\ccsv6\tools\compiler\c5500_4.4.1\lib\</path>
         <kind>archive</kind>
         <file>rts55x.lib</file>
         <name>lmpy.obj</name>
      </input_file>
      <input_file id="fl-26">
         <path>C:\ti\ccsv6\tools\compiler\c5500_4.4.1\lib\</path>
         <kind>archive</kind>
         <file>rts55x.lib</file>
         <name>memset.obj</name>
      </input_file>
      <input_file id="fl-27">
         <path>C:\ti\ccsv6\tools\compiler\c5500_4.4.1\lib\</path>
         <kind>archive</kind>
         <file>rts55x.lib</file>
         <name>mpyd.obj</name>
      </input_file>
      <input_file id="fl-28">
         <path>C:\ti\ccsv6\tools\compiler\c5500_4.4.1\lib\</path>
         <kind>archive</kind>
         <file>rts55x.lib</file>
         <name>negd.obj</name>
      </input_file>
      <input_file id="fl-29">
         <path>C:\ti\ccsv6\tools\compiler\c5500_4.4.1\lib\</path>
         <kind>archive</kind>
         <file>rts55x.lib</file>
         <name>printf.obj</name>
      </input_file>
      <input_file id="fl-2a">
         <path>C:\ti\ccsv6\tools\compiler\c5500_4.4.1\lib\</path>
         <kind>archive</kind>
         <file>rts55x.lib</file>
         <name>remul.obj</name>
      </input_file>
      <input_file id="fl-2b">
         <path>C:\ti\ccsv6\tools\compiler\c5500_4.4.1\lib\</path>
         <kind>archive</kind>
         <file>rts55x.lib</file>
         <name>vectors.obj</name>
      </input_file>
      <input_file id="fl-2c">
         <path>C:\ti\ccsv6\tools\compiler\c5500_4.4.1\lib\</path>
         <kind>archive</kind>
         <file>rts55x.lib</file>
         <name>_lock.obj</name>
      </input_file>
      <input_file id="fl-2d">
         <path>C:\ti\ccsv6\tools\compiler\c5500_4.4.1\lib\</path>
         <kind>archive</kind>
         <file>rts55x.lib</file>
         <name>_printfi.obj</name>
      </input_file>
      <input_file id="fl-2e">
         <path>C:\ti\ccsv6\tools\compiler\c5500_4.4.1\lib\</path>
         <kind>archive</kind>
         <file>rts55x.lib</file>
         <name>args_main.obj</name>
      </input_file>
      <input_file id="fl-2f">
         <path>C:\ti\ccsv6\tools\compiler\c5500_4.4.1\lib\</path>
         <kind>archive</kind>
         <file>rts55x.lib</file>
         <name>atoi.obj</name>
      </input_file>
      <input_file id="fl-30">
         <path>C:\ti\ccsv6\tools\compiler\c5500_4.4.1\lib\</path>
         <kind>archive</kind>
         <file>rts55x.lib</file>
         <name>autoinit.obj</name>
      </input_file>
      <input_file id="fl-31">
         <path>C:\ti\ccsv6\tools\compiler\c5500_4.4.1\lib\</path>
         <kind>archive</kind>
         <file>rts55x.lib</file>
         <name>cmpd.obj</name>
      </input_file>
      <input_file id="fl-32">
         <path>C:\ti\ccsv6\tools\compiler\c5500_4.4.1\lib\</path>
         <kind>archive</kind>
         <file>rts55x.lib</file>
         <name>ctype.obj</name>
      </input_file>
      <input_file id="fl-33">
         <path>C:\ti\ccsv6\tools\compiler\c5500_4.4.1\lib\</path>
         <kind>archive</kind>
         <file>rts55x.lib</file>
         <name>defs.obj</name>
      </input_file>
      <input_file id="fl-34">
         <path>C:\ti\ccsv6\tools\compiler\c5500_4.4.1\lib\</path>
         <kind>archive</kind>
         <file>rts55x.lib</file>
         <name>divd.obj</name>
      </input_file>
      <input_file id="fl-35">
         <path>C:\ti\ccsv6\tools\compiler\c5500_4.4.1\lib\</path>
         <kind>archive</kind>
         <file>rts55x.lib</file>
         <name>fputc.obj</name>
      </input_file>
      <input_file id="fl-36">
         <path>C:\ti\ccsv6\tools\compiler\c5500_4.4.1\lib\</path>
         <kind>archive</kind>
         <file>rts55x.lib</file>
         <name>fputs.obj</name>
      </input_file>
      <input_file id="fl-37">
         <path>C:\ti\ccsv6\tools\compiler\c5500_4.4.1\lib\</path>
         <kind>archive</kind>
         <file>rts55x.lib</file>
         <name>frcmpyd.obj</name>
      </input_file>
      <input_file id="fl-38">
         <path>C:\ti\ccsv6\tools\compiler\c5500_4.4.1\lib\</path>
         <kind>archive</kind>
         <file>rts55x.lib</file>
         <name>frcmpyd_div.obj</name>
      </input_file>
      <input_file id="fl-39">
         <path>C:\ti\ccsv6\tools\compiler\c5500_4.4.1\lib\</path>
         <kind>archive</kind>
         <file>rts55x.lib</file>
         <name>isinf.obj</name>
      </input_file>
      <input_file id="fl-3a">
         <path>C:\ti\ccsv6\tools\compiler\c5500_4.4.1\lib\</path>
         <kind>archive</kind>
         <file>rts55x.lib</file>
         <name>llmpy.obj</name>
      </input_file>
      <input_file id="fl-3b">
         <path>C:\ti\ccsv6\tools\compiler\c5500_4.4.1\lib\</path>
         <kind>archive</kind>
         <file>rts55x.lib</file>
         <name>lowlev.obj</name>
      </input_file>
      <input_file id="fl-3c">
         <path>C:\ti\ccsv6\tools\compiler\c5500_4.4.1\lib\</path>
         <kind>archive</kind>
         <file>rts55x.lib</file>
         <name>ltoa.obj</name>
      </input_file>
      <input_file id="fl-3d">
         <path>C:\ti\ccsv6\tools\compiler\c5500_4.4.1\lib\</path>
         <kind>archive</kind>
         <file>rts55x.lib</file>
         <name>memccpy.obj</name>
      </input_file>
      <input_file id="fl-3e">
         <path>C:\ti\ccsv6\tools\compiler\c5500_4.4.1\lib\</path>
         <kind>archive</kind>
         <file>rts55x.lib</file>
         <name>memcpy.obj</name>
      </input_file>
      <input_file id="fl-3f">
         <path>C:\ti\ccsv6\tools\compiler\c5500_4.4.1\lib\</path>
         <kind>archive</kind>
         <file>rts55x.lib</file>
         <name>remli.obj</name>
      </input_file>
      <input_file id="fl-40">
         <path>C:\ti\ccsv6\tools\compiler\c5500_4.4.1\lib\</path>
         <kind>archive</kind>
         <file>rts55x.lib</file>
         <name>subd.obj</name>
      </input_file>
      <input_file id="fl-41">
         <path>C:\ti\ccsv6\tools\compiler\c5500_4.4.1\lib\</path>
         <kind>archive</kind>
         <file>rts55x.lib</file>
         <name>trgdrv.obj</name>
      </input_file>
      <input_file id="fl-42">
         <path>C:\ti\ccsv6\tools\compiler\c5500_4.4.1\lib\</path>
         <kind>archive</kind>
         <file>rts55x.lib</file>
         <name>trgmsg.obj</name>
      </input_file>
      <input_file id="fl-43">
         <path>C:\ti\ccsv6\tools\compiler\c5500_4.4.1\lib\</path>
         <kind>archive</kind>
         <file>rts55x.lib</file>
         <name>udiv.obj</name>
      </input_file>
      <input_file id="fl-44">
         <path>C:\ti\ccsv6\tools\compiler\c5500_4.4.1\lib\</path>
         <kind>archive</kind>
         <file>rts55x.lib</file>
         <name>_io_perm.obj</name>
      </input_file>
      <input_file id="fl-45">
         <path>C:\ti\ccsv6\tools\compiler\c5500_4.4.1\lib\</path>
         <kind>archive</kind>
         <file>rts55x.lib</file>
         <name>divli.obj</name>
      </input_file>
      <input_file id="fl-46">
         <path>C:\ti\ccsv6\tools\compiler\c5500_4.4.1\lib\</path>
         <kind>archive</kind>
         <file>rts55x.lib</file>
         <name>fflush.obj</name>
      </input_file>
      <input_file id="fl-47">
         <path>C:\ti\ccsv6\tools\compiler\c5500_4.4.1\lib\</path>
         <kind>archive</kind>
         <file>rts55x.lib</file>
         <name>fseek.obj</name>
      </input_file>
      <input_file id="fl-48">
         <path>C:\ti\ccsv6\tools\compiler\c5500_4.4.1\lib\</path>
         <kind>archive</kind>
         <file>rts55x.lib</file>
         <name>setvbuf.obj</name>
      </input_file>
      <input_file id="fl-49">
         <path>C:\ti\ccsv6\tools\compiler\c5500_4.4.1\lib\</path>
         <kind>archive</kind>
         <file>rts55x.lib</file>
         <name>fopen.obj</name>
      </input_file>
      <input_file id="fl-4a">
         <path>C:\ti\ccsv6\tools\compiler\c5500_4.4.1\lib\</path>
         <kind>archive</kind>
         <file>rts55x.lib</file>
         <name>memory.obj</name>
      </input_file>
      <input_file id="fl-4b">
         <path>C:\ti\ccsv6\tools\compiler\c5500_4.4.1\lib\</path>
         <kind>archive</kind>
         <file>rts55x.lib</file>
         <name>fclose.obj</name>
      </input_file>
      <input_file id="fl-4c">
         <path>C:\ti\ccsv6\tools\compiler\c5500_4.4.1\lib\</path>
         <kind>archive</kind>
         <file>rts55x.lib</file>
         <name>remove.obj</name>
      </input_file>
   </input_file_list>
   <object_component_list>
      <object_component id="oc-c8">
         <name>.text</name>
         <load_address>0x20000</load_address>
         <run_address>0x20000</run_address>
         <size>0x15a4</size>
         <input_file_ref idref="fl-2d"/>
      </object_component>
      <object_component id="oc-7b">
         <name>.text</name>
         <load_address>0x215a4</load_address>
         <run_address>0x215a4</run_address>
         <size>0xc3c</size>
         <input_file_ref idref="fl-1c"/>
      </object_component>
      <object_component id="oc-65">
         <name>.text</name>
         <load_address>0x221e0</load_address>
         <run_address>0x221e0</run_address>
         <size>0xb18</size>
         <input_file_ref idref="fl-18"/>
      </object_component>
      <object_component id="oc-74">
         <name>.text</name>
         <load_address>0x22cf8</load_address>
         <run_address>0x22cf8</run_address>
         <size>0x9f3</size>
         <input_file_ref idref="fl-1b"/>
      </object_component>
      <object_component id="oc-81">
         <name>.text</name>
         <load_address>0x236eb</load_address>
         <run_address>0x236eb</run_address>
         <size>0x68d</size>
         <input_file_ref idref="fl-1d"/>
      </object_component>
      <object_component id="oc-18">
         <name>.text</name>
         <load_address>0x23d78</load_address>
         <run_address>0x23d78</run_address>
         <size>0x5b5</size>
         <input_file_ref idref="fl-3"/>
      </object_component>
      <object_component id="oc-6e">
         <name>.text</name>
         <load_address>0x2432d</load_address>
         <run_address>0x2432d</run_address>
         <size>0x554</size>
         <input_file_ref idref="fl-1a"/>
      </object_component>
      <object_component id="oc-101">
         <name>.text</name>
         <load_address>0x24881</load_address>
         <run_address>0x24881</run_address>
         <size>0x543</size>
         <input_file_ref idref="fl-3b"/>
      </object_component>
      <object_component id="oc-11b">
         <name>.text</name>
         <load_address>0x24dc4</load_address>
         <run_address>0x24dc4</run_address>
         <size>0x528</size>
         <input_file_ref idref="fl-41"/>
      </object_component>
      <object_component id="oc-144">
         <name>.text</name>
         <load_address>0x252ec</load_address>
         <run_address>0x252ec</run_address>
         <size>0x4b5</size>
         <input_file_ref idref="fl-4a"/>
      </object_component>
      <object_component id="oc-e4">
         <name>.text</name>
         <load_address>0x257a1</load_address>
         <run_address>0x257a1</run_address>
         <size>0x3cc</size>
         <input_file_ref idref="fl-34"/>
      </object_component>
      <object_component id="oc-1e">
         <name>.text</name>
         <load_address>0x25b6d</load_address>
         <run_address>0x25b6d</run_address>
         <size>0x31b</size>
         <input_file_ref idref="fl-4"/>
      </object_component>
      <object_component id="oc-32">
         <name>.text</name>
         <load_address>0x25e88</load_address>
         <run_address>0x25e88</run_address>
         <size>0x2d2</size>
         <input_file_ref idref="fl-7"/>
      </object_component>
      <object_component id="oc-13e">
         <name>.text</name>
         <load_address>0x2615a</load_address>
         <run_address>0x2615a</run_address>
         <size>0x27f</size>
         <input_file_ref idref="fl-49"/>
      </object_component>
      <object_component id="oc-fd">
         <name>.text</name>
         <load_address>0x263d9</load_address>
         <run_address>0x263d9</run_address>
         <size>0x25e</size>
         <input_file_ref idref="fl-3a"/>
      </object_component>
      <object_component id="oc-86">
         <name>.text</name>
         <load_address>0x26637</load_address>
         <run_address>0x26637</run_address>
         <size>0x25a</size>
         <input_file_ref idref="fl-1e"/>
      </object_component>
      <object_component id="oc-38">
         <name>.text</name>
         <load_address>0x26891</load_address>
         <run_address>0x26891</run_address>
         <size>0x222</size>
         <input_file_ref idref="fl-8"/>
      </object_component>
      <object_component id="oc-da">
         <name>.text</name>
         <load_address>0x26ab3</load_address>
         <run_address>0x26ab3</run_address>
         <size>0x1ea</size>
         <input_file_ref idref="fl-31"/>
      </object_component>
      <object_component id="oc-2a">
         <name>.text</name>
         <load_address>0x26c9d</load_address>
         <run_address>0x26c9d</run_address>
         <size>0x1db</size>
         <input_file_ref idref="fl-6"/>
      </object_component>
      <object_component id="oc-45">
         <name>.text</name>
         <load_address>0x26e78</load_address>
         <run_address>0x26e78</run_address>
         <size>0x192</size>
         <input_file_ref idref="fl-12"/>
      </object_component>
      <object_component id="oc-3e">
         <name>.text</name>
         <load_address>0x2700a</load_address>
         <run_address>0x2700a</run_address>
         <size>0x17a</size>
         <input_file_ref idref="fl-11"/>
      </object_component>
      <object_component id="oc-ec">
         <name>.text</name>
         <load_address>0x27184</load_address>
         <run_address>0x27184</run_address>
         <size>0x163</size>
         <input_file_ref idref="fl-36"/>
      </object_component>
      <object_component id="oc-ae">
         <name>.text</name>
         <load_address>0x272e7</load_address>
         <run_address>0x272e7</run_address>
         <size>0x14c</size>
         <input_file_ref idref="fl-27"/>
      </object_component>
      <object_component id="oc-25">
         <name>.text</name>
         <load_address>0x27433</load_address>
         <run_address>0x27433</run_address>
         <size>0x120</size>
         <input_file_ref idref="fl-5"/>
      </object_component>
      <object_component id="oc-4a">
         <name>.text</name>
         <load_address>0x27553</load_address>
         <run_address>0x27553</run_address>
         <size>0x107</size>
         <input_file_ref idref="fl-13"/>
      </object_component>
      <object_component id="oc-13a">
         <name>.text</name>
         <load_address>0x2765a</load_address>
         <run_address>0x2765a</run_address>
         <size>0xe6</size>
         <input_file_ref idref="fl-48"/>
      </object_component>
      <object_component id="oc-12a">
         <name>.text</name>
         <load_address>0x27740</load_address>
         <run_address>0x27740</run_address>
         <size>0xdd</size>
         <input_file_ref idref="fl-44"/>
      </object_component>
      <object_component id="oc-21">
         <name>.text:retain</name>
         <load_address>0x2781d</load_address>
         <run_address>0x2781d</run_address>
         <size>0xcc</size>
         <input_file_ref idref="fl-4"/>
      </object_component>
      <object_component id="oc-12">
         <name>.text</name>
         <load_address>0x278e9</load_address>
         <run_address>0x278e9</run_address>
         <size>0xc3</size>
         <input_file_ref idref="fl-2"/>
      </object_component>
      <object_component id="oc-132">
         <name>.text</name>
         <load_address>0x279ac</load_address>
         <run_address>0x279ac</run_address>
         <size>0xc2</size>
         <input_file_ref idref="fl-46"/>
      </object_component>
      <object_component id="oc-123">
         <name>.text:CIO_breakpoint</name>
         <load_address>0x27a6e</load_address>
         <run_address>0x27a6e</run_address>
         <size>0xba</size>
         <input_file_ref idref="fl-42"/>
      </object_component>
      <object_component id="oc-e8">
         <name>.text</name>
         <load_address>0x27b28</load_address>
         <run_address>0x27b28</run_address>
         <size>0xa6</size>
         <input_file_ref idref="fl-35"/>
      </object_component>
      <object_component id="oc-8e">
         <name>.text</name>
         <load_address>0x27bce</load_address>
         <run_address>0x27bce</run_address>
         <size>0xa1</size>
         <input_file_ref idref="fl-20"/>
      </object_component>
      <object_component id="oc-50">
         <name>.text</name>
         <load_address>0x27c6f</load_address>
         <run_address>0x27c6f</run_address>
         <size>0x8e</size>
         <input_file_ref idref="fl-14"/>
      </object_component>
      <object_component id="oc-6a">
         <name>.text</name>
         <load_address>0x27cfd</load_address>
         <run_address>0x27cfd</run_address>
         <size>0x8c</size>
         <input_file_ref idref="fl-19"/>
      </object_component>
      <object_component id="oc-55">
         <name>.text</name>
         <load_address>0x27d89</load_address>
         <run_address>0x27d89</run_address>
         <size>0x87</size>
         <input_file_ref idref="fl-15"/>
      </object_component>
      <object_component id="oc-107">
         <name>.text</name>
         <load_address>0x27e10</load_address>
         <run_address>0x27e10</run_address>
         <size>0x7d</size>
         <input_file_ref idref="fl-3c"/>
      </object_component>
      <object_component id="oc-14b">
         <name>.text</name>
         <load_address>0x27e8d</load_address>
         <run_address>0x27e8d</run_address>
         <size>0x7b</size>
         <input_file_ref idref="fl-4b"/>
      </object_component>
      <object_component id="oc-f1">
         <name>.text</name>
         <load_address>0x27f08</load_address>
         <run_address>0x27f08</run_address>
         <size>0x76</size>
         <input_file_ref idref="fl-37"/>
      </object_component>
      <object_component id="oc-f5">
         <name>.text</name>
         <load_address>0x27f7e</load_address>
         <run_address>0x27f7e</run_address>
         <size>0x73</size>
         <input_file_ref idref="fl-38"/>
      </object_component>
      <object_component id="oc-ba">
         <name>.text</name>
         <load_address>0x27ff1</load_address>
         <run_address>0x27ff1</run_address>
         <size>0x72</size>
         <input_file_ref idref="fl-2a"/>
      </object_component>
      <object_component id="oc-9d">
         <name>.text</name>
         <load_address>0x28063</load_address>
         <run_address>0x28063</run_address>
         <size>0x6f</size>
         <input_file_ref idref="fl-23"/>
      </object_component>
      <object_component id="oc-60">
         <name>.text</name>
         <load_address>0x280d2</load_address>
         <run_address>0x280d2</run_address>
         <size>0x6d</size>
         <input_file_ref idref="fl-17"/>
      </object_component>
      <object_component id="oc-120">
         <name>.text</name>
         <load_address>0x2813f</load_address>
         <run_address>0x2813f</run_address>
         <size>0x6d</size>
         <input_file_ref idref="fl-42"/>
      </object_component>
      <object_component id="oc-136">
         <name>.text</name>
         <load_address>0x281ac</load_address>
         <run_address>0x281ac</run_address>
         <size>0x6b</size>
         <input_file_ref idref="fl-47"/>
      </object_component>
      <object_component id="oc-a1">
         <name>.text</name>
         <load_address>0x28217</load_address>
         <run_address>0x28217</run_address>
         <size>0x67</size>
         <input_file_ref idref="fl-24"/>
      </object_component>
      <object_component id="oc-d2">
         <name>.text</name>
         <load_address>0x2827e</load_address>
         <run_address>0x2827e</run_address>
         <size>0x5c</size>
         <input_file_ref idref="fl-2f"/>
      </object_component>
      <object_component id="oc-5b">
         <name>.text</name>
         <load_address>0x282da</load_address>
         <run_address>0x282da</run_address>
         <size>0x54</size>
         <input_file_ref idref="fl-16"/>
      </object_component>
      <object_component id="oc-b6">
         <name>.text</name>
         <load_address>0x2832e</load_address>
         <run_address>0x2832e</run_address>
         <size>0x50</size>
         <input_file_ref idref="fl-29"/>
      </object_component>
      <object_component id="oc-d6">
         <name>.text</name>
         <load_address>0x2837e</load_address>
         <run_address>0x2837e</run_address>
         <size>0x4d</size>
         <input_file_ref idref="fl-30"/>
      </object_component>
      <object_component id="oc-ce">
         <name>.text</name>
         <load_address>0x283cb</load_address>
         <run_address>0x283cb</run_address>
         <size>0x4b</size>
         <input_file_ref idref="fl-2e"/>
      </object_component>
      <object_component id="oc-113">
         <name>.text</name>
         <load_address>0x28416</load_address>
         <run_address>0x28416</run_address>
         <size>0x4b</size>
         <input_file_ref idref="fl-3f"/>
      </object_component>
      <object_component id="oc-12e">
         <name>.text</name>
         <load_address>0x28461</load_address>
         <run_address>0x28461</run_address>
         <size>0x48</size>
         <input_file_ref idref="fl-45"/>
      </object_component>
      <object_component id="oc-10f">
         <name>.text</name>
         <load_address>0x284a9</load_address>
         <run_address>0x284a9</run_address>
         <size>0x3f</size>
         <input_file_ref idref="fl-3e"/>
      </object_component>
      <object_component id="oc-92">
         <name>.text</name>
         <load_address>0x284e8</load_address>
         <run_address>0x284e8</run_address>
         <size>0x3e</size>
         <input_file_ref idref="fl-21"/>
      </object_component>
      <object_component id="oc-10">
         <name>.text</name>
         <load_address>0x28526</load_address>
         <run_address>0x28526</run_address>
         <size>0x34</size>
         <input_file_ref idref="fl-1f"/>
      </object_component>
      <object_component id="oc-99">
         <name>.text</name>
         <load_address>0x2855a</load_address>
         <run_address>0x2855a</run_address>
         <size>0x2a</size>
         <input_file_ref idref="fl-22"/>
      </object_component>
      <object_component id="oc-126">
         <name>.text</name>
         <load_address>0x28584</load_address>
         <run_address>0x28584</run_address>
         <size>0x2a</size>
         <input_file_ref idref="fl-43"/>
      </object_component>
      <object_component id="oc-10b">
         <name>.text</name>
         <load_address>0x285ae</load_address>
         <run_address>0x285ae</run_address>
         <size>0x23</size>
         <input_file_ref idref="fl-3d"/>
      </object_component>
      <object_component id="oc-f9">
         <name>.text</name>
         <load_address>0x285d1</load_address>
         <run_address>0x285d1</run_address>
         <size>0x1a</size>
         <input_file_ref idref="fl-39"/>
      </object_component>
      <object_component id="oc-117">
         <name>.text</name>
         <load_address>0x285eb</load_address>
         <run_address>0x285eb</run_address>
         <size>0x14</size>
         <input_file_ref idref="fl-40"/>
      </object_component>
      <object_component id="oc-a6">
         <name>.text</name>
         <load_address>0x285ff</load_address>
         <run_address>0x285ff</run_address>
         <size>0x13</size>
         <input_file_ref idref="fl-25"/>
      </object_component>
      <object_component id="oc-c2">
         <name>.text</name>
         <load_address>0x28612</load_address>
         <run_address>0x28612</run_address>
         <size>0x12</size>
         <input_file_ref idref="fl-2c"/>
      </object_component>
      <object_component id="oc-aa">
         <name>.text</name>
         <load_address>0x28624</load_address>
         <run_address>0x28624</run_address>
         <size>0x11</size>
         <input_file_ref idref="fl-26"/>
      </object_component>
      <object_component id="oc-b2">
         <name>.text</name>
         <load_address>0x28635</load_address>
         <run_address>0x28635</run_address>
         <size>0x10</size>
         <input_file_ref idref="fl-28"/>
      </object_component>
      <object_component id="oc-14f">
         <name>.text</name>
         <load_address>0x28645</load_address>
         <run_address>0x28645</run_address>
         <size>0xa</size>
         <input_file_ref idref="fl-4c"/>
      </object_component>
      <object_component id="oc-96">
         <name>.text:CIO_breakpoint</name>
         <load_address>0x2864f</load_address>
         <run_address>0x2864f</run_address>
         <size>0x7</size>
         <input_file_ref idref="fl-21"/>
      </object_component>
      <object_component id="oc-be">
         <name>.text</name>
         <load_address>0x28656</load_address>
         <run_address>0x28656</run_address>
         <size>0x2</size>
         <input_file_ref idref="fl-2b"/>
      </object_component>
      <object_component id="oc-8a">
         <name>.stack</name>
         <uninitialized>true</uninitialized>
         <run_address>0xc0</run_address>
         <size>0x0</size>
         <input_file_ref idref="fl-1f"/>
      </object_component>
      <object_component id="oc-16f">
         <name>.stack</name>
         <uninitialized>true</uninitialized>
         <run_address>0xc0</run_address>
         <size>0x0</size>
      </object_component>
      <object_component id="oc-153">
         <name>.sysstack</name>
         <uninitialized>true</uninitialized>
         <run_address>0x20c0</run_address>
         <size>0x0</size>
         <input_file_ref idref="fl-1f"/>
      </object_component>
      <object_component id="oc-171">
         <name>.sysstack</name>
         <uninitialized>true</uninitialized>
         <run_address>0x20c0</run_address>
         <size>0x0</size>
      </object_component>
      <object_component id="oc-1f">
         <name>.bss</name>
         <uninitialized>true</uninitialized>
         <run_address>0x50c0</run_address>
         <size>0x810</size>
         <input_file_ref idref="fl-4"/>
      </object_component>
      <object_component id="oc-e0">
         <name>.bss</name>
         <uninitialized>true</uninitialized>
         <run_address>0x58d0</run_address>
         <size>0x232</size>
         <input_file_ref idref="fl-33"/>
      </object_component>
      <object_component id="oc-13">
         <name>.bss</name>
         <uninitialized>true</uninitialized>
         <run_address>0x5b02</run_address>
         <size>0x4</size>
         <input_file_ref idref="fl-2"/>
      </object_component>
      <object_component id="oc-13f">
         <name>.bss</name>
         <uninitialized>true</uninitialized>
         <run_address>0x5b06</run_address>
         <size>0x2</size>
         <input_file_ref idref="fl-49"/>
      </object_component>
      <object_component id="oc-2b">
         <name>.bss</name>
         <uninitialized>true</uninitialized>
         <run_address>0x5b08</run_address>
         <size>0x218</size>
         <input_file_ref idref="fl-6"/>
      </object_component>
      <object_component id="oc-11c">
         <name>.bss</name>
         <uninitialized>true</uninitialized>
         <run_address>0x5d20</run_address>
         <size>0x1a0</size>
         <input_file_ref idref="fl-41"/>
      </object_component>
      <object_component id="oc-6f">
         <name>.bss</name>
         <uninitialized>true</uninitialized>
         <run_address>0x5ec0</run_address>
         <size>0x108</size>
         <input_file_ref idref="fl-1a"/>
      </object_component>
      <object_component id="oc-102">
         <name>.bss</name>
         <uninitialized>true</uninitialized>
         <run_address>0x5fc8</run_address>
         <size>0xe2</size>
         <input_file_ref idref="fl-3b"/>
      </object_component>
      <object_component id="oc-75">
         <name>.bss</name>
         <uninitialized>true</uninitialized>
         <run_address>0x60aa</run_address>
         <size>0x54</size>
         <input_file_ref idref="fl-1b"/>
      </object_component>
      <object_component id="oc-7c">
         <name>.bss</name>
         <uninitialized>true</uninitialized>
         <run_address>0x6100</run_address>
         <size>0x24</size>
         <input_file_ref idref="fl-1c"/>
      </object_component>
      <object_component id="oc-3f">
         <name>.bss</name>
         <uninitialized>true</uninitialized>
         <run_address>0x6124</run_address>
         <size>0x10</size>
         <input_file_ref idref="fl-11"/>
      </object_component>
      <object_component id="oc-145">
         <name>.bss</name>
         <uninitialized>true</uninitialized>
         <run_address>0x6134</run_address>
         <size>0xc</size>
         <input_file_ref idref="fl-4a"/>
      </object_component>
      <object_component id="oc-56">
         <name>.bss</name>
         <uninitialized>true</uninitialized>
         <run_address>0x6140</run_address>
         <size>0x8</size>
         <input_file_ref idref="fl-15"/>
      </object_component>
      <object_component id="oc-c3">
         <name>.bss</name>
         <uninitialized>true</uninitialized>
         <run_address>0x6148</run_address>
         <size>0x8</size>
         <input_file_ref idref="fl-2c"/>
      </object_component>
      <object_component id="oc-93">
         <name>.bss</name>
         <uninitialized>true</uninitialized>
         <run_address>0x6150</run_address>
         <size>0x8</size>
         <input_file_ref idref="fl-21"/>
      </object_component>
      <object_component id="oc-4b">
         <name>.bss</name>
         <uninitialized>true</uninitialized>
         <run_address>0x6158</run_address>
         <size>0x4</size>
         <input_file_ref idref="fl-13"/>
      </object_component>
      <object_component id="oc-1a">
         <name>.const:.string</name>
         <load_address>0x615c</load_address>
         <run_address>0x615c</run_address>
         <size>0x2e8</size>
         <input_file_ref idref="fl-3"/>
      </object_component>
      <object_component id="oc-156">
         <name>.const:__ctypes_</name>
         <load_address>0x6444</load_address>
         <run_address>0x6444</run_address>
         <size>0x202</size>
         <input_file_ref idref="fl-32"/>
      </object_component>
      <object_component id="oc-155">
         <name>.const:_consolas_8ptBitmaps</name>
         <load_address>0x6646</load_address>
         <run_address>0x6646</run_address>
         <size>0xc0</size>
         <input_file_ref idref="fl-7"/>
      </object_component>
      <object_component id="oc-34">
         <name>.const</name>
         <load_address>0x6706</load_address>
         <run_address>0x6706</run_address>
         <size>0x2</size>
         <input_file_ref idref="fl-7"/>
      </object_component>
      <object_component id="oc-cb">
         <name>.const:.string</name>
         <load_address>0x6708</load_address>
         <run_address>0x6708</run_address>
         <size>0x48</size>
         <input_file_ref idref="fl-2d"/>
      </object_component>
      <object_component id="oc-2e">
         <name>.const:.string</name>
         <load_address>0x6750</load_address>
         <run_address>0x6750</run_address>
         <size>0x3e</size>
         <input_file_ref idref="fl-6"/>
      </object_component>
      <object_component id="oc-ca">
         <name>.const</name>
         <load_address>0x6790</load_address>
         <run_address>0x6790</run_address>
         <size>0x18</size>
         <input_file_ref idref="fl-2d"/>
      </object_component>
      <object_component id="oc-157">
         <name>.const:_initial_approx$1</name>
         <load_address>0x67a8</load_address>
         <run_address>0x67a8</run_address>
         <size>0x10</size>
         <input_file_ref idref="fl-34"/>
      </object_component>
      <object_component id="oc-3a">
         <name>.const</name>
         <load_address>0x67b8</load_address>
         <run_address>0x67b8</run_address>
         <size>0x8</size>
         <input_file_ref idref="fl-8"/>
      </object_component>
      <object_component id="oc-ee">
         <name>.const:.string</name>
         <load_address>0x67c0</load_address>
         <run_address>0x67c0</run_address>
         <size>0x4</size>
         <input_file_ref idref="fl-36"/>
      </object_component>
      <object_component id="oc-a3">
         <name>.const</name>
         <load_address>0x67c4</load_address>
         <run_address>0x67c4</run_address>
         <size>0x4</size>
         <input_file_ref idref="fl-24"/>
      </object_component>
      <object_component id="oc-148">
         <name>.sysmem</name>
         <uninitialized>true</uninitialized>
         <run_address>0x30c0</run_address>
         <size>0x0</size>
         <input_file_ref idref="fl-4a"/>
      </object_component>
      <object_component id="oc-170">
         <name>.sysmem</name>
         <uninitialized>true</uninitialized>
         <run_address>0x30c0</run_address>
         <size>0x0</size>
      </object_component>
      <object_component id="oc-154">
         <name>.switch:_printChar</name>
         <load_address>0x40374</load_address>
         <run_address>0x40374</run_address>
         <size>0x28</size>
         <input_file_ref idref="fl-7"/>
      </object_component>
      <object_component id="oc-104">
         <name>.cinit</name>
         <load_address>0x40240</load_address>
         <run_address>0x40240</run_address>
         <size>0x5a</size>
         <input_file_ref idref="fl-3b"/>
      </object_component>
      <object_component id="oc-e2">
         <name>.cinit</name>
         <load_address>0x4029a</load_address>
         <run_address>0x4029a</run_address>
         <size>0x54</size>
         <input_file_ref idref="fl-33"/>
      </object_component>
      <object_component id="oc-2d">
         <name>.cinit</name>
         <load_address>0x402ee</load_address>
         <run_address>0x402ee</run_address>
         <size>0x24</size>
         <input_file_ref idref="fl-6"/>
      </object_component>
      <object_component id="oc-41">
         <name>.cinit</name>
         <load_address>0x40312</load_address>
         <run_address>0x40312</run_address>
         <size>0x18</size>
         <input_file_ref idref="fl-11"/>
      </object_component>
      <object_component id="oc-c5">
         <name>.cinit</name>
         <load_address>0x4032a</load_address>
         <run_address>0x4032a</run_address>
         <size>0x14</size>
         <input_file_ref idref="fl-2c"/>
      </object_component>
      <object_component id="oc-95">
         <name>.cinit</name>
         <load_address>0x4033e</load_address>
         <run_address>0x4033e</run_address>
         <size>0x14</size>
         <input_file_ref idref="fl-21"/>
      </object_component>
      <object_component id="oc-77">
         <name>.cinit</name>
         <load_address>0x40352</load_address>
         <run_address>0x40352</run_address>
         <size>0x10</size>
         <input_file_ref idref="fl-1b"/>
      </object_component>
      <object_component id="oc-141">
         <name>.cinit</name>
         <load_address>0x40362</load_address>
         <run_address>0x40362</run_address>
         <size>0x8</size>
         <input_file_ref idref="fl-49"/>
      </object_component>
      <object_component id="oc-147">
         <name>.cinit</name>
         <load_address>0x4036a</load_address>
         <run_address>0x4036a</run_address>
         <size>0x8</size>
         <input_file_ref idref="fl-4a"/>
      </object_component>
      <object_component id="oc-122">
         <name>.cio</name>
         <uninitialized>true</uninitialized>
         <run_address>0x40000</run_address>
         <size>0x240</size>
         <input_file_ref idref="fl-42"/>
      </object_component>
      <object_component id="oc-61">
         <name>vectors</name>
         <load_address>0x4fe00</load_address>
         <run_address>0x4fe00</run_address>
         <size>0x100</size>
         <input_file_ref idref="fl-17"/>
      </object_component>
      <object_component id="oc-11">
         <name>vectors</name>
         <load_address>0x4ff00</load_address>
         <run_address>0x4ff00</run_address>
         <size>0x100</size>
         <input_file_ref idref="fl-2b"/>
      </object_component>
      <object_component id="oc-14">
         <name>.debug_info</name>
         <load_address>0x0</load_address>
         <run_address>0x0</run_address>
         <size>0xc68</size>
         <input_file_ref idref="fl-2"/>
      </object_component>
      <object_component id="oc-19">
         <name>.debug_info</name>
         <load_address>0xc68</load_address>
         <run_address>0xc68</run_address>
         <size>0x1bbf</size>
         <input_file_ref idref="fl-3"/>
      </object_component>
      <object_component id="oc-20">
         <name>.debug_info</name>
         <load_address>0x2827</load_address>
         <run_address>0x2827</run_address>
         <size>0x1052</size>
         <input_file_ref idref="fl-4"/>
      </object_component>
      <object_component id="oc-26">
         <name>.debug_info</name>
         <load_address>0x3879</load_address>
         <run_address>0x3879</run_address>
         <size>0x76f</size>
         <input_file_ref idref="fl-5"/>
      </object_component>
      <object_component id="oc-2c">
         <name>.debug_info</name>
         <load_address>0x3fe8</load_address>
         <run_address>0x3fe8</run_address>
         <size>0xde1</size>
         <input_file_ref idref="fl-6"/>
      </object_component>
      <object_component id="oc-33">
         <name>.debug_info</name>
         <load_address>0x4dc9</load_address>
         <run_address>0x4dc9</run_address>
         <size>0xcf1</size>
         <input_file_ref idref="fl-7"/>
      </object_component>
      <object_component id="oc-39">
         <name>.debug_info</name>
         <load_address>0x5aba</load_address>
         <run_address>0x5aba</run_address>
         <size>0xc47</size>
         <input_file_ref idref="fl-8"/>
      </object_component>
      <object_component id="oc-40">
         <name>.debug_info</name>
         <load_address>0x6701</load_address>
         <run_address>0x6701</run_address>
         <size>0x6384</size>
         <input_file_ref idref="fl-11"/>
      </object_component>
      <object_component id="oc-46">
         <name>.debug_info</name>
         <load_address>0xca85</load_address>
         <run_address>0xca85</run_address>
         <size>0x5f6b</size>
         <input_file_ref idref="fl-12"/>
      </object_component>
      <object_component id="oc-4c">
         <name>.debug_info</name>
         <load_address>0x129f0</load_address>
         <run_address>0x129f0</run_address>
         <size>0x6979</size>
         <input_file_ref idref="fl-13"/>
      </object_component>
      <object_component id="oc-51">
         <name>.debug_info</name>
         <load_address>0x19369</load_address>
         <run_address>0x19369</run_address>
         <size>0x65d7</size>
         <input_file_ref idref="fl-14"/>
      </object_component>
      <object_component id="oc-57">
         <name>.debug_info</name>
         <load_address>0x1f940</load_address>
         <run_address>0x1f940</run_address>
         <size>0x63d2</size>
         <input_file_ref idref="fl-15"/>
      </object_component>
      <object_component id="oc-5c">
         <name>.debug_info</name>
         <load_address>0x25d12</load_address>
         <run_address>0x25d12</run_address>
         <size>0x5896</size>
         <input_file_ref idref="fl-16"/>
      </object_component>
      <object_component id="oc-62">
         <name>.debug_info</name>
         <load_address>0x2b5a8</load_address>
         <run_address>0x2b5a8</run_address>
         <size>0x1a4</size>
         <input_file_ref idref="fl-17"/>
      </object_component>
      <object_component id="oc-66">
         <name>.debug_info</name>
         <load_address>0x2b74c</load_address>
         <run_address>0x2b74c</run_address>
         <size>0x6ebb</size>
         <input_file_ref idref="fl-18"/>
      </object_component>
      <object_component id="oc-6b">
         <name>.debug_info</name>
         <load_address>0x32607</load_address>
         <run_address>0x32607</run_address>
         <size>0x18e</size>
         <input_file_ref idref="fl-19"/>
      </object_component>
      <object_component id="oc-70">
         <name>.debug_info</name>
         <load_address>0x32795</load_address>
         <run_address>0x32795</run_address>
         <size>0x6f61</size>
         <input_file_ref idref="fl-1a"/>
      </object_component>
      <object_component id="oc-76">
         <name>.debug_info</name>
         <load_address>0x396f6</load_address>
         <run_address>0x396f6</run_address>
         <size>0x710f</size>
         <input_file_ref idref="fl-1b"/>
      </object_component>
      <object_component id="oc-7d">
         <name>.debug_info</name>
         <load_address>0x40805</load_address>
         <run_address>0x40805</run_address>
         <size>0x7424</size>
         <input_file_ref idref="fl-1c"/>
      </object_component>
      <object_component id="oc-82">
         <name>.debug_info</name>
         <load_address>0x47c29</load_address>
         <run_address>0x47c29</run_address>
         <size>0x6ced</size>
         <input_file_ref idref="fl-1d"/>
      </object_component>
      <object_component id="oc-87">
         <name>.debug_info</name>
         <load_address>0x4e916</load_address>
         <run_address>0x4e916</run_address>
         <size>0x5ab</size>
         <input_file_ref idref="fl-1e"/>
      </object_component>
      <object_component id="oc-8b">
         <name>.debug_info</name>
         <load_address>0x4eec1</load_address>
         <run_address>0x4eec1</run_address>
         <size>0xe8</size>
         <input_file_ref idref="fl-1f"/>
      </object_component>
      <object_component id="oc-8f">
         <name>.debug_info</name>
         <load_address>0x4efa9</load_address>
         <run_address>0x4efa9</run_address>
         <size>0x534</size>
         <input_file_ref idref="fl-20"/>
      </object_component>
      <object_component id="oc-94">
         <name>.debug_info</name>
         <load_address>0x4f4dd</load_address>
         <run_address>0x4f4dd</run_address>
         <size>0x5fb</size>
         <input_file_ref idref="fl-21"/>
      </object_component>
      <object_component id="oc-9a">
         <name>.debug_info</name>
         <load_address>0x4fad8</load_address>
         <run_address>0x4fad8</run_address>
         <size>0x4cf</size>
         <input_file_ref idref="fl-22"/>
      </object_component>
      <object_component id="oc-9e">
         <name>.debug_info</name>
         <load_address>0x4ffa7</load_address>
         <run_address>0x4ffa7</run_address>
         <size>0x534</size>
         <input_file_ref idref="fl-23"/>
      </object_component>
      <object_component id="oc-a2">
         <name>.debug_info</name>
         <load_address>0x504db</load_address>
         <run_address>0x504db</run_address>
         <size>0x549</size>
         <input_file_ref idref="fl-24"/>
      </object_component>
      <object_component id="oc-a7">
         <name>.debug_info</name>
         <load_address>0x50a24</load_address>
         <run_address>0x50a24</run_address>
         <size>0xbd</size>
         <input_file_ref idref="fl-25"/>
      </object_component>
      <object_component id="oc-ab">
         <name>.debug_info</name>
         <load_address>0x50ae1</load_address>
         <run_address>0x50ae1</run_address>
         <size>0x59d</size>
         <input_file_ref idref="fl-26"/>
      </object_component>
      <object_component id="oc-af">
         <name>.debug_info</name>
         <load_address>0x5107e</load_address>
         <run_address>0x5107e</run_address>
         <size>0x55b</size>
         <input_file_ref idref="fl-27"/>
      </object_component>
      <object_component id="oc-b3">
         <name>.debug_info</name>
         <load_address>0x515d9</load_address>
         <run_address>0x515d9</run_address>
         <size>0x4b7</size>
         <input_file_ref idref="fl-28"/>
      </object_component>
      <object_component id="oc-b7">
         <name>.debug_info</name>
         <load_address>0x51a90</load_address>
         <run_address>0x51a90</run_address>
         <size>0x76c</size>
         <input_file_ref idref="fl-29"/>
      </object_component>
      <object_component id="oc-bb">
         <name>.debug_info</name>
         <load_address>0x521fc</load_address>
         <run_address>0x521fc</run_address>
         <size>0x534</size>
         <input_file_ref idref="fl-2a"/>
      </object_component>
      <object_component id="oc-bf">
         <name>.debug_info</name>
         <load_address>0x52730</load_address>
         <run_address>0x52730</run_address>
         <size>0xbc</size>
         <input_file_ref idref="fl-2b"/>
      </object_component>
      <object_component id="oc-c4">
         <name>.debug_info</name>
         <load_address>0x527ec</load_address>
         <run_address>0x527ec</run_address>
         <size>0x5bc</size>
         <input_file_ref idref="fl-2c"/>
      </object_component>
      <object_component id="oc-c9">
         <name>.debug_info</name>
         <load_address>0x52da8</load_address>
         <run_address>0x52da8</run_address>
         <size>0x27bd</size>
         <input_file_ref idref="fl-2d"/>
      </object_component>
      <object_component id="oc-cf">
         <name>.debug_info</name>
         <load_address>0x55565</load_address>
         <run_address>0x55565</run_address>
         <size>0x586</size>
         <input_file_ref idref="fl-2e"/>
      </object_component>
      <object_component id="oc-d3">
         <name>.debug_info</name>
         <load_address>0x55aeb</load_address>
         <run_address>0x55aeb</run_address>
         <size>0x5a4</size>
         <input_file_ref idref="fl-2f"/>
      </object_component>
      <object_component id="oc-d7">
         <name>.debug_info</name>
         <load_address>0x5608f</load_address>
         <run_address>0x5608f</run_address>
         <size>0xcd</size>
         <input_file_ref idref="fl-30"/>
      </object_component>
      <object_component id="oc-db">
         <name>.debug_info</name>
         <load_address>0x5615c</load_address>
         <run_address>0x5615c</run_address>
         <size>0x81f</size>
         <input_file_ref idref="fl-31"/>
      </object_component>
      <object_component id="oc-de">
         <name>.debug_info</name>
         <load_address>0x5697b</load_address>
         <run_address>0x5697b</run_address>
         <size>0x498</size>
         <input_file_ref idref="fl-32"/>
      </object_component>
      <object_component id="oc-e1">
         <name>.debug_info</name>
         <load_address>0x56e13</load_address>
         <run_address>0x56e13</run_address>
         <size>0x57e</size>
         <input_file_ref idref="fl-33"/>
      </object_component>
      <object_component id="oc-e5">
         <name>.debug_info</name>
         <load_address>0x57391</load_address>
         <run_address>0x57391</run_address>
         <size>0x7e8</size>
         <input_file_ref idref="fl-34"/>
      </object_component>
      <object_component id="oc-e9">
         <name>.debug_info</name>
         <load_address>0x57b79</load_address>
         <run_address>0x57b79</run_address>
         <size>0x6aa</size>
         <input_file_ref idref="fl-35"/>
      </object_component>
      <object_component id="oc-ed">
         <name>.debug_info</name>
         <load_address>0x58223</load_address>
         <run_address>0x58223</run_address>
         <size>0x942</size>
         <input_file_ref idref="fl-36"/>
      </object_component>
      <object_component id="oc-f2">
         <name>.debug_info</name>
         <load_address>0x58b65</load_address>
         <run_address>0x58b65</run_address>
         <size>0x4d2</size>
         <input_file_ref idref="fl-37"/>
      </object_component>
      <object_component id="oc-f6">
         <name>.debug_info</name>
         <load_address>0x59037</load_address>
         <run_address>0x59037</run_address>
         <size>0x53e</size>
         <input_file_ref idref="fl-38"/>
      </object_component>
      <object_component id="oc-fa">
         <name>.debug_info</name>
         <load_address>0x59575</load_address>
         <run_address>0x59575</run_address>
         <size>0x680</size>
         <input_file_ref idref="fl-39"/>
      </object_component>
      <object_component id="oc-fe">
         <name>.debug_info</name>
         <load_address>0x59bf5</load_address>
         <run_address>0x59bf5</run_address>
         <size>0x7d4</size>
         <input_file_ref idref="fl-3a"/>
      </object_component>
      <object_component id="oc-103">
         <name>.debug_info</name>
         <load_address>0x5a3c9</load_address>
         <run_address>0x5a3c9</run_address>
         <size>0x144b</size>
         <input_file_ref idref="fl-3b"/>
      </object_component>
      <object_component id="oc-108">
         <name>.debug_info</name>
         <load_address>0x5b814</load_address>
         <run_address>0x5b814</run_address>
         <size>0x5ad</size>
         <input_file_ref idref="fl-3c"/>
      </object_component>
      <object_component id="oc-10c">
         <name>.debug_info</name>
         <load_address>0x5bdc1</load_address>
         <run_address>0x5bdc1</run_address>
         <size>0x574</size>
         <input_file_ref idref="fl-3d"/>
      </object_component>
      <object_component id="oc-110">
         <name>.debug_info</name>
         <load_address>0x5c335</load_address>
         <run_address>0x5c335</run_address>
         <size>0xd1</size>
         <input_file_ref idref="fl-3e"/>
      </object_component>
      <object_component id="oc-114">
         <name>.debug_info</name>
         <load_address>0x5c406</load_address>
         <run_address>0x5c406</run_address>
         <size>0x4f2</size>
         <input_file_ref idref="fl-3f"/>
      </object_component>
      <object_component id="oc-118">
         <name>.debug_info</name>
         <load_address>0x5c8f8</load_address>
         <run_address>0x5c8f8</run_address>
         <size>0x4de</size>
         <input_file_ref idref="fl-40"/>
      </object_component>
      <object_component id="oc-11d">
         <name>.debug_info</name>
         <load_address>0x5cdd6</load_address>
         <run_address>0x5cdd6</run_address>
         <size>0xed4</size>
         <input_file_ref idref="fl-41"/>
      </object_component>
      <object_component id="oc-121">
         <name>.debug_info</name>
         <load_address>0x5dcaa</load_address>
         <run_address>0x5dcaa</run_address>
         <size>0x744</size>
         <input_file_ref idref="fl-42"/>
      </object_component>
      <object_component id="oc-127">
         <name>.debug_info</name>
         <load_address>0x5e3ee</load_address>
         <run_address>0x5e3ee</run_address>
         <size>0xef</size>
         <input_file_ref idref="fl-43"/>
      </object_component>
      <object_component id="oc-12b">
         <name>.debug_info</name>
         <load_address>0x5e4dd</load_address>
         <run_address>0x5e4dd</run_address>
         <size>0x662</size>
         <input_file_ref idref="fl-44"/>
      </object_component>
      <object_component id="oc-12f">
         <name>.debug_info</name>
         <load_address>0x5eb3f</load_address>
         <run_address>0x5eb3f</run_address>
         <size>0x4f2</size>
         <input_file_ref idref="fl-45"/>
      </object_component>
      <object_component id="oc-133">
         <name>.debug_info</name>
         <load_address>0x5f031</load_address>
         <run_address>0x5f031</run_address>
         <size>0x706</size>
         <input_file_ref idref="fl-46"/>
      </object_component>
      <object_component id="oc-137">
         <name>.debug_info</name>
         <load_address>0x5f737</load_address>
         <run_address>0x5f737</run_address>
         <size>0x5f7</size>
         <input_file_ref idref="fl-47"/>
      </object_component>
      <object_component id="oc-13b">
         <name>.debug_info</name>
         <load_address>0x5fd2e</load_address>
         <run_address>0x5fd2e</run_address>
         <size>0x64a</size>
         <input_file_ref idref="fl-48"/>
      </object_component>
      <object_component id="oc-140">
         <name>.debug_info</name>
         <load_address>0x60378</load_address>
         <run_address>0x60378</run_address>
         <size>0xa1c</size>
         <input_file_ref idref="fl-49"/>
      </object_component>
      <object_component id="oc-146">
         <name>.debug_info</name>
         <load_address>0x60d94</load_address>
         <run_address>0x60d94</run_address>
         <size>0xb97</size>
         <input_file_ref idref="fl-4a"/>
      </object_component>
      <object_component id="oc-14c">
         <name>.debug_info</name>
         <load_address>0x6192b</load_address>
         <run_address>0x6192b</run_address>
         <size>0x64f</size>
         <input_file_ref idref="fl-4b"/>
      </object_component>
      <object_component id="oc-150">
         <name>.debug_info</name>
         <load_address>0x61f7a</load_address>
         <run_address>0x61f7a</run_address>
         <size>0x510</size>
         <input_file_ref idref="fl-4c"/>
      </object_component>
      <object_component id="oc-178">
         <name>.debug_info</name>
         <load_address>0x6248a</load_address>
         <run_address>0x6248a</run_address>
         <size>0x6e</size>
      </object_component>
      <object_component id="oc-15">
         <name>.debug_frame</name>
         <load_address>0x0</load_address>
         <run_address>0x0</run_address>
         <size>0x171</size>
         <input_file_ref idref="fl-2"/>
      </object_component>
      <object_component id="oc-1b">
         <name>.debug_frame</name>
         <load_address>0x171</load_address>
         <run_address>0x171</run_address>
         <size>0x121</size>
         <input_file_ref idref="fl-3"/>
      </object_component>
      <object_component id="oc-22">
         <name>.debug_frame</name>
         <load_address>0x292</load_address>
         <run_address>0x292</run_address>
         <size>0x16a</size>
         <input_file_ref idref="fl-4"/>
      </object_component>
      <object_component id="oc-27">
         <name>.debug_frame</name>
         <load_address>0x3fc</load_address>
         <run_address>0x3fc</run_address>
         <size>0x102</size>
         <input_file_ref idref="fl-5"/>
      </object_component>
      <object_component id="oc-2f">
         <name>.debug_frame</name>
         <load_address>0x4fe</load_address>
         <run_address>0x4fe</run_address>
         <size>0xec</size>
         <input_file_ref idref="fl-6"/>
      </object_component>
      <object_component id="oc-35">
         <name>.debug_frame</name>
         <load_address>0x5ea</load_address>
         <run_address>0x5ea</run_address>
         <size>0x13b</size>
         <input_file_ref idref="fl-7"/>
      </object_component>
      <object_component id="oc-3b">
         <name>.debug_frame</name>
         <load_address>0x725</load_address>
         <run_address>0x725</run_address>
         <size>0x157</size>
         <input_file_ref idref="fl-8"/>
      </object_component>
      <object_component id="oc-42">
         <name>.debug_frame</name>
         <load_address>0x87c</load_address>
         <run_address>0x87c</run_address>
         <size>0x102</size>
         <input_file_ref idref="fl-11"/>
      </object_component>
      <object_component id="oc-47">
         <name>.debug_frame</name>
         <load_address>0x97e</load_address>
         <run_address>0x97e</run_address>
         <size>0x13a</size>
         <input_file_ref idref="fl-12"/>
      </object_component>
      <object_component id="oc-4d">
         <name>.debug_frame</name>
         <load_address>0xab8</load_address>
         <run_address>0xab8</run_address>
         <size>0x171</size>
         <input_file_ref idref="fl-13"/>
      </object_component>
      <object_component id="oc-52">
         <name>.debug_frame</name>
         <load_address>0xc29</load_address>
         <run_address>0xc29</run_address>
         <size>0x138</size>
         <input_file_ref idref="fl-14"/>
      </object_component>
      <object_component id="oc-58">
         <name>.debug_frame</name>
         <load_address>0xd61</load_address>
         <run_address>0xd61</run_address>
         <size>0x138</size>
         <input_file_ref idref="fl-15"/>
      </object_component>
      <object_component id="oc-5d">
         <name>.debug_frame</name>
         <load_address>0xe99</load_address>
         <run_address>0xe99</run_address>
         <size>0x116</size>
         <input_file_ref idref="fl-16"/>
      </object_component>
      <object_component id="oc-67">
         <name>.debug_frame</name>
         <load_address>0xfaf</load_address>
         <run_address>0xfaf</run_address>
         <size>0x272</size>
         <input_file_ref idref="fl-18"/>
      </object_component>
      <object_component id="oc-71">
         <name>.debug_frame</name>
         <load_address>0x1221</load_address>
         <run_address>0x1221</run_address>
         <size>0x2a1</size>
         <input_file_ref idref="fl-1a"/>
      </object_component>
      <object_component id="oc-78">
         <name>.debug_frame</name>
         <load_address>0x14c2</load_address>
         <run_address>0x14c2</run_address>
         <size>0x197</size>
         <input_file_ref idref="fl-1b"/>
      </object_component>
      <object_component id="oc-7e">
         <name>.debug_frame</name>
         <load_address>0x1659</load_address>
         <run_address>0x1659</run_address>
         <size>0x1ef</size>
         <input_file_ref idref="fl-1c"/>
      </object_component>
      <object_component id="oc-83">
         <name>.debug_frame</name>
         <load_address>0x1848</load_address>
         <run_address>0x1848</run_address>
         <size>0x224</size>
         <input_file_ref idref="fl-1d"/>
      </object_component>
      <object_component id="oc-16">
         <name>.debug_line</name>
         <load_address>0x0</load_address>
         <run_address>0x0</run_address>
         <size>0xd0</size>
         <input_file_ref idref="fl-2"/>
      </object_component>
      <object_component id="oc-1c">
         <name>.debug_line</name>
         <load_address>0xd0</load_address>
         <run_address>0xd0</run_address>
         <size>0x253</size>
         <input_file_ref idref="fl-3"/>
      </object_component>
      <object_component id="oc-23">
         <name>.debug_line</name>
         <load_address>0x323</load_address>
         <run_address>0x323</run_address>
         <size>0x198</size>
         <input_file_ref idref="fl-4"/>
      </object_component>
      <object_component id="oc-28">
         <name>.debug_line</name>
         <load_address>0x4bb</load_address>
         <run_address>0x4bb</run_address>
         <size>0x6e</size>
         <input_file_ref idref="fl-5"/>
      </object_component>
      <object_component id="oc-30">
         <name>.debug_line</name>
         <load_address>0x529</load_address>
         <run_address>0x529</run_address>
         <size>0xb7</size>
         <input_file_ref idref="fl-6"/>
      </object_component>
      <object_component id="oc-36">
         <name>.debug_line</name>
         <load_address>0x5e0</load_address>
         <run_address>0x5e0</run_address>
         <size>0x1d6</size>
         <input_file_ref idref="fl-7"/>
      </object_component>
      <object_component id="oc-3c">
         <name>.debug_line</name>
         <load_address>0x7b6</load_address>
         <run_address>0x7b6</run_address>
         <size>0xd6</size>
         <input_file_ref idref="fl-8"/>
      </object_component>
      <object_component id="oc-43">
         <name>.debug_line</name>
         <load_address>0x88c</load_address>
         <run_address>0x88c</run_address>
         <size>0x66e</size>
         <input_file_ref idref="fl-11"/>
      </object_component>
      <object_component id="oc-48">
         <name>.debug_line</name>
         <load_address>0xefa</load_address>
         <run_address>0xefa</run_address>
         <size>0x6ca</size>
         <input_file_ref idref="fl-12"/>
      </object_component>
      <object_component id="oc-4e">
         <name>.debug_line</name>
         <load_address>0x15c4</load_address>
         <run_address>0x15c4</run_address>
         <size>0x69c</size>
         <input_file_ref idref="fl-13"/>
      </object_component>
      <object_component id="oc-53">
         <name>.debug_line</name>
         <load_address>0x1c60</load_address>
         <run_address>0x1c60</run_address>
         <size>0x659</size>
         <input_file_ref idref="fl-14"/>
      </object_component>
      <object_component id="oc-59">
         <name>.debug_line</name>
         <load_address>0x22b9</load_address>
         <run_address>0x22b9</run_address>
         <size>0x653</size>
         <input_file_ref idref="fl-15"/>
      </object_component>
      <object_component id="oc-5e">
         <name>.debug_line</name>
         <load_address>0x290c</load_address>
         <run_address>0x290c</run_address>
         <size>0x59c</size>
         <input_file_ref idref="fl-16"/>
      </object_component>
      <object_component id="oc-63">
         <name>.debug_line</name>
         <load_address>0x2ea8</load_address>
         <run_address>0x2ea8</run_address>
         <size>0xa8</size>
         <input_file_ref idref="fl-17"/>
      </object_component>
      <object_component id="oc-68">
         <name>.debug_line</name>
         <load_address>0x2f50</load_address>
         <run_address>0x2f50</run_address>
         <size>0x94b</size>
         <input_file_ref idref="fl-18"/>
      </object_component>
      <object_component id="oc-6c">
         <name>.debug_line</name>
         <load_address>0x389b</load_address>
         <run_address>0x389b</run_address>
         <size>0xab</size>
         <input_file_ref idref="fl-19"/>
      </object_component>
      <object_component id="oc-72">
         <name>.debug_line</name>
         <load_address>0x3946</load_address>
         <run_address>0x3946</run_address>
         <size>0x83c</size>
         <input_file_ref idref="fl-1a"/>
      </object_component>
      <object_component id="oc-79">
         <name>.debug_line</name>
         <load_address>0x4182</load_address>
         <run_address>0x4182</run_address>
         <size>0x94c</size>
         <input_file_ref idref="fl-1b"/>
      </object_component>
      <object_component id="oc-7f">
         <name>.debug_line</name>
         <load_address>0x4ace</load_address>
         <run_address>0x4ace</run_address>
         <size>0x96d</size>
         <input_file_ref idref="fl-1c"/>
      </object_component>
      <object_component id="oc-84">
         <name>.debug_line</name>
         <load_address>0x543b</load_address>
         <run_address>0x543b</run_address>
         <size>0x7c8</size>
         <input_file_ref idref="fl-1d"/>
      </object_component>
      <object_component id="oc-88">
         <name>.debug_line</name>
         <load_address>0x5c03</load_address>
         <run_address>0x5c03</run_address>
         <size>0x5c</size>
         <input_file_ref idref="fl-1e"/>
      </object_component>
      <object_component id="oc-8c">
         <name>.debug_line</name>
         <load_address>0x5c5f</load_address>
         <run_address>0x5c5f</run_address>
         <size>0x54</size>
         <input_file_ref idref="fl-1f"/>
      </object_component>
      <object_component id="oc-90">
         <name>.debug_line</name>
         <load_address>0x5cb3</load_address>
         <run_address>0x5cb3</run_address>
         <size>0x44</size>
         <input_file_ref idref="fl-20"/>
      </object_component>
      <object_component id="oc-97">
         <name>.debug_line</name>
         <load_address>0x5cf7</load_address>
         <run_address>0x5cf7</run_address>
         <size>0x51</size>
         <input_file_ref idref="fl-21"/>
      </object_component>
      <object_component id="oc-9b">
         <name>.debug_line</name>
         <load_address>0x5d48</load_address>
         <run_address>0x5d48</run_address>
         <size>0x3d</size>
         <input_file_ref idref="fl-22"/>
      </object_component>
      <object_component id="oc-9f">
         <name>.debug_line</name>
         <load_address>0x5d85</load_address>
         <run_address>0x5d85</run_address>
         <size>0x3d</size>
         <input_file_ref idref="fl-23"/>
      </object_component>
      <object_component id="oc-a4">
         <name>.debug_line</name>
         <load_address>0x5dc2</load_address>
         <run_address>0x5dc2</run_address>
         <size>0x44</size>
         <input_file_ref idref="fl-24"/>
      </object_component>
      <object_component id="oc-a8">
         <name>.debug_line</name>
         <load_address>0x5e06</load_address>
         <run_address>0x5e06</run_address>
         <size>0x3c</size>
         <input_file_ref idref="fl-25"/>
      </object_component>
      <object_component id="oc-ac">
         <name>.debug_line</name>
         <load_address>0x5e42</load_address>
         <run_address>0x5e42</run_address>
         <size>0x52</size>
         <input_file_ref idref="fl-26"/>
      </object_component>
      <object_component id="oc-b0">
         <name>.debug_line</name>
         <load_address>0x5e94</load_address>
         <run_address>0x5e94</run_address>
         <size>0x3c</size>
         <input_file_ref idref="fl-27"/>
      </object_component>
      <object_component id="oc-b4">
         <name>.debug_line</name>
         <load_address>0x5ed0</load_address>
         <run_address>0x5ed0</run_address>
         <size>0x37</size>
         <input_file_ref idref="fl-28"/>
      </object_component>
      <object_component id="oc-b8">
         <name>.debug_line</name>
         <load_address>0x5f07</load_address>
         <run_address>0x5f07</run_address>
         <size>0x69</size>
         <input_file_ref idref="fl-29"/>
      </object_component>
      <object_component id="oc-bc">
         <name>.debug_line</name>
         <load_address>0x5f70</load_address>
         <run_address>0x5f70</run_address>
         <size>0x44</size>
         <input_file_ref idref="fl-2a"/>
      </object_component>
      <object_component id="oc-c0">
         <name>.debug_line</name>
         <load_address>0x5fb4</load_address>
         <run_address>0x5fb4</run_address>
         <size>0x37</size>
         <input_file_ref idref="fl-2b"/>
      </object_component>
      <object_component id="oc-c6">
         <name>.debug_line</name>
         <load_address>0x5feb</load_address>
         <run_address>0x5feb</run_address>
         <size>0x57</size>
         <input_file_ref idref="fl-2c"/>
      </object_component>
      <object_component id="oc-cc">
         <name>.debug_line</name>
         <load_address>0x6042</load_address>
         <run_address>0x6042</run_address>
         <size>0x328</size>
         <input_file_ref idref="fl-2d"/>
      </object_component>
      <object_component id="oc-d0">
         <name>.debug_line</name>
         <load_address>0x636a</load_address>
         <run_address>0x636a</run_address>
         <size>0x41</size>
         <input_file_ref idref="fl-2e"/>
      </object_component>
      <object_component id="oc-d4">
         <name>.debug_line</name>
         <load_address>0x63ab</load_address>
         <run_address>0x63ab</run_address>
         <size>0x46</size>
         <input_file_ref idref="fl-2f"/>
      </object_component>
      <object_component id="oc-d8">
         <name>.debug_line</name>
         <load_address>0x63f1</load_address>
         <run_address>0x63f1</run_address>
         <size>0x55</size>
         <input_file_ref idref="fl-30"/>
      </object_component>
      <object_component id="oc-dc">
         <name>.debug_line</name>
         <load_address>0x6446</load_address>
         <run_address>0x6446</run_address>
         <size>0xad</size>
         <input_file_ref idref="fl-31"/>
      </object_component>
      <object_component id="oc-e6">
         <name>.debug_line</name>
         <load_address>0x64f3</load_address>
         <run_address>0x64f3</run_address>
         <size>0x5b</size>
         <input_file_ref idref="fl-34"/>
      </object_component>
      <object_component id="oc-ea">
         <name>.debug_line</name>
         <load_address>0x654e</load_address>
         <run_address>0x654e</run_address>
         <size>0x56</size>
         <input_file_ref idref="fl-35"/>
      </object_component>
      <object_component id="oc-ef">
         <name>.debug_line</name>
         <load_address>0x65a4</load_address>
         <run_address>0x65a4</run_address>
         <size>0xa8</size>
         <input_file_ref idref="fl-36"/>
      </object_component>
      <object_component id="oc-f3">
         <name>.debug_line</name>
         <load_address>0x664c</load_address>
         <run_address>0x664c</run_address>
         <size>0x3a</size>
         <input_file_ref idref="fl-37"/>
      </object_component>
      <object_component id="oc-f7">
         <name>.debug_line</name>
         <load_address>0x6686</load_address>
         <run_address>0x6686</run_address>
         <size>0x40</size>
         <input_file_ref idref="fl-38"/>
      </object_component>
      <object_component id="oc-fb">
         <name>.debug_line</name>
         <load_address>0x66c6</load_address>
         <run_address>0x66c6</run_address>
         <size>0x38</size>
         <input_file_ref idref="fl-39"/>
      </object_component>
      <object_component id="oc-ff">
         <name>.debug_line</name>
         <load_address>0x66fe</load_address>
         <run_address>0x66fe</run_address>
         <size>0xa8</size>
         <input_file_ref idref="fl-3a"/>
      </object_component>
      <object_component id="oc-105">
         <name>.debug_line</name>
         <load_address>0x67a6</load_address>
         <run_address>0x67a6</run_address>
         <size>0x1b0</size>
         <input_file_ref idref="fl-3b"/>
      </object_component>
      <object_component id="oc-109">
         <name>.debug_line</name>
         <load_address>0x6956</load_address>
         <run_address>0x6956</run_address>
         <size>0x40</size>
         <input_file_ref idref="fl-3c"/>
      </object_component>
      <object_component id="oc-10d">
         <name>.debug_line</name>
         <load_address>0x6996</load_address>
         <run_address>0x6996</run_address>
         <size>0x3c</size>
         <input_file_ref idref="fl-3d"/>
      </object_component>
      <object_component id="oc-111">
         <name>.debug_line</name>
         <load_address>0x69d2</load_address>
         <run_address>0x69d2</run_address>
         <size>0x4d</size>
         <input_file_ref idref="fl-3e"/>
      </object_component>
      <object_component id="oc-115">
         <name>.debug_line</name>
         <load_address>0x6a1f</load_address>
         <run_address>0x6a1f</run_address>
         <size>0x3c</size>
         <input_file_ref idref="fl-3f"/>
      </object_component>
      <object_component id="oc-119">
         <name>.debug_line</name>
         <load_address>0x6a5b</load_address>
         <run_address>0x6a5b</run_address>
         <size>0x37</size>
         <input_file_ref idref="fl-40"/>
      </object_component>
      <object_component id="oc-11e">
         <name>.debug_line</name>
         <load_address>0x6a92</load_address>
         <run_address>0x6a92</run_address>
         <size>0x15d</size>
         <input_file_ref idref="fl-41"/>
      </object_component>
      <object_component id="oc-124">
         <name>.debug_line</name>
         <load_address>0x6bef</load_address>
         <run_address>0x6bef</run_address>
         <size>0x6a</size>
         <input_file_ref idref="fl-42"/>
      </object_component>
      <object_component id="oc-128">
         <name>.debug_line</name>
         <load_address>0x6c59</load_address>
         <run_address>0x6c59</run_address>
         <size>0x58</size>
         <input_file_ref idref="fl-43"/>
      </object_component>
      <object_component id="oc-12c">
         <name>.debug_line</name>
         <load_address>0x6cb1</load_address>
         <run_address>0x6cb1</run_address>
         <size>0x57</size>
         <input_file_ref idref="fl-44"/>
      </object_component>
      <object_component id="oc-130">
         <name>.debug_line</name>
         <load_address>0x6d08</load_address>
         <run_address>0x6d08</run_address>
         <size>0x3c</size>
         <input_file_ref idref="fl-45"/>
      </object_component>
      <object_component id="oc-134">
         <name>.debug_line</name>
         <load_address>0x6d44</load_address>
         <run_address>0x6d44</run_address>
         <size>0x5b</size>
         <input_file_ref idref="fl-46"/>
      </object_component>
      <object_component id="oc-138">
         <name>.debug_line</name>
         <load_address>0x6d9f</load_address>
         <run_address>0x6d9f</run_address>
         <size>0x3c</size>
         <input_file_ref idref="fl-47"/>
      </object_component>
      <object_component id="oc-13c">
         <name>.debug_line</name>
         <load_address>0x6ddb</load_address>
         <run_address>0x6ddb</run_address>
         <size>0x3f</size>
         <input_file_ref idref="fl-48"/>
      </object_component>
      <object_component id="oc-142">
         <name>.debug_line</name>
         <load_address>0x6e1a</load_address>
         <run_address>0x6e1a</run_address>
         <size>0xd7</size>
         <input_file_ref idref="fl-49"/>
      </object_component>
      <object_component id="oc-149">
         <name>.debug_line</name>
         <load_address>0x6ef1</load_address>
         <run_address>0x6ef1</run_address>
         <size>0x112</size>
         <input_file_ref idref="fl-4a"/>
[...]
      <symbol id="sm-3e9">
         <name>_gI2cObj</name>
         <value>0x6100</value>
         <object_component_ref idref="oc-7c"/>
      </symbol>
      <symbol id="sm-3ea">
         <name>_I2C_getConfig</name>
         <value>0x217b2</value>
         <object_component_ref idref="oc-7b"/>
      </symbol>
      <symbol id="sm-3eb">
         <name>_I2C_setup</name>
         <value>0x21888</value>
         <object_component_ref idref="oc-7b"/>
      </symbol>
      <symbol id="sm-3ec">
         <name>_I2C_write</name>
         <value>0x21a82</value>
         <object_component_ref idref="oc-7b"/>
      </symbol>
      <symbol id="sm-3ed">
         <name>_I2C_read</name>
         <value>0x21cc6</value>
         <object_component_ref idref="oc-7b"/>
      </symbol>
      <symbol id="sm-3ee">
         <name>_I2C_eventDisable</name>
         <value>0x22018</value>
         <object_component_ref idref="oc-7b"/>
      </symbol>
      <symbol id="sm-3ef">
         <name>_I2C_getEventId</name>
         <value>0x221c4</value>
         <object_component_ref idref="oc-7b"/>
      </symbol>
      <symbol id="sm-3f0">
         <name>_i2cHandle</name>
         <value>0x6120</value>
         <object_component_ref idref="oc-7c"/>
      </symbol>
      <symbol id="sm-435">
         <name>_GPIO_write</name>
         <value>0x238e3</value>
         <object_component_ref idref="oc-81"/>
      </symbol>
      <symbol id="sm-436">
         <name>_GPIO_read</name>
         <value>0x23860</value>
         <object_component_ref idref="oc-81"/>
      </symbol>
      <symbol id="sm-437">
         <name>_GPIO_close</name>
         <value>0x2372f</value>
         <object_component_ref idref="oc-81"/>
      </symbol>
      <symbol id="sm-438">
         <name>_GPIO_enableInt</name>
         <value>0x23b4c</value>
         <object_component_ref idref="oc-81"/>
      </symbol>
      <symbol id="sm-439">
         <name>_GPIO_clearInt</name>
         <value>0x23bd6</value>
         <object_component_ref idref="oc-81"/>
      </symbol>
      <symbol id="sm-43a">
         <name>_GPIO_statusBit</name>
         <value>0x23c62</value>
         <object_component_ref idref="oc-81"/>
      </symbol>
      <symbol id="sm-43b">
         <name>_GPIO_configBit</name>
         <value>0x23986</value>
         <object_component_ref idref="oc-81"/>
      </symbol>
      <symbol id="sm-43c">
         <name>_GPIO_reset</name>
         <value>0x23ce9</value>
         <object_component_ref idref="oc-81"/>
      </symbol>
      <symbol id="sm-43d">
         <name>_GPIO_getConfig</name>
         <value>0x237d8</value>
         <object_component_ref idref="oc-81"/>
      </symbol>
      <symbol id="sm-43e">
         <name>_GPIO_disableInt</name>
         <value>0x23ace</value>
         <object_component_ref idref="oc-81"/>
      </symbol>
      <symbol id="sm-43f">
         <name>_GPIO_config</name>
         <value>0x23753</value>
         <object_component_ref idref="oc-81"/>
      </symbol>
      <symbol id="sm-440">
         <name>_GPIO_open</name>
         <value>0x236eb</value>
         <object_component_ref idref="oc-81"/>
      </symbol>
      <symbol id="sm-44a">
         <name>__addd</name>
         <value>0x26637</value>
         <object_component_ref idref="oc-86"/>
      </symbol>
      <symbol id="sm-456">
         <name>__sysstack</name>
         <value>0x20c0</value>
         <object_component_ref idref="oc-153"/>
      </symbol>
      <symbol id="sm-457">
         <name>_c_int00</name>
         <value>0x28526</value>
         <object_component_ref idref="oc-10"/>
      </symbol>
      <symbol id="sm-458">
         <name>__stack</name>
         <value>0xc0</value>
         <object_component_ref idref="oc-8a"/>
      </symbol>
      <symbol id="sm-463">
         <name>__divul</name>
         <value>0x27bce</value>
         <object_component_ref idref="oc-8e"/>
      </symbol>
      <symbol id="sm-473">
         <name>C$$EXIT</name>
         <value>0x28650</value>
         <object_component_ref idref="oc-96"/>
      </symbol>
      <symbol id="sm-474">
         <name>_exit</name>
         <value>0x284e8</value>
         <object_component_ref idref="oc-92"/>
      </symbol>
      <symbol id="sm-475">
         <name>_abort</name>
         <value>0x2864f</value>
         <object_component_ref idref="oc-96"/>
      </symbol>
      <symbol id="sm-476">
         <name>__cleanup_ptr</name>
         <value>0x6150</value>
         <object_component_ref idref="oc-93"/>
      </symbol>
      <symbol id="sm-477">
         <name>__dtors_ptr</name>
         <value>0x6154</value>
         <object_component_ref idref="oc-93"/>
      </symbol>
      <symbol id="sm-481">
         <name>__fixdi</name>
         <value>0x2855a</value>
         <object_component_ref idref="oc-99"/>
      </symbol>
      <symbol id="sm-48b">
         <name>__fixdli</name>
         <value>0x28063</value>
         <object_component_ref idref="oc-9d"/>
      </symbol>
      <symbol id="sm-497">
         <name>__fltlid</name>
         <value>0x28217</value>
         <object_component_ref idref="oc-a1"/>
      </symbol>
      <symbol id="sm-49f">
         <name>__mpyli</name>
         <value>0x285ff</value>
         <object_component_ref idref="oc-a6"/>
      </symbol>
      <symbol id="sm-4a0">
         <name>I$$LMPY</name>
         <value>0x285ff</value>
         <object_component_ref idref="oc-a6"/>
      </symbol>
      <symbol id="sm-4aa">
         <name>_memset</name>
         <value>0x28624</value>
         <object_component_ref idref="oc-aa"/>
      </symbol>
      <symbol id="sm-4b4">
         <name>__mpyd</name>
         <value>0x272e7</value>
         <object_component_ref idref="oc-ae"/>
      </symbol>
      <symbol id="sm-4be">
         <name>__negd</name>
         <value>0x28635</value>
         <object_component_ref idref="oc-b2"/>
      </symbol>
      <symbol id="sm-4c8">
         <name>_printf</name>
         <value>0x2832e</value>
         <object_component_ref idref="oc-b6"/>
      </symbol>
      <symbol id="sm-4d3">
         <name>__remul</name>
         <value>0x27ff1</value>
         <object_component_ref idref="oc-ba"/>
      </symbol>
      <symbol id="sm-4dd">
         <name>_Reset</name>
         <value>0x4ff00</value>
         <object_component_ref idref="oc-11"/>
      </symbol>
      <symbol id="sm-4eb">
         <name>__unlock</name>
         <value>0x614c</value>
         <object_component_ref idref="oc-c3"/>
      </symbol>
      <symbol id="sm-4ec">
         <name>__lock</name>
         <value>0x6148</value>
         <object_component_ref idref="oc-c3"/>
      </symbol>
      <symbol id="sm-4ed">
         <name>__register_lock</name>
         <value>0x2861a</value>
         <object_component_ref idref="oc-c2"/>
      </symbol>
      <symbol id="sm-4ee">
         <name>__nop</name>
         <value>0x28622</value>
         <object_component_ref idref="oc-c2"/>
      </symbol>
      <symbol id="sm-4ef">
         <name>__register_unlock</name>
         <value>0x28612</value>
         <object_component_ref idref="oc-c2"/>
      </symbol>
      <symbol id="sm-501">
         <name>__printfi</name>
         <value>0x21362</value>
         <object_component_ref idref="oc-c8"/>
      </symbol>
      <symbol id="sm-50b">
         <name>__args_main</name>
         <value>0x283cb</value>
         <object_component_ref idref="oc-ce"/>
      </symbol>
      <symbol id="sm-50c">
         <name>__TI_args_main</name>
         <value>0x1</value>
      </symbol>
      <symbol id="sm-516">
         <name>_atoi</name>
         <value>0x2827e</value>
         <object_component_ref idref="oc-d2"/>
      </symbol>
      <symbol id="sm-51e">
         <name>_auto_init</name>
         <value>0x2837e</value>
         <object_component_ref idref="oc-d6"/>
      </symbol>
      <symbol id="sm-528">
         <name>__eqld</name>
         <value>0x26c11</value>
         <object_component_ref idref="oc-da"/>
      </symbol>
      <symbol id="sm-529">
         <name>__cmpd</name>
         <value>0x26c45</value>
         <object_component_ref idref="oc-da"/>
      </symbol>
      <symbol id="sm-52a">
         <name>__neqd</name>
         <value>0x26ab3</value>
         <object_component_ref idref="oc-da"/>
      </symbol>
      <symbol id="sm-52b">
         <name>__gtrd</name>
         <value>0x26b7c</value>
         <object_component_ref idref="oc-da"/>
      </symbol>
      <symbol id="sm-52c">
         <name>__geqd</name>
         <value>0x26bc7</value>
         <object_component_ref idref="oc-da"/>
      </symbol>
      <symbol id="sm-52d">
         <name>__leqd</name>
         <value>0x26b2f</value>
         <object_component_ref idref="oc-da"/>
      </symbol>
      <symbol id="sm-52e">
         <name>__lssd</name>
         <value>0x26ae7</value>
         <object_component_ref idref="oc-da"/>
      </symbol>
      <symbol id="sm-536">
         <name>__ctypes_</name>
         <value>0x6444</value>
         <object_component_ref idref="oc-156"/>
      </symbol>
      <symbol id="sm-540">
         <name>__tmpnams</name>
         <value>0x59c0</value>
         <object_component_ref idref="oc-e0"/>
      </symbol>
      <symbol id="sm-541">
         <name>__ft_end</name>
         <value>0x5b00</value>
         <object_component_ref idref="oc-e0"/>
      </symbol>
      <symbol id="sm-542">
         <name>__ftable</name>
         <value>0x58d0</value>
         <object_component_ref idref="oc-e0"/>
      </symbol>
      <symbol id="sm-54e">
         <name>__divd</name>
         <value>0x257a1</value>
         <object_component_ref idref="oc-e4"/>
      </symbol>
      <symbol id="sm-558">
         <name>_putchar</name>
         <value>0x27bbf</value>
         <object_component_ref idref="oc-e8"/>
      </symbol>
      <symbol id="sm-559">
         <name>_putc</name>
         <value>0x27b28</value>
         <object_component_ref idref="oc-e8"/>
      </symbol>
      <symbol id="sm-55a">
         <name>_fputc</name>
         <value>0x27b28</value>
         <object_component_ref idref="oc-e8"/>
      </symbol>
      <symbol id="sm-568">
         <name>_puts</name>
         <value>0x272b9</value>
         <object_component_ref idref="oc-ec"/>
      </symbol>
      <symbol id="sm-569">
         <name>_fputs</name>
         <value>0x27184</value>
         <object_component_ref idref="oc-ec"/>
      </symbol>
      <symbol id="sm-573">
         <name>__frcmpyd</name>
         <value>0x27f08</value>
         <object_component_ref idref="oc-f1"/>
      </symbol>
      <symbol id="sm-57d">
         <name>__frcmpyd_div</name>
         <value>0x27f7e</value>
         <object_component_ref idref="oc-f5"/>
      </symbol>
      <symbol id="sm-587">
         <name>___isinf</name>
         <value>0x285d1</value>
         <object_component_ref idref="oc-f9"/>
      </symbol>
      <symbol id="sm-591">
         <name>__divull</name>
         <value>0x2650e</value>
         <object_component_ref idref="oc-fd"/>
      </symbol>
      <symbol id="sm-592">
         <name>__mpylli</name>
         <value>0x26456</value>
         <object_component_ref idref="oc-fd"/>
      </symbol>
      <symbol id="sm-593">
         <name>__remlli</name>
         <value>0x26427</value>
         <object_component_ref idref="oc-fd"/>
      </symbol>
      <symbol id="sm-594">
         <name>__divlli</name>
         <value>0x26602</value>
         <object_component_ref idref="oc-fd"/>
      </symbol>
      <symbol id="sm-595">
         <name>__remull</name>
         <value>0x263d9</value>
         <object_component_ref idref="oc-fd"/>
      </symbol>
      <symbol id="sm-5a7">
         <name>_add_device</name>
         <value>0x24cd4</value>
         <object_component_ref idref="oc-101"/>
      </symbol>
      <symbol id="sm-5a8">
         <name>_rename</name>
         <value>0x249f6</value>
         <object_component_ref idref="oc-101"/>
      </symbol>
      <symbol id="sm-5a9">
         <name>_read</name>
         <value>0x24a85</value>
         <object_component_ref idref="oc-101"/>
      </symbol>
      <symbol id="sm-5aa">
         <name>_unlink</name>
         <value>0x249c3</value>
         <object_component_ref idref="oc-101"/>
      </symbol>
      <symbol id="sm-5ab">
         <name>_remove_device</name>
         <value>0x24a4f</value>
         <object_component_ref idref="oc-101"/>
      </symbol>
      <symbol id="sm-5ac">
         <name>_open</name>
         <value>0x24b33</value>
         <object_component_ref idref="oc-101"/>
      </symbol>
      <symbol id="sm-5ad">
         <name>_find_registered_device</name>
         <value>0x24c58</value>
         <object_component_ref idref="oc-101"/>
      </symbol>
      <symbol id="sm-5ae">
         <name>_lseek</name>
         <value>0x24bf2</value>
         <object_component_ref idref="oc-101"/>
      </symbol>
      <symbol id="sm-5af">
         <name>_close</name>
         <value>0x24c61</value>
         <object_component_ref idref="oc-101"/>
      </symbol>
      <symbol id="sm-5b0">
         <name>_write</name>
         <value>0x24881</value>
         <object_component_ref idref="oc-101"/>
      </symbol>
      <symbol id="sm-5ba">
         <name>_ltoa</name>
         <value>0x27e10</value>
         <object_component_ref idref="oc-107"/>
      </symbol>
      <symbol id="sm-5c5">
         <name>_memccpy</name>
         <value>0x285ae</value>
         <object_component_ref idref="oc-10b"/>
      </symbol>
      <symbol id="sm-5cd">
         <name>_memcpy</name>
         <value>0x284a9</value>
         <object_component_ref idref="oc-10f"/>
      </symbol>
      <symbol id="sm-5d7">
         <name>__remli</name>
         <value>0x28416</value>
         <object_component_ref idref="oc-113"/>
      </symbol>
      <symbol id="sm-5e1">
         <name>__subd</name>
         <value>0x285eb</value>
         <object_component_ref idref="oc-117"/>
      </symbol>
      <symbol id="sm-5ed">
         <name>_HOSTopen</name>
         <value>0x250cf</value>
         <object_component_ref idref="oc-11b"/>
      </symbol>
      <symbol id="sm-5ee">
         <name>_HOSTread</name>
         <value>0x25042</value>
         <object_component_ref idref="oc-11b"/>
      </symbol>
      <symbol id="sm-5ef">
         <name>_HOSTtime</name>
         <value>0x24f36</value>
         <object_component_ref idref="oc-11b"/>
      </symbol>
      <symbol id="sm-5f0">
         <name>_getenv</name>
         <value>0x24dc4</value>
         <object_component_ref idref="oc-11b"/>
      </symbol>
      <symbol id="sm-5f1">
         <name>_HOSTrename</name>
         <value>0x24f94</value>
         <object_component_ref idref="oc-11b"/>
      </symbol>
      <symbol id="sm-5f2">
         <name>_HOSTclock</name>
         <value>0x2528e</value>
         <object_component_ref idref="oc-11b"/>
      </symbol>
      <symbol id="sm-5f3">
         <name>_HOSTwrite</name>
         <value>0x24e3f</value>
         <object_component_ref idref="oc-11b"/>
      </symbol>
      <symbol id="sm-5f4">
         <name>_HOSTlseek</name>
         <value>0x2516e</value>
         <object_component_ref idref="oc-11b"/>
      </symbol>
      <symbol id="sm-5f5">
         <name>_HOSTunlink</name>
         <value>0x24ecc</value>
         <object_component_ref idref="oc-11b"/>
      </symbol>
      <symbol id="sm-5f6">
         <name>_HOSTclose</name>
         <value>0x25223</value>
         <object_component_ref idref="oc-11b"/>
      </symbol>
      <symbol id="sm-608">
         <name>C$$IO$$</name>
         <value>0x27b23</value>
         <object_component_ref idref="oc-123"/>
      </symbol>
      <symbol id="sm-609">
         <name>__CIOBUF_</name>
         <value>0x40000</value>
         <object_component_ref idref="oc-122"/>
      </symbol>
      <symbol id="sm-60a">
         <name>_readmsg</name>
         <value>0x2813f</value>
         <object_component_ref idref="oc-120"/>
      </symbol>
      <symbol id="sm-60b">
         <name>_writemsg</name>
         <value>0x27a6e</value>
         <object_component_ref idref="oc-123"/>
      </symbol>
      <symbol id="sm-613">
         <name>__remu</name>
         <value>0x28599</value>
         <object_component_ref idref="oc-126"/>
      </symbol>
      <symbol id="sm-614">
         <name>__divu</name>
         <value>0x28584</value>
         <object_component_ref idref="oc-126"/>
      </symbol>
      <symbol id="sm-615">
         <name>I$$UMOD</name>
         <value>0x28599</value>
         <object_component_ref idref="oc-126"/>
      </symbol>
      <symbol id="sm-616">
         <name>I$$UDIV</name>
         <value>0x28584</value>
         <object_component_ref idref="oc-126"/>
      </symbol>
      <symbol id="sm-620">
         <name>__rd_ok</name>
         <value>0x277c0</value>
         <object_component_ref idref="oc-12a"/>
      </symbol>
      <symbol id="sm-621">
         <name>__wrt_ok</name>
         <value>0x27740</value>
         <object_component_ref idref="oc-12a"/>
      </symbol>
      <symbol id="sm-62b">
         <name>__divli</name>
         <value>0x28461</value>
         <object_component_ref idref="oc-12e"/>
      </symbol>
      <symbol id="sm-635">
         <name>__doflush</name>
         <value>0x279ac</value>
         <object_component_ref idref="oc-132"/>
      </symbol>
      <symbol id="sm-636">
         <name>_fflush</name>
         <value>0x27a15</value>
         <object_component_ref idref="oc-132"/>
      </symbol>
      <symbol id="sm-640">
         <name>_fseek</name>
         <value>0x281ac</value>
         <object_component_ref idref="oc-136"/>
      </symbol>
      <symbol id="sm-64a">
         <name>_setvbuf</name>
         <value>0x2765a</value>
         <object_component_ref idref="oc-13a"/>
      </symbol>
      <symbol id="sm-659">
         <name>__cleanup</name>
         <value>0x2627b</value>
         <object_component_ref idref="oc-13e"/>
      </symbol>
      <symbol id="sm-65a">
         <name>_fopen</name>
         <value>0x2639e</value>
         <object_component_ref idref="oc-13e"/>
      </symbol>
      <symbol id="sm-65b">
         <name>_freopen</name>
         <value>0x262d5</value>
         <object_component_ref idref="oc-13e"/>
      </symbol>
      <symbol id="sm-66b">
         <name>__sys_memory</name>
         <value>0x30c0</value>
         <object_component_ref idref="oc-148"/>
      </symbol>
      <symbol id="sm-66c">
         <name>_chkheap</name>
         <value>0x25773</value>
         <object_component_ref idref="oc-144"/>
      </symbol>
      <symbol id="sm-66d">
         <name>_realloc</name>
         <value>0x25512</value>
         <object_component_ref idref="oc-144"/>
      </symbol>
      <symbol id="sm-66e">
         <name>_free_memory</name>
         <value>0x2571d</value>
         <object_component_ref idref="oc-144"/>
      </symbol>
      <symbol id="sm-66f">
         <name>_max_free</name>
         <value>0x256c3</value>
         <object_component_ref idref="oc-144"/>
      </symbol>
      <symbol id="sm-670">
         <name>_free</name>
         <value>0x252ec</value>
         <object_component_ref idref="oc-144"/>
      </symbol>
      <symbol id="sm-671">
         <name>_calloc</name>
         <value>0x2577b</value>
         <object_component_ref idref="oc-144"/>
      </symbol>
      <symbol id="sm-672">
         <name>_malloc</name>
         <value>0x2541d</value>
         <object_component_ref idref="oc-144"/>
      </symbol>
      <symbol id="sm-673">
         <name>_minit</name>
         <value>0x253b8</value>
         <object_component_ref idref="oc-144"/>
      </symbol>
      <symbol id="sm-67d">
         <name>_fclose</name>
         <value>0x27e8d</value>
         <object_component_ref idref="oc-14b"/>
      </symbol>
      <symbol id="sm-687">
         <name>_remove</name>
         <value>0x28645</value>
         <object_component_ref idref="oc-14f"/>
      </symbol>
   </symbol_table>
</link_info>
